MariaDB [(none)]> show databases;
+--------------------+
| Database           |
+--------------------+
| information_schema |
| mysql              |
| performance_schema |
| phpmyadmin         |
| test               |
+--------------------+
5 rows in set (0.05 sec)

MariaDB [(none)]> create database csd2204;
Query OK, 1 row affected (0.03 sec)

MariaDB [(none)]> use csd2204;
Database changed
MariaDB [csd2204]> CREATE TABLE IF NOT EXISTS `departments` (
    ->   `DEPARTMENT_ID` decimal(4,0) NOT NULL DEFAULT '0',
    ->   `DEPARTMENT_NAME` varchar(30) NOT NULL,
    ->   `MANAGER_ID` decimal(6,0) DEFAULT NULL,
    ->   `LOCATION_ID` decimal(4,0) DEFAULT NULL,
    ->   PRIMARY KEY (`DEPARTMENT_ID`),
    ->   KEY `DEPT_MGR_FK` (`MANAGER_ID`),
    ->   KEY `DEPT_LOCATION_IX` (`LOCATION_ID`)
    -> ) ENGINE=MyISAM DEFAULT CHARSET=latin1;
Query OK, 0 rows affected (0.36 sec)

MariaDB [csd2204]> 
MariaDB [csd2204]> INSERT INTO `departments` (`DEPARTMENT_ID`, `DEPARTMENT_NAME`, `MANAGER_ID`, `LOCATION_ID`) VALUES
    -> ('10', 'Administration', '200', '1700'),
    -> ('20', 'Marketing', '201', '1800'),
    -> ('30', 'Purchasing', '114', '1700'),
    -> ('40', 'Human Resources', '203', '2400'),
    -> ('50', 'Shipping', '121', '1500'),
    -> ('60', 'IT', '103', '1400'),
    -> ('70', 'Public Relations', '204', '2700'),
    -> ('80', 'Sales', '145', '2500'),
    -> ('90', 'Executive', '100', '1700'),
    -> ('100', 'Finance', '108', '1700'),
    -> ('110', 'Accounting', '205', '1700'),
    -> ('120', 'Treasury', '0', '1700'),
    -> ('130', 'Corporate Tax', '0', '1700'),
    -> ('140', 'Control And Credit', '0', '1700'),
    -> ('150', 'Shareholder Services', '0', '1700'),
    -> ('160', 'Benefits', '0', '1700'),
    -> ('170', 'Manufacturing', '0', '1700'),
    -> ('180', 'Construction', '0', '1700'),
    -> ('190', 'Contracting', '0', '1700'),
    -> ('200', 'Operations', '0', '1700'),
    -> ('210', 'IT Support', '0', '1700'),
    -> ('220', 'NOC', '0', '1700'),
    -> ('230', 'IT Helpdesk', '0', '1700'),
    -> ('240', 'Government Sales', '0', '1700'),
    -> ('250', 'Retail Sales', '0', '1700'),
    -> ('260', 'Recruiting', '0', '1700'),
    -> ('270', 'Payroll', '0', '1700');
Query OK, 27 rows affected (0.00 sec)
Records: 27  Duplicates: 0  Warnings: 0

MariaDB [csd2204]> CREATE TABLE IF NOT EXISTS `employees` (
    ->   `EMPLOYEE_ID` decimal(6,0) NOT NULL DEFAULT '0',
    ->   `FIRST_NAME` varchar(20) DEFAULT NULL,
    ->   `LAST_NAME` varchar(25) NOT NULL,
    ->   `EMAIL` varchar(25) NOT NULL,
    ->   `PHONE_NUMBER` varchar(20) DEFAULT NULL,
    ->   `HIRE_DATE` date NOT NULL,
    ->   `JOB_ID` varchar(10) NOT NULL,
    ->   `SALARY` decimal(8,2) DEFAULT NULL,
    ->   `COMMISSION_PCT` decimal(2,2) DEFAULT NULL,
    ->   `MANAGER_ID` decimal(6,0) DEFAULT NULL,
    ->   `DEPARTMENT_ID` decimal(4,0) DEFAULT NULL,
    ->   PRIMARY KEY (`EMPLOYEE_ID`),
    ->   UNIQUE KEY `EMP_EMAIL_UK` (`EMAIL`),
    ->   KEY `EMP_DEPARTMENT_IX` (`DEPARTMENT_ID`),
    ->   KEY `EMP_JOB_IX` (`JOB_ID`),
    ->   KEY `EMP_MANAGER_IX` (`MANAGER_ID`),
    ->   KEY `EMP_NAME_IX` (`LAST_NAME`,`FIRST_NAME`)
    -> ) ENGINE=MyISAM DEFAULT CHARSET=latin1;
Query OK, 0 rows affected (0.29 sec)

MariaDB [csd2204]> INSERT INTO `employees` (`EMPLOYEE_ID`, `FIRST_NAME`, `LAST_NAME`, `EMAIL`, `PHONE_NUMBER`, `HIRE_DATE`, `JOB_ID`, `SALARY`, `COMMISSION_PCT`, `MANAGER_ID`, `DEPARTMENT_ID`) VALUES
    -> ('100', 'Steven', 'King', 'SKING', '515.123.4567', '1987-06-17', 'AD_PRES', '24000.00', '0.00', '0', '90'),
    -> ('101', 'Neena', 'Kochhar', 'NKOCHHAR', '515.123.4568', '1987-06-18', 'AD_VP', '17000.00', '0.00', '100', '90'),
    -> ('102', 'Lex', 'De Haan', 'LDEHAAN', '515.123.4569', '1987-06-19', 'AD_VP', '17000.00', '0.00', '100', '90'),
    -> ('103', 'Alexander', 'Hunold', 'AHUNOLD', '590.423.4567', '1987-06-20', 'IT_PROG', '9000.00', '0.00', '102', '60'),
    -> ('104', 'Bruce', 'Ernst', 'BERNST', '590.423.4568', '1987-06-21', 'IT_PROG', '6000.00', '0.00', '103', '60'),
    -> ('105', 'David', 'Austin', 'DAUSTIN', '590.423.4569', '1987-06-22', 'IT_PROG', '4800.00', '0.00', '103', '60'),
    -> ('106', 'Valli', 'Pataballa', 'VPATABAL', '590.423.4560', '1987-06-23', 'IT_PROG', '4800.00', '0.00', '103', '60'),
    -> ('107', 'Diana', 'Lorentz', 'DLORENTZ', '590.423.5567', '1987-06-24', 'IT_PROG', '4200.00', '0.00', '103', '60'),
    -> ('108', 'Nancy', 'Greenberg', 'NGREENBE', '515.124.4569', '1987-06-25', 'FI_MGR', '12000.00', '0.00', '101', '100'),
    -> ('109', 'Daniel', 'Faviet', 'DFAVIET', '515.124.4169', '1987-06-26', 'FI_ACCOUNT', '9000.00', '0.00', '108', '100'),
    -> ('110', 'John', 'Chen', 'JCHEN', '515.124.4269', '1987-06-27', 'FI_ACCOUNT', '8200.00', '0.00', '108', '100'),
    -> ('111', 'Ismael', 'Sciarra', 'ISCIARRA', '515.124.4369', '1987-06-28', 'FI_ACCOUNT', '7700.00', '0.00', '108', '100'),
    -> ('112', 'Jose Manuel', 'Urman', 'JMURMAN', '515.124.4469', '1987-06-29', 'FI_ACCOUNT', '7800.00', '0.00', '108', '100'),
    -> ('113', 'Luis', 'Popp', 'LPOPP', '515.124.4567', '1987-06-30', 'FI_ACCOUNT', '6900.00', '0.00', '108', '100'),
    -> ('114', 'Den', 'Raphaely', 'DRAPHEAL', '515.127.4561', '1987-07-01', 'PU_MAN', '11000.00', '0.00', '100', '30'),
    -> ('115', 'Alexander', 'Khoo', 'AKHOO', '515.127.4562', '1987-07-02', 'PU_CLERK', '3100.00', '0.00', '114', '30'),
    -> ('116', 'Shelli', 'Baida', 'SBAIDA', '515.127.4563', '1987-07-03', 'PU_CLERK', '2900.00', '0.00', '114', '30'),
    -> ('117', 'Sigal', 'Tobias', 'STOBIAS', '515.127.4564', '1987-07-04', 'PU_CLERK', '2800.00', '0.00', '114', '30'),
    -> ('118', 'Guy', 'Himuro', 'GHIMURO', '515.127.4565', '1987-07-05', 'PU_CLERK', '2600.00', '0.00', '114', '30'),
    -> ('119', 'Karen', 'Colmenares', 'KCOLMENA', '515.127.4566', '1987-07-06', 'PU_CLERK', '2500.00', '0.00', '114', '30'),
    -> ('120', 'Matthew', 'Weiss', 'MWEISS', '650.123.1234', '1987-07-07', 'ST_MAN', '8000.00', '0.00', '100', '50'),
    -> ('121', 'Adam', 'Fripp', 'AFRIPP', '650.123.2234', '1987-07-08', 'ST_MAN', '8200.00', '0.00', '100', '50'),
    -> ('122', 'Payam', 'Kaufling', 'PKAUFLIN', '650.123.3234', '1987-07-09', 'ST_MAN', '7900.00', '0.00', '100', '50'),
    -> ('123', 'Shanta', 'Vollman', 'SVOLLMAN', '650.123.4234', '1987-07-10', 'ST_MAN', '6500.00', '0.00', '100', '50'),
    -> ('124', 'Kevin', 'Mourgos', 'KMOURGOS', '650.123.5234', '1987-07-11', 'ST_MAN', '5800.00', '0.00', '100', '50'),
    -> ('125', 'Julia', 'Nayer', 'JNAYER', '650.124.1214', '1987-07-12', 'ST_CLERK', '3200.00', '0.00', '120', '50'),
    -> ('126', 'Irene', 'Mikkilineni', 'IMIKKILI', '650.124.1224', '1987-07-13', 'ST_CLERK', '2700.00', '0.00', '120', '50'),
    -> ('127', 'James', 'Landry', 'JLANDRY', '650.124.1334', '1987-07-14', 'ST_CLERK', '2400.00', '0.00', '120', '50'),
    -> ('128', 'Steven', 'Markle', 'SMARKLE', '650.124.1434', '1987-07-15', 'ST_CLERK', '2200.00', '0.00', '120', '50'),
    -> ('129', 'Laura', 'Bissot', 'LBISSOT', '650.124.5234', '1987-07-16', 'ST_CLERK', '3300.00', '0.00', '121', '50'),
    -> ('130', 'Mozhe', 'Atkinson', 'MATKINSO', '650.124.6234', '1987-07-17', 'ST_CLERK', '2800.00', '0.00', '121', '50'),
    -> ('131', 'James', 'Marlow', 'JAMRLOW', '650.124.7234', '1987-07-18', 'ST_CLERK', '2500.00', '0.00', '121', '50'),
    -> ('132', 'TJ', 'Olson', 'TJOLSON', '650.124.8234', '1987-07-19', 'ST_CLERK', '2100.00', '0.00', '121', '50'),
    -> ('133', 'Jason', 'Mallin', 'JMALLIN', '650.127.1934', '1987-07-20', 'ST_CLERK', '3300.00', '0.00', '122', '50'),
    -> ('134', 'Michael', 'Rogers', 'MROGERS', '650.127.1834', '1987-07-21', 'ST_CLERK', '2900.00', '0.00', '122', '50'),
    -> ('135', 'Ki', 'Gee', 'KGEE', '650.127.1734', '1987-07-22', 'ST_CLERK', '2400.00', '0.00', '122', '50'),
    -> ('136', 'Hazel', 'Philtanker', 'HPHILTAN', '650.127.1634', '1987-07-23', 'ST_CLERK', '2200.00', '0.00', '122', '50'),
    -> ('137', 'Renske', 'Ladwig', 'RLADWIG', '650.121.1234', '1987-07-24', 'ST_CLERK', '3600.00', '0.00', '123', '50'),
    -> ('138', 'Stephen', 'Stiles', 'SSTILES', '650.121.2034', '1987-07-25', 'ST_CLERK', '3200.00', '0.00', '123', '50'),
    -> ('139', 'John', 'Seo', 'JSEO', '650.121.2019', '1987-07-26', 'ST_CLERK', '2700.00', '0.00', '123', '50'),
    -> ('140', 'Joshua', 'Patel', 'JPATEL', '650.121.1834', '1987-07-27', 'ST_CLERK', '2500.00', '0.00', '123', '50'),
    -> ('141', 'Trenna', 'Rajs', 'TRAJS', '650.121.8009', '1987-07-28', 'ST_CLERK', '3500.00', '0.00', '124', '50'),
    -> ('142', 'Curtis', 'Davies', 'CDAVIES', '650.121.2994', '1987-07-29', 'ST_CLERK', '3100.00', '0.00', '124', '50'),
    -> ('143', 'Randall', 'Matos', 'RMATOS', '650.121.2874', '1987-07-30', 'ST_CLERK', '2600.00', '0.00', '124', '50'),
    -> ('144', 'Peter', 'Vargas', 'PVARGAS', '650.121.2004', '1987-07-31', 'ST_CLERK', '2500.00', '0.00', '124', '50'),
    -> ('145', 'John', 'Russell', 'JRUSSEL', '011.44.1344.429268', '1987-08-01', 'SA_MAN', '14000.00', '0.40', '100', '80'),
    -> ('146', 'Karen', 'Partners', 'KPARTNER', '011.44.1344.467268', '1987-08-02', 'SA_MAN', '13500.00', '0.30', '100', '80'),
    -> ('147', 'Alberto', 'Errazuriz', 'AERRAZUR', '011.44.1344.429278', '1987-08-03', 'SA_MAN', '12000.00', '0.30', '100', '80'),
    -> ('148', 'Gerald', 'Cambrault', 'GCAMBRAU', '011.44.1344.619268', '1987-08-04', 'SA_MAN', '11000.00', '0.30', '100', '80'),
    -> ('149', 'Eleni', 'Zlotkey', 'EZLOTKEY', '011.44.1344.429018', '1987-08-05', 'SA_MAN', '10500.00', '0.20', '100', '80'),
    -> ('150', 'Peter', 'Tucker', 'PTUCKER', '011.44.1344.129268', '1987-08-06', 'SA_REP', '10000.00', '0.30', '145', '80'),
    -> ('151', 'David', 'Bernstein', 'DBERNSTE', '011.44.1344.345268', '1987-08-07', 'SA_REP', '9500.00', '0.25', '145', '80'),
    -> ('152', 'Peter', 'Hall', 'PHALL', '011.44.1344.478968', '1987-08-08', 'SA_REP', '9000.00', '0.25', '145', '80'),
    -> ('153', 'Christopher', 'Olsen', 'COLSEN', '011.44.1344.498718', '1987-08-09', 'SA_REP', '8000.00', '0.20', '145', '80'),
    -> ('154', 'Nanette', 'Cambrault', 'NCAMBRAU', '011.44.1344.987668', '1987-08-10', 'SA_REP', '7500.00', '0.20', '145', '80'),
    -> ('155', 'Oliver', 'Tuvault', 'OTUVAULT', '011.44.1344.486508', '1987-08-11', 'SA_REP', '7000.00', '0.15', '145', '80'),
    -> ('156', 'Janette', 'King', 'JKING', '011.44.1345.429268', '1987-08-12', 'SA_REP', '10000.00', '0.35', '146', '80'),
    -> ('157', 'Patrick', 'Sully', 'PSULLY', '011.44.1345.929268', '1987-08-13', 'SA_REP', '9500.00', '0.35', '146', '80'),
    -> ('158', 'Allan', 'McEwen', 'AMCEWEN', '011.44.1345.829268', '1987-08-14', 'SA_REP', '9000.00', '0.35', '146', '80'),
    -> ('159', 'Lindsey', 'Smith', 'LSMITH', '011.44.1345.729268', '1987-08-15', 'SA_REP', '8000.00', '0.30', '146', '80'),
    -> ('160', 'Louise', 'Doran', 'LDORAN', '011.44.1345.629268', '1987-08-16', 'SA_REP', '7500.00', '0.30', '146', '80'),
    -> ('161', 'Sarath', 'Sewall', 'SSEWALL', '011.44.1345.529268', '1987-08-17', 'SA_REP', '7000.00', '0.25', '146', '80'),
    -> ('162', 'Clara', 'Vishney', 'CVISHNEY', '011.44.1346.129268', '1987-08-18', 'SA_REP', '10500.00', '0.25', '147', '80'),
    -> ('163', 'Danielle', 'Greene', 'DGREENE', '011.44.1346.229268', '1987-08-19', 'SA_REP', '9500.00', '0.15', '147', '80'),
    -> ('164', 'Mattea', 'Marvins', 'MMARVINS', '011.44.1346.329268', '1987-08-20', 'SA_REP', '7200.00', '0.10', '147', '80'),
    -> ('165', 'David', 'Lee', 'DLEE', '011.44.1346.529268', '1987-08-21', 'SA_REP', '6800.00', '0.10', '147', '80'),
    -> ('166', 'Sundar', 'Ande', 'SANDE', '011.44.1346.629268', '1987-08-22', 'SA_REP', '6400.00', '0.10', '147', '80'),
    -> ('167', 'Amit', 'Banda', 'ABANDA', '011.44.1346.729268', '1987-08-23', 'SA_REP', '6200.00', '0.10', '147', '80'),
    -> ('168', 'Lisa', 'Ozer', 'LOZER', '011.44.1343.929268', '1987-08-24', 'SA_REP', '11500.00', '0.25', '148', '80'),
    -> ('169', 'Harrison', 'Bloom', 'HBLOOM', '011.44.1343.829268', '1987-08-25', 'SA_REP', '10000.00', '0.20', '148', '80'),
    -> ('170', 'Tayler', 'Fox', 'TFOX', '011.44.1343.729268', '1987-08-26', 'SA_REP', '9600.00', '0.20', '148', '80'),
    -> ('171', 'William', 'Smith', 'WSMITH', '011.44.1343.629268', '1987-08-27', 'SA_REP', '7400.00', '0.15', '148', '80'),
    -> ('172', 'Elizabeth', 'Bates', 'EBATES', '011.44.1343.529268', '1987-08-28', 'SA_REP', '7300.00', '0.15', '148', '80'),
    -> ('173', 'Sundita', 'Kumar', 'SKUMAR', '011.44.1343.329268', '1987-08-29', 'SA_REP', '6100.00', '0.10', '148', '80'),
    -> ('174', 'Ellen', 'Abel', 'EABEL', '011.44.1644.429267', '1987-08-30', 'SA_REP', '11000.00', '0.30', '149', '80'),
    -> ('175', 'Alyssa', 'Hutton', 'AHUTTON', '011.44.1644.429266', '1987-08-31', 'SA_REP', '8800.00', '0.25', '149', '80'),
    -> ('176', 'Jonathon', 'Taylor', 'JTAYLOR', '011.44.1644.429265', '1987-09-01', 'SA_REP', '8600.00', '0.20', '149', '80'),
    -> ('177', 'Jack', 'Livingston', 'JLIVINGS', '011.44.1644.429264', '1987-09-02', 'SA_REP', '8400.00', '0.20', '149', '80'),
    -> ('178', 'Kimberely', 'Grant', 'KGRANT', '011.44.1644.429263', '1987-09-03', 'SA_REP', '7000.00', '0.15', '149', '0'),
    -> ('179', 'Charles', 'Johnson', 'CJOHNSON', '011.44.1644.429262', '1987-09-04', 'SA_REP', '6200.00', '0.10', '149', '80'),
    -> ('180', 'Winston', 'Taylor', 'WTAYLOR', '650.507.9876', '1987-09-05', 'SH_CLERK', '3200.00', '0.00', '120', '50'),
    -> ('181', 'Jean', 'Fleaur', 'JFLEAUR', '650.507.9877', '1987-09-06', 'SH_CLERK', '3100.00', '0.00', '120', '50'),
    -> ('182', 'Martha', 'Sullivan', 'MSULLIVA', '650.507.9878', '1987-09-07', 'SH_CLERK', '2500.00', '0.00', '120', '50'),
    -> ('183', 'Girard', 'Geoni', 'GGEONI', '650.507.9879', '1987-09-08', 'SH_CLERK', '2800.00', '0.00', '120', '50'),
    -> ('184', 'Nandita', 'Sarchand', 'NSARCHAN', '650.509.1876', '1987-09-09', 'SH_CLERK', '4200.00', '0.00', '121', '50'),
    -> ('185', 'Alexis', 'Bull', 'ABULL', '650.509.2876', '1987-09-10', 'SH_CLERK', '4100.00', '0.00', '121', '50'),
    -> ('186', 'Julia', 'Dellinger', 'JDELLING', '650.509.3876', '1987-09-11', 'SH_CLERK', '3400.00', '0.00', '121', '50'),
    -> ('187', 'Anthony', 'Cabrio', 'ACABRIO', '650.509.4876', '1987-09-12', 'SH_CLERK', '3000.00', '0.00', '121', '50'),
    -> ('188', 'Kelly', 'Chung', 'KCHUNG', '650.505.1876', '1987-09-13', 'SH_CLERK', '3800.00', '0.00', '122', '50'),
    -> ('189', 'Jennifer', 'Dilly', 'JDILLY', '650.505.2876', '1987-09-14', 'SH_CLERK', '3600.00', '0.00', '122', '50'),
    -> ('190', 'Timothy', 'Gates', 'TGATES', '650.505.3876', '1987-09-15', 'SH_CLERK', '2900.00', '0.00', '122', '50'),
    -> ('191', 'Randall', 'Perkins', 'RPERKINS', '650.505.4876', '1987-09-16', 'SH_CLERK', '2500.00', '0.00', '122', '50'),
    -> ('192', 'Sarah', 'Bell', 'SBELL', '650.501.1876', '1987-09-17', 'SH_CLERK', '4000.00', '0.00', '123', '50'),
    -> ('193', 'Britney', 'Everett', 'BEVERETT', '650.501.2876', '1987-09-18', 'SH_CLERK', '3900.00', '0.00', '123', '50'),
    -> ('194', 'Samuel', 'McCain', 'SMCCAIN', '650.501.3876', '1987-09-19', 'SH_CLERK', '3200.00', '0.00', '123', '50'),
    -> ('195', 'Vance', 'Jones', 'VJONES', '650.501.4876', '1987-09-20', 'SH_CLERK', '2800.00', '0.00', '123', '50'),
    -> ('196', 'Alana', 'Walsh', 'AWALSH', '650.507.9811', '1987-09-21', 'SH_CLERK', '3100.00', '0.00', '124', '50'),
    -> ('197', 'Kevin', 'Feeney', 'KFEENEY', '650.507.9822', '1987-09-22', 'SH_CLERK', '3000.00', '0.00', '124', '50'),
    -> ('198', 'Donald', 'OConnell', 'DOCONNEL', '650.507.9833', '1987-09-23', 'SH_CLERK', '2600.00', '0.00', '124', '50'),
    -> ('199', 'Douglas', 'Grant', 'DGRANT', '650.507.9844', '1987-09-24', 'SH_CLERK', '2600.00', '0.00', '124', '50'),
    -> ('200', 'Jennifer', 'Whalen', 'JWHALEN', '515.123.4444', '1987-09-25', 'AD_ASST', '4400.00', '0.00', '101', '10'),
    -> ('201', 'Michael', 'Hartstein', 'MHARTSTE', '515.123.5555', '1987-09-26', 'MK_MAN', '13000.00', '0.00', '100', '20'),
    -> ('202', 'Pat', 'Fay', 'PFAY', '603.123.6666', '1987-09-27', 'MK_REP', '6000.00', '0.00', '201', '20'),
    -> ('203', 'Susan', 'Mavris', 'SMAVRIS', '515.123.7777', '1987-09-28', 'HR_REP', '6500.00', '0.00', '101', '40'),
    -> ('204', 'Hermann', 'Baer', 'HBAER', '515.123.8888', '1987-09-29', 'PR_REP', '10000.00', '0.00', '101', '70'),
    -> ('205', 'Shelley', 'Higgins', 'SHIGGINS', '515.123.8080', '1987-09-30', 'AC_MGR', '12000.00', '0.00', '101', '110'),
    -> ('206', 'William', 'Gietz', 'WGIETZ', '515.123.8181', '1987-10-01', 'AC_ACCOUNT', '8300.00', '0.00', '205', '110');
Query OK, 107 rows affected (0.02 sec)
Records: 107  Duplicates: 0  Warnings: 0

MariaDB [csd2204]> CREATE TABLE IF NOT EXISTS `job_history` (
    ->   `EMPLOYEE_ID` decimal(6,0) NOT NULL,
    ->   `START_DATE` date NOT NULL,
    ->   `END_DATE` date NOT NULL,
    ->   `JOB_ID` varchar(10) NOT NULL,
    ->   `DEPARTMENT_ID` decimal(4,0) DEFAULT NULL,
    ->   PRIMARY KEY (`EMPLOYEE_ID`,`START_DATE`),
    ->   KEY `JHIST_DEPARTMENT_IX` (`DEPARTMENT_ID`),
    ->   KEY `JHIST_EMPLOYEE_IX` (`EMPLOYEE_ID`),
    ->   KEY `JHIST_JOB_IX` (`JOB_ID`)
    -> ) ENGINE=MyISAM DEFAULT CHARSET=latin1;
Query OK, 0 rows affected (0.20 sec)

MariaDB [csd2204]> INSERT INTO `job_history` (`EMPLOYEE_ID`, `START_DATE`, `END_DATE`, `JOB_ID`, `DEPARTMENT_ID`) VALUES
    -> ('102', '1993-01-13', '1998-07-24', 'IT_PROG', '60'),
    -> ('101', '1989-09-21', '1993-10-27', 'AC_ACCOUNT', '110'),
    -> ('101', '1993-10-28', '1997-03-15', 'AC_MGR', '110'),
    -> ('201', '1996-02-17', '1999-12-19', 'MK_REP', '20'),
    -> ('114', '1998-03-24', '1999-12-31', 'ST_CLERK', '50'),
    -> ('122', '1999-01-01', '1999-12-31', 'ST_CLERK', '50'),
    -> ('200', '1987-09-17', '1993-06-17', 'AD_ASST', '90'),
    -> ('176', '1998-03-24', '1998-12-31', 'SA_REP', '80'),
    -> ('176', '1999-01-01', '1999-12-31', 'SA_MAN', '80'),
    -> ('200', '1994-07-01', '1998-12-31', 'AC_ACCOUNT', '90'),
    -> ('0', '0000-00-00', '0000-00-00', '', '0');
Query OK, 11 rows affected (0.00 sec)
Records: 11  Duplicates: 0  Warnings: 0

MariaDB [csd2204]> CREATE TABLE IF NOT EXISTS `jobs` (
    ->   `JOB_ID` varchar(10) NOT NULL DEFAULT '',
    ->   `JOB_TITLE` varchar(35) NOT NULL,
    ->   `MIN_SALARY` decimal(6,0) DEFAULT NULL,
    ->   `MAX_SALARY` decimal(6,0) DEFAULT NULL,
    ->   PRIMARY KEY (`JOB_ID`)
    -> ) ENGINE=MyISAM DEFAULT CHARSET=latin1;
Query OK, 0 rows affected (0.41 sec)

MariaDB [csd2204]> INSERT INTO `jobs` (`JOB_ID`, `JOB_TITLE`, `MIN_SALARY`, `MAX_SALARY`) VALUES
    -> ('AD_PRES', 'President', '20000', '40000'),
    -> ('AD_VP', 'Administration Vice President', '15000', '30000'),
    -> ('AD_ASST', 'Administration Assistant', '3000', '6000'),
    -> ('FI_MGR', 'Finance Manager', '8200', '16000'),
    -> ('FI_ACCOUNT', 'Accountant', '4200', '9000'),
    -> ('AC_MGR', 'Accounting Manager', '8200', '16000'),
    -> ('AC_ACCOUNT', 'Public Accountant', '4200', '9000'),
    -> ('SA_MAN', 'Sales Manager', '10000', '20000'),
    -> ('SA_REP', 'Sales Representative', '6000', '12000'),
    -> ('PU_MAN', 'Purchasing Manager', '8000', '15000'),
    -> ('PU_CLERK', 'Purchasing Clerk', '2500', '5500'),
    -> ('ST_MAN', 'Stock Manager', '5500', '8500'),
    -> ('ST_CLERK', 'Stock Clerk', '2000', '5000'),
    -> ('SH_CLERK', 'Shipping Clerk', '2500', '5500'),
    -> ('IT_PROG', 'Programmer', '4000', '10000'),
    -> ('MK_MAN', 'Marketing Manager', '9000', '15000'),
    -> ('MK_REP', 'Marketing Representative', '4000', '9000'),
    -> ('HR_REP', 'Human Resources Representative', '4000', '9000'),
    -> ('PR_REP', 'Public Relations Representative', '4500', '10500');
Query OK, 19 rows affected (0.02 sec)
Records: 19  Duplicates: 0  Warnings: 0

MariaDB [csd2204]> CREATE TABLE IF NOT EXISTS `locations` (
    ->   `LOCATION_ID` decimal(4,0) NOT NULL DEFAULT '0',
    ->   `STREET_ADDRESS` varchar(40) DEFAULT NULL,
    ->   `POSTAL_CODE` varchar(12) DEFAULT NULL,
    ->   `CITY` varchar(30) NOT NULL,
    ->   `STATE_PROVINCE` varchar(25) DEFAULT NULL,
    ->   `COUNTRY_ID` varchar(2) DEFAULT NULL,
    ->   PRIMARY KEY (`LOCATION_ID`),
    ->   KEY `LOC_CITY_IX` (`CITY`),
    ->   KEY `LOC_COUNTRY_IX` (`COUNTRY_ID`),
    ->   KEY `LOC_STATE_PROVINCE_IX` (`STATE_PROVINCE`)
    -> ) ENGINE=MyISAM DEFAULT CHARSET=latin1;
Query OK, 0 rows affected (0.32 sec)

MariaDB [csd2204]> INSERT INTO `locations` (`LOCATION_ID`, `STREET_ADDRESS`, `POSTAL_CODE`, `CITY`, `STATE_PROVINCE`, `COUNTRY_ID`) VALUES
    -> ('1000', '1297 Via Cola di Rie', '989', 'Roma', '', 'IT'),
    -> ('1100', '93091 Calle della Testa', '10934', 'Venice', '', 'IT'),
    -> ('1200', '2017 Shinjuku-ku', '1689', 'Tokyo', 'Tokyo Prefecture', 'JP'),
    -> ('1300', '9450 Kamiya-cho', '6823', 'Hiroshima', '', 'JP'),
    -> ('1400', '2014 Jabberwocky Rd', '26192', 'Southlake', 'Texas', 'US'),
    -> ('1500', '2011 Interiors Blvd', '99236', 'South San Francisco', 'California', 'US'),
    -> ('1600', '2007 Zagora St', '50090', 'South Brunswick', 'New Jersey', 'US'),
    -> ('1700', '2004 Charade Rd', '98199', 'Seattle', 'Washington', 'US'),
    -> ('1800', '147 Spadina Ave', 'M5V 2L7', 'Toronto', 'Ontario', 'CA'),
    -> ('1900', '6092 Boxwood St', 'YSW 9T2', 'Whitehorse', 'Yukon', 'CA'),
    -> ('2000', '40-5-12 Laogianggen', '190518', 'Beijing', '', 'CN'),
    -> ('2100', '1298 Vileparle (E)', '490231', 'Bombay', 'Maharashtra', 'IN'),
    -> ('2200', '12-98 Victoria Street', '2901', 'Sydney', 'New South Wales', 'AU'),
    -> ('2300', '198 Clementi North', '540198', 'Singapore', '', 'SG'),
    -> ('2400', '8204 Arthur St', '', 'London', '', 'UK'),
    -> ('2500', '"Magdalen Centre', ' The Oxford ', 'OX9 9ZB', 'Oxford', 'Ox'),
    -> ('2600', '9702 Chester Road', '9629850293', 'Stretford', 'Manchester', 'UK'),
    -> ('2700', 'Schwanthalerstr. 7031', '80925', 'Munich', 'Bavaria', 'DE'),
    -> ('2800', 'Rua Frei Caneca 1360', '01307-002', 'Sao Paulo', 'Sao Paulo', 'BR'),
    -> ('2900', '20 Rue des Corps-Saints', '1730', 'Geneva', 'Geneve', 'CH'),
    -> ('3000', 'Murtenstrasse 921', '3095', 'Bern', 'BE', 'CH'),
    -> ('3100', 'Pieter Breughelstraat 837', '3029SK', 'Utrecht', 'Utrecht', 'NL'),
    -> ('3200', 'Mariano Escobedo 9991', '11932', 'Mexico City', '"Distrito Federal', '"');
Query OK, 23 rows affected (0.04 sec)
Records: 23  Duplicates: 0  Warnings: 0

MariaDB [csd2204]> CREATE TABLE IF NOT EXISTS `regions` (
    ->   `REGION_ID` decimal(5,0) NOT NULL,
    ->   `REGION_NAME` varchar(25) DEFAULT NULL,
    ->   PRIMARY KEY (`REGION_ID`),
    ->   UNIQUE KEY `sss` (`REGION_NAME`)
    -> ) ENGINE=MyISAM DEFAULT CHARSET=latin1;
Query OK, 0 rows affected (0.28 sec)

MariaDB [csd2204]> INSERT INTO `regions` (`REGION_ID`, `REGION_NAME`) VALUES
    -> ('1', 'Europe\r'),
    -> ('2', 'Americas\r'),
    -> ('3', 'Asia\r'),
    -> ('4', 'Middle East and Africa\r');
Query OK, 4 rows affected (0.00 sec)
Records: 4  Duplicates: 0  Warnings: 0

MariaDB [csd2204]> show tables;
+-------------------+
| Tables_in_csd2204 |
+-------------------+
| departments       |
| employees         |
| job_history       |
| jobs              |
| locations         |
| regions           |
+-------------------+
6 rows in set (0.00 sec)

MariaDB [csd2204]> select * from employees;
+-------------+-------------+-------------+----------+--------------------+------------+------------+----------+----------------+------------+---------------+
| EMPLOYEE_ID | FIRST_NAME  | LAST_NAME   | EMAIL    | PHONE_NUMBER       | HIRE_DATE  | JOB_ID     | SALARY   | COMMISSION_PCT | MANAGER_ID | DEPARTMENT_ID |
+-------------+-------------+-------------+----------+--------------------+------------+------------+----------+----------------+------------+---------------+
|         100 | Steven      | King        | SKING    | 515.123.4567       | 1987-06-17 | AD_PRES    | 24000.00 |           0.00 |          0 |            90 |
|         101 | Neena       | Kochhar     | NKOCHHAR | 515.123.4568       | 1987-06-18 | AD_VP      | 17000.00 |           0.00 |        100 |            90 |
|         102 | Lex         | De Haan     | LDEHAAN  | 515.123.4569       | 1987-06-19 | AD_VP      | 17000.00 |           0.00 |        100 |            90 |
|         103 | Alexander   | Hunold      | AHUNOLD  | 590.423.4567       | 1987-06-20 | IT_PROG    |  9000.00 |           0.00 |        102 |            60 |
|         104 | Bruce       | Ernst       | BERNST   | 590.423.4568       | 1987-06-21 | IT_PROG    |  6000.00 |           0.00 |        103 |            60 |
|         105 | David       | Austin      | DAUSTIN  | 590.423.4569       | 1987-06-22 | IT_PROG    |  4800.00 |           0.00 |        103 |            60 |
|         106 | Valli       | Pataballa   | VPATABAL | 590.423.4560       | 1987-06-23 | IT_PROG    |  4800.00 |           0.00 |        103 |            60 |
|         107 | Diana       | Lorentz     | DLORENTZ | 590.423.5567       | 1987-06-24 | IT_PROG    |  4200.00 |           0.00 |        103 |            60 |
|         108 | Nancy       | Greenberg   | NGREENBE | 515.124.4569       | 1987-06-25 | FI_MGR     | 12000.00 |           0.00 |        101 |           100 |
|         109 | Daniel      | Faviet      | DFAVIET  | 515.124.4169       | 1987-06-26 | FI_ACCOUNT |  9000.00 |           0.00 |        108 |           100 |
|         110 | John        | Chen        | JCHEN    | 515.124.4269       | 1987-06-27 | FI_ACCOUNT |  8200.00 |           0.00 |        108 |           100 |
|         111 | Ismael      | Sciarra     | ISCIARRA | 515.124.4369       | 1987-06-28 | FI_ACCOUNT |  7700.00 |           0.00 |        108 |           100 |
|         112 | Jose Manuel | Urman       | JMURMAN  | 515.124.4469       | 1987-06-29 | FI_ACCOUNT |  7800.00 |           0.00 |        108 |           100 |
|         113 | Luis        | Popp        | LPOPP    | 515.124.4567       | 1987-06-30 | FI_ACCOUNT |  6900.00 |           0.00 |        108 |           100 |
|         114 | Den         | Raphaely    | DRAPHEAL | 515.127.4561       | 1987-07-01 | PU_MAN     | 11000.00 |           0.00 |        100 |            30 |
|         115 | Alexander   | Khoo        | AKHOO    | 515.127.4562       | 1987-07-02 | PU_CLERK   |  3100.00 |           0.00 |        114 |            30 |
|         116 | Shelli      | Baida       | SBAIDA   | 515.127.4563       | 1987-07-03 | PU_CLERK   |  2900.00 |           0.00 |        114 |            30 |
|         117 | Sigal       | Tobias      | STOBIAS  | 515.127.4564       | 1987-07-04 | PU_CLERK   |  2800.00 |           0.00 |        114 |            30 |
|         118 | Guy         | Himuro      | GHIMURO  | 515.127.4565       | 1987-07-05 | PU_CLERK   |  2600.00 |           0.00 |        114 |            30 |
|         119 | Karen       | Colmenares  | KCOLMENA | 515.127.4566       | 1987-07-06 | PU_CLERK   |  2500.00 |           0.00 |        114 |            30 |
|         120 | Matthew     | Weiss       | MWEISS   | 650.123.1234       | 1987-07-07 | ST_MAN     |  8000.00 |           0.00 |        100 |            50 |
|         121 | Adam        | Fripp       | AFRIPP   | 650.123.2234       | 1987-07-08 | ST_MAN     |  8200.00 |           0.00 |        100 |            50 |
|         122 | Payam       | Kaufling    | PKAUFLIN | 650.123.3234       | 1987-07-09 | ST_MAN     |  7900.00 |           0.00 |        100 |            50 |
|         123 | Shanta      | Vollman     | SVOLLMAN | 650.123.4234       | 1987-07-10 | ST_MAN     |  6500.00 |           0.00 |        100 |            50 |
|         124 | Kevin       | Mourgos     | KMOURGOS | 650.123.5234       | 1987-07-11 | ST_MAN     |  5800.00 |           0.00 |        100 |            50 |
|         125 | Julia       | Nayer       | JNAYER   | 650.124.1214       | 1987-07-12 | ST_CLERK   |  3200.00 |           0.00 |        120 |            50 |
|         126 | Irene       | Mikkilineni | IMIKKILI | 650.124.1224       | 1987-07-13 | ST_CLERK   |  2700.00 |           0.00 |        120 |            50 |
|         127 | James       | Landry      | JLANDRY  | 650.124.1334       | 1987-07-14 | ST_CLERK   |  2400.00 |           0.00 |        120 |            50 |
|         128 | Steven      | Markle      | SMARKLE  | 650.124.1434       | 1987-07-15 | ST_CLERK   |  2200.00 |           0.00 |        120 |            50 |
|         129 | Laura       | Bissot      | LBISSOT  | 650.124.5234       | 1987-07-16 | ST_CLERK   |  3300.00 |           0.00 |        121 |            50 |
|         130 | Mozhe       | Atkinson    | MATKINSO | 650.124.6234       | 1987-07-17 | ST_CLERK   |  2800.00 |           0.00 |        121 |            50 |
|         131 | James       | Marlow      | JAMRLOW  | 650.124.7234       | 1987-07-18 | ST_CLERK   |  2500.00 |           0.00 |        121 |            50 |
|         132 | TJ          | Olson       | TJOLSON  | 650.124.8234       | 1987-07-19 | ST_CLERK   |  2100.00 |           0.00 |        121 |            50 |
|         133 | Jason       | Mallin      | JMALLIN  | 650.127.1934       | 1987-07-20 | ST_CLERK   |  3300.00 |           0.00 |        122 |            50 |
|         134 | Michael     | Rogers      | MROGERS  | 650.127.1834       | 1987-07-21 | ST_CLERK   |  2900.00 |           0.00 |        122 |            50 |
|         135 | Ki          | Gee         | KGEE     | 650.127.1734       | 1987-07-22 | ST_CLERK   |  2400.00 |           0.00 |        122 |            50 |
|         136 | Hazel       | Philtanker  | HPHILTAN | 650.127.1634       | 1987-07-23 | ST_CLERK   |  2200.00 |           0.00 |        122 |            50 |
|         137 | Renske      | Ladwig      | RLADWIG  | 650.121.1234       | 1987-07-24 | ST_CLERK   |  3600.00 |           0.00 |        123 |            50 |
|         138 | Stephen     | Stiles      | SSTILES  | 650.121.2034       | 1987-07-25 | ST_CLERK   |  3200.00 |           0.00 |        123 |            50 |
|         139 | John        | Seo         | JSEO     | 650.121.2019       | 1987-07-26 | ST_CLERK   |  2700.00 |           0.00 |        123 |            50 |
|         140 | Joshua      | Patel       | JPATEL   | 650.121.1834       | 1987-07-27 | ST_CLERK   |  2500.00 |           0.00 |        123 |            50 |
|         141 | Trenna      | Rajs        | TRAJS    | 650.121.8009       | 1987-07-28 | ST_CLERK   |  3500.00 |           0.00 |        124 |            50 |
|         142 | Curtis      | Davies      | CDAVIES  | 650.121.2994       | 1987-07-29 | ST_CLERK   |  3100.00 |           0.00 |        124 |            50 |
|         143 | Randall     | Matos       | RMATOS   | 650.121.2874       | 1987-07-30 | ST_CLERK   |  2600.00 |           0.00 |        124 |            50 |
|         144 | Peter       | Vargas      | PVARGAS  | 650.121.2004       | 1987-07-31 | ST_CLERK   |  2500.00 |           0.00 |        124 |            50 |
|         145 | John        | Russell     | JRUSSEL  | 011.44.1344.429268 | 1987-08-01 | SA_MAN     | 14000.00 |           0.40 |        100 |            80 |
|         146 | Karen       | Partners    | KPARTNER | 011.44.1344.467268 | 1987-08-02 | SA_MAN     | 13500.00 |           0.30 |        100 |            80 |
|         147 | Alberto     | Errazuriz   | AERRAZUR | 011.44.1344.429278 | 1987-08-03 | SA_MAN     | 12000.00 |           0.30 |        100 |            80 |
|         148 | Gerald      | Cambrault   | GCAMBRAU | 011.44.1344.619268 | 1987-08-04 | SA_MAN     | 11000.00 |           0.30 |        100 |            80 |
|         149 | Eleni       | Zlotkey     | EZLOTKEY | 011.44.1344.429018 | 1987-08-05 | SA_MAN     | 10500.00 |           0.20 |        100 |            80 |
|         150 | Peter       | Tucker      | PTUCKER  | 011.44.1344.129268 | 1987-08-06 | SA_REP     | 10000.00 |           0.30 |        145 |            80 |
|         151 | David       | Bernstein   | DBERNSTE | 011.44.1344.345268 | 1987-08-07 | SA_REP     |  9500.00 |           0.25 |        145 |            80 |
|         152 | Peter       | Hall        | PHALL    | 011.44.1344.478968 | 1987-08-08 | SA_REP     |  9000.00 |           0.25 |        145 |            80 |
|         153 | Christopher | Olsen       | COLSEN   | 011.44.1344.498718 | 1987-08-09 | SA_REP     |  8000.00 |           0.20 |        145 |            80 |
|         154 | Nanette     | Cambrault   | NCAMBRAU | 011.44.1344.987668 | 1987-08-10 | SA_REP     |  7500.00 |           0.20 |        145 |            80 |
|         155 | Oliver      | Tuvault     | OTUVAULT | 011.44.1344.486508 | 1987-08-11 | SA_REP     |  7000.00 |           0.15 |        145 |            80 |
|         156 | Janette     | King        | JKING    | 011.44.1345.429268 | 1987-08-12 | SA_REP     | 10000.00 |           0.35 |        146 |            80 |
|         157 | Patrick     | Sully       | PSULLY   | 011.44.1345.929268 | 1987-08-13 | SA_REP     |  9500.00 |           0.35 |        146 |            80 |
|         158 | Allan       | McEwen      | AMCEWEN  | 011.44.1345.829268 | 1987-08-14 | SA_REP     |  9000.00 |           0.35 |        146 |            80 |
|         159 | Lindsey     | Smith       | LSMITH   | 011.44.1345.729268 | 1987-08-15 | SA_REP     |  8000.00 |           0.30 |        146 |            80 |
|         160 | Louise      | Doran       | LDORAN   | 011.44.1345.629268 | 1987-08-16 | SA_REP     |  7500.00 |           0.30 |        146 |            80 |
|         161 | Sarath      | Sewall      | SSEWALL  | 011.44.1345.529268 | 1987-08-17 | SA_REP     |  7000.00 |           0.25 |        146 |            80 |
|         162 | Clara       | Vishney     | CVISHNEY | 011.44.1346.129268 | 1987-08-18 | SA_REP     | 10500.00 |           0.25 |        147 |            80 |
|         163 | Danielle    | Greene      | DGREENE  | 011.44.1346.229268 | 1987-08-19 | SA_REP     |  9500.00 |           0.15 |        147 |            80 |
|         164 | Mattea      | Marvins     | MMARVINS | 011.44.1346.329268 | 1987-08-20 | SA_REP     |  7200.00 |           0.10 |        147 |            80 |
|         165 | David       | Lee         | DLEE     | 011.44.1346.529268 | 1987-08-21 | SA_REP     |  6800.00 |           0.10 |        147 |            80 |
|         166 | Sundar      | Ande        | SANDE    | 011.44.1346.629268 | 1987-08-22 | SA_REP     |  6400.00 |           0.10 |        147 |            80 |
|         167 | Amit        | Banda       | ABANDA   | 011.44.1346.729268 | 1987-08-23 | SA_REP     |  6200.00 |           0.10 |        147 |            80 |
|         168 | Lisa        | Ozer        | LOZER    | 011.44.1343.929268 | 1987-08-24 | SA_REP     | 11500.00 |           0.25 |        148 |            80 |
|         169 | Harrison    | Bloom       | HBLOOM   | 011.44.1343.829268 | 1987-08-25 | SA_REP     | 10000.00 |           0.20 |        148 |            80 |
|         170 | Tayler      | Fox         | TFOX     | 011.44.1343.729268 | 1987-08-26 | SA_REP     |  9600.00 |           0.20 |        148 |            80 |
|         171 | William     | Smith       | WSMITH   | 011.44.1343.629268 | 1987-08-27 | SA_REP     |  7400.00 |           0.15 |        148 |            80 |
|         172 | Elizabeth   | Bates       | EBATES   | 011.44.1343.529268 | 1987-08-28 | SA_REP     |  7300.00 |           0.15 |        148 |            80 |
|         173 | Sundita     | Kumar       | SKUMAR   | 011.44.1343.329268 | 1987-08-29 | SA_REP     |  6100.00 |           0.10 |        148 |            80 |
|         174 | Ellen       | Abel        | EABEL    | 011.44.1644.429267 | 1987-08-30 | SA_REP     | 11000.00 |           0.30 |        149 |            80 |
|         175 | Alyssa      | Hutton      | AHUTTON  | 011.44.1644.429266 | 1987-08-31 | SA_REP     |  8800.00 |           0.25 |        149 |            80 |
|         176 | Jonathon    | Taylor      | JTAYLOR  | 011.44.1644.429265 | 1987-09-01 | SA_REP     |  8600.00 |           0.20 |        149 |            80 |
|         177 | Jack        | Livingston  | JLIVINGS | 011.44.1644.429264 | 1987-09-02 | SA_REP     |  8400.00 |           0.20 |        149 |            80 |
|         178 | Kimberely   | Grant       | KGRANT   | 011.44.1644.429263 | 1987-09-03 | SA_REP     |  7000.00 |           0.15 |        149 |             0 |
|         179 | Charles     | Johnson     | CJOHNSON | 011.44.1644.429262 | 1987-09-04 | SA_REP     |  6200.00 |           0.10 |        149 |            80 |
|         180 | Winston     | Taylor      | WTAYLOR  | 650.507.9876       | 1987-09-05 | SH_CLERK   |  3200.00 |           0.00 |        120 |            50 |
|         181 | Jean        | Fleaur      | JFLEAUR  | 650.507.9877       | 1987-09-06 | SH_CLERK   |  3100.00 |           0.00 |        120 |            50 |
|         182 | Martha      | Sullivan    | MSULLIVA | 650.507.9878       | 1987-09-07 | SH_CLERK   |  2500.00 |           0.00 |        120 |            50 |
|         183 | Girard      | Geoni       | GGEONI   | 650.507.9879       | 1987-09-08 | SH_CLERK   |  2800.00 |           0.00 |        120 |            50 |
|         184 | Nandita     | Sarchand    | NSARCHAN | 650.509.1876       | 1987-09-09 | SH_CLERK   |  4200.00 |           0.00 |        121 |            50 |
|         185 | Alexis      | Bull        | ABULL    | 650.509.2876       | 1987-09-10 | SH_CLERK   |  4100.00 |           0.00 |        121 |            50 |
|         186 | Julia       | Dellinger   | JDELLING | 650.509.3876       | 1987-09-11 | SH_CLERK   |  3400.00 |           0.00 |        121 |            50 |
|         187 | Anthony     | Cabrio      | ACABRIO  | 650.509.4876       | 1987-09-12 | SH_CLERK   |  3000.00 |           0.00 |        121 |            50 |
|         188 | Kelly       | Chung       | KCHUNG   | 650.505.1876       | 1987-09-13 | SH_CLERK   |  3800.00 |           0.00 |        122 |            50 |
|         189 | Jennifer    | Dilly       | JDILLY   | 650.505.2876       | 1987-09-14 | SH_CLERK   |  3600.00 |           0.00 |        122 |            50 |
|         190 | Timothy     | Gates       | TGATES   | 650.505.3876       | 1987-09-15 | SH_CLERK   |  2900.00 |           0.00 |        122 |            50 |
|         191 | Randall     | Perkins     | RPERKINS | 650.505.4876       | 1987-09-16 | SH_CLERK   |  2500.00 |           0.00 |        122 |            50 |
|         192 | Sarah       | Bell        | SBELL    | 650.501.1876       | 1987-09-17 | SH_CLERK   |  4000.00 |           0.00 |        123 |            50 |
|         193 | Britney     | Everett     | BEVERETT | 650.501.2876       | 1987-09-18 | SH_CLERK   |  3900.00 |           0.00 |        123 |            50 |
|         194 | Samuel      | McCain      | SMCCAIN  | 650.501.3876       | 1987-09-19 | SH_CLERK   |  3200.00 |           0.00 |        123 |            50 |
|         195 | Vance       | Jones       | VJONES   | 650.501.4876       | 1987-09-20 | SH_CLERK   |  2800.00 |           0.00 |        123 |            50 |
|         196 | Alana       | Walsh       | AWALSH   | 650.507.9811       | 1987-09-21 | SH_CLERK   |  3100.00 |           0.00 |        124 |            50 |
|         197 | Kevin       | Feeney      | KFEENEY  | 650.507.9822       | 1987-09-22 | SH_CLERK   |  3000.00 |           0.00 |        124 |            50 |
|         198 | Donald      | OConnell    | DOCONNEL | 650.507.9833       | 1987-09-23 | SH_CLERK   |  2600.00 |           0.00 |        124 |            50 |
|         199 | Douglas     | Grant       | DGRANT   | 650.507.9844       | 1987-09-24 | SH_CLERK   |  2600.00 |           0.00 |        124 |            50 |
|         200 | Jennifer    | Whalen      | JWHALEN  | 515.123.4444       | 1987-09-25 | AD_ASST    |  4400.00 |           0.00 |        101 |            10 |
|         201 | Michael     | Hartstein   | MHARTSTE | 515.123.5555       | 1987-09-26 | MK_MAN     | 13000.00 |           0.00 |        100 |            20 |
|         202 | Pat         | Fay         | PFAY     | 603.123.6666       | 1987-09-27 | MK_REP     |  6000.00 |           0.00 |        201 |            20 |
|         203 | Susan       | Mavris      | SMAVRIS  | 515.123.7777       | 1987-09-28 | HR_REP     |  6500.00 |           0.00 |        101 |            40 |
|         204 | Hermann     | Baer        | HBAER    | 515.123.8888       | 1987-09-29 | PR_REP     | 10000.00 |           0.00 |        101 |            70 |
|         205 | Shelley     | Higgins     | SHIGGINS | 515.123.8080       | 1987-09-30 | AC_MGR     | 12000.00 |           0.00 |        101 |           110 |
|         206 | William     | Gietz       | WGIETZ   | 515.123.8181       | 1987-10-01 | AC_ACCOUNT |  8300.00 |           0.00 |        205 |           110 |
+-------------+-------------+-------------+----------+--------------------+------------+------------+----------+----------------+------------+---------------+
107 rows in set (0.00 sec)

MariaDB [csd2204]> select * from departments;
+---------------+----------------------+------------+-------------+
| DEPARTMENT_ID | DEPARTMENT_NAME      | MANAGER_ID | LOCATION_ID |
+---------------+----------------------+------------+-------------+
|            10 | Administration       |        200 |        1700 |
|            20 | Marketing            |        201 |        1800 |
|            30 | Purchasing           |        114 |        1700 |
|            40 | Human Resources      |        203 |        2400 |
|            50 | Shipping             |        121 |        1500 |
|            60 | IT                   |        103 |        1400 |
|            70 | Public Relations     |        204 |        2700 |
|            80 | Sales                |        145 |        2500 |
|            90 | Executive            |        100 |        1700 |
|           100 | Finance              |        108 |        1700 |
|           110 | Accounting           |        205 |        1700 |
|           120 | Treasury             |          0 |        1700 |
|           130 | Corporate Tax        |          0 |        1700 |
|           140 | Control And Credit   |          0 |        1700 |
|           150 | Shareholder Services |          0 |        1700 |
|           160 | Benefits             |          0 |        1700 |
|           170 | Manufacturing        |          0 |        1700 |
|           180 | Construction         |          0 |        1700 |
|           190 | Contracting          |          0 |        1700 |
|           200 | Operations           |          0 |        1700 |
|           210 | IT Support           |          0 |        1700 |
|           220 | NOC                  |          0 |        1700 |
|           230 | IT Helpdesk          |          0 |        1700 |
|           240 | Government Sales     |          0 |        1700 |
|           250 | Retail Sales         |          0 |        1700 |
|           260 | Recruiting           |          0 |        1700 |
|           270 | Payroll              |          0 |        1700 |
+---------------+----------------------+------------+-------------+
27 rows in set (0.00 sec)

MariaDB [csd2204]> select employee_id, first_name, last_name, salary from employees;
+-------------+-------------+-------------+----------+
| employee_id | first_name  | last_name   | salary   |
+-------------+-------------+-------------+----------+
|         100 | Steven      | King        | 24000.00 |
|         101 | Neena       | Kochhar     | 17000.00 |
|         102 | Lex         | De Haan     | 17000.00 |
|         103 | Alexander   | Hunold      |  9000.00 |
|         104 | Bruce       | Ernst       |  6000.00 |
|         105 | David       | Austin      |  4800.00 |
|         106 | Valli       | Pataballa   |  4800.00 |
|         107 | Diana       | Lorentz     |  4200.00 |
|         108 | Nancy       | Greenberg   | 12000.00 |
|         109 | Daniel      | Faviet      |  9000.00 |
|         110 | John        | Chen        |  8200.00 |
|         111 | Ismael      | Sciarra     |  7700.00 |
|         112 | Jose Manuel | Urman       |  7800.00 |
|         113 | Luis        | Popp        |  6900.00 |
|         114 | Den         | Raphaely    | 11000.00 |
|         115 | Alexander   | Khoo        |  3100.00 |
|         116 | Shelli      | Baida       |  2900.00 |
|         117 | Sigal       | Tobias      |  2800.00 |
|         118 | Guy         | Himuro      |  2600.00 |
|         119 | Karen       | Colmenares  |  2500.00 |
|         120 | Matthew     | Weiss       |  8000.00 |
|         121 | Adam        | Fripp       |  8200.00 |
|         122 | Payam       | Kaufling    |  7900.00 |
|         123 | Shanta      | Vollman     |  6500.00 |
|         124 | Kevin       | Mourgos     |  5800.00 |
|         125 | Julia       | Nayer       |  3200.00 |
|         126 | Irene       | Mikkilineni |  2700.00 |
|         127 | James       | Landry      |  2400.00 |
|         128 | Steven      | Markle      |  2200.00 |
|         129 | Laura       | Bissot      |  3300.00 |
|         130 | Mozhe       | Atkinson    |  2800.00 |
|         131 | James       | Marlow      |  2500.00 |
|         132 | TJ          | Olson       |  2100.00 |
|         133 | Jason       | Mallin      |  3300.00 |
|         134 | Michael     | Rogers      |  2900.00 |
|         135 | Ki          | Gee         |  2400.00 |
|         136 | Hazel       | Philtanker  |  2200.00 |
|         137 | Renske      | Ladwig      |  3600.00 |
|         138 | Stephen     | Stiles      |  3200.00 |
|         139 | John        | Seo         |  2700.00 |
|         140 | Joshua      | Patel       |  2500.00 |
|         141 | Trenna      | Rajs        |  3500.00 |
|         142 | Curtis      | Davies      |  3100.00 |
|         143 | Randall     | Matos       |  2600.00 |
|         144 | Peter       | Vargas      |  2500.00 |
|         145 | John        | Russell     | 14000.00 |
|         146 | Karen       | Partners    | 13500.00 |
|         147 | Alberto     | Errazuriz   | 12000.00 |
|         148 | Gerald      | Cambrault   | 11000.00 |
|         149 | Eleni       | Zlotkey     | 10500.00 |
|         150 | Peter       | Tucker      | 10000.00 |
|         151 | David       | Bernstein   |  9500.00 |
|         152 | Peter       | Hall        |  9000.00 |
|         153 | Christopher | Olsen       |  8000.00 |
|         154 | Nanette     | Cambrault   |  7500.00 |
|         155 | Oliver      | Tuvault     |  7000.00 |
|         156 | Janette     | King        | 10000.00 |
|         157 | Patrick     | Sully       |  9500.00 |
|         158 | Allan       | McEwen      |  9000.00 |
|         159 | Lindsey     | Smith       |  8000.00 |
|         160 | Louise      | Doran       |  7500.00 |
|         161 | Sarath      | Sewall      |  7000.00 |
|         162 | Clara       | Vishney     | 10500.00 |
|         163 | Danielle    | Greene      |  9500.00 |
|         164 | Mattea      | Marvins     |  7200.00 |
|         165 | David       | Lee         |  6800.00 |
|         166 | Sundar      | Ande        |  6400.00 |
|         167 | Amit        | Banda       |  6200.00 |
|         168 | Lisa        | Ozer        | 11500.00 |
|         169 | Harrison    | Bloom       | 10000.00 |
|         170 | Tayler      | Fox         |  9600.00 |
|         171 | William     | Smith       |  7400.00 |
|         172 | Elizabeth   | Bates       |  7300.00 |
|         173 | Sundita     | Kumar       |  6100.00 |
|         174 | Ellen       | Abel        | 11000.00 |
|         175 | Alyssa      | Hutton      |  8800.00 |
|         176 | Jonathon    | Taylor      |  8600.00 |
|         177 | Jack        | Livingston  |  8400.00 |
|         178 | Kimberely   | Grant       |  7000.00 |
|         179 | Charles     | Johnson     |  6200.00 |
|         180 | Winston     | Taylor      |  3200.00 |
|         181 | Jean        | Fleaur      |  3100.00 |
|         182 | Martha      | Sullivan    |  2500.00 |
|         183 | Girard      | Geoni       |  2800.00 |
|         184 | Nandita     | Sarchand    |  4200.00 |
|         185 | Alexis      | Bull        |  4100.00 |
|         186 | Julia       | Dellinger   |  3400.00 |
|         187 | Anthony     | Cabrio      |  3000.00 |
|         188 | Kelly       | Chung       |  3800.00 |
|         189 | Jennifer    | Dilly       |  3600.00 |
|         190 | Timothy     | Gates       |  2900.00 |
|         191 | Randall     | Perkins     |  2500.00 |
|         192 | Sarah       | Bell        |  4000.00 |
|         193 | Britney     | Everett     |  3900.00 |
|         194 | Samuel      | McCain      |  3200.00 |
|         195 | Vance       | Jones       |  2800.00 |
|         196 | Alana       | Walsh       |  3100.00 |
|         197 | Kevin       | Feeney      |  3000.00 |
|         198 | Donald      | OConnell    |  2600.00 |
|         199 | Douglas     | Grant       |  2600.00 |
|         200 | Jennifer    | Whalen      |  4400.00 |
|         201 | Michael     | Hartstein   | 13000.00 |
|         202 | Pat         | Fay         |  6000.00 |
|         203 | Susan       | Mavris      |  6500.00 |
|         204 | Hermann     | Baer        | 10000.00 |
|         205 | Shelley     | Higgins     | 12000.00 |
|         206 | William     | Gietz       |  8300.00 |
+-------------+-------------+-------------+----------+
107 rows in set (0.00 sec)

MariaDB [csd2204]> select employee_id, first_name, last_name, salary from employees WHERE salary IN (select AVG(salary) FROM employees GROUP BY department_id;
ERROR 1064 (42000): You have an error in your SQL syntax; check the manual that corresponds to your MariaDB server version for the right syntax to use near '' at line 1
MariaDB [csd2204]> select employee_id, first_name, last_name, salary from employees WHERE salary IN (select AVG(salary) FROM employees GROUP BY department_id);
+-------------+------------+-----------+----------+
| employee_id | first_name | last_name | salary   |
+-------------+------------+-----------+----------+
|         123 | Shanta     | Vollman   |  6500.00 |
|         150 | Peter      | Tucker    | 10000.00 |
|         151 | David      | Bernstein |  9500.00 |
|         155 | Oliver     | Tuvault   |  7000.00 |
|         156 | Janette    | King      | 10000.00 |
|         157 | Patrick    | Sully     |  9500.00 |
|         161 | Sarath     | Sewall    |  7000.00 |
|         163 | Danielle   | Greene    |  9500.00 |
|         169 | Harrison   | Bloom     | 10000.00 |
|         176 | Jonathon   | Taylor    |  8600.00 |
|         178 | Kimberely  | Grant     |  7000.00 |
|         200 | Jennifer   | Whalen    |  4400.00 |
|         203 | Susan      | Mavris    |  6500.00 |
|         204 | Hermann    | Baer      | 10000.00 |
+-------------+------------+-----------+----------+
14 rows in set (0.00 sec)

MariaDB [csd2204]> select employee_id, first_name,last_name From employees GROUP BY department_id;
+-------------+------------+-----------+
| employee_id | first_name | last_name |
+-------------+------------+-----------+
|         178 | Kimberely  | Grant     |
|         200 | Jennifer   | Whalen    |
|         201 | Michael    | Hartstein |
|         114 | Den        | Raphaely  |
|         203 | Susan      | Mavris    |
|         120 | Matthew    | Weiss     |
|         103 | Alexander  | Hunold    |
|         204 | Hermann    | Baer      |
|         145 | John       | Russell   |
|         100 | Steven     | King      |
|         108 | Nancy      | Greenberg |
|         205 | Shelley    | Higgins   |
+-------------+------------+-----------+
12 rows in set (0.00 sec)

MariaDB [csd2204]> select employee_id, first_name,last_name, salary From employees GROUP BY department_id;
+-------------+------------+-----------+----------+
| employee_id | first_name | last_name | salary   |
+-------------+------------+-----------+----------+
|         178 | Kimberely  | Grant     |  7000.00 |
|         200 | Jennifer   | Whalen    |  4400.00 |
|         201 | Michael    | Hartstein | 13000.00 |
|         114 | Den        | Raphaely  | 11000.00 |
|         203 | Susan      | Mavris    |  6500.00 |
|         120 | Matthew    | Weiss     |  8000.00 |
|         103 | Alexander  | Hunold    |  9000.00 |
|         204 | Hermann    | Baer      | 10000.00 |
|         145 | John       | Russell   | 14000.00 |
|         100 | Steven     | King      | 24000.00 |
|         108 | Nancy      | Greenberg | 12000.00 |
|         205 | Shelley    | Higgins   | 12000.00 |
+-------------+------------+-----------+----------+
12 rows in set (0.00 sec)

MariaDB [csd2204]> select AVG(salary) from department;
ERROR 1146 (42S02): Table 'csd2204.department' doesn't exist
MariaDB [csd2204]> select AVG(salary) from departments;
ERROR 1054 (42S22): Unknown column 'salary' in 'field list'
MariaDB [csd2204]>  select employee_id, first_name, last_name, salary from employees WHERE salary = (select AVG(salary) FROM employees GROUP BY department_id);
ERROR 1242 (21000): Subquery returns more than 1 row
MariaDB [csd2204]>  select employee_id, first_name, last_name, salary from employees WHERE salary > (select AVG(salary) FROM employees WHERE department_id = A.department_id);
ERROR 1054 (42S22): Unknown column 'A.department_id' in 'where clause'
MariaDB [csd2204]>  select employee_id, first_name, last_name, salary from employees AS A WHERE salary > (select AVG(salary) FROM employees WHERE department_id = A.department_id);
+-------------+------------+-----------+----------+
| employee_id | first_name | last_name | salary   |
+-------------+------------+-----------+----------+
|         100 | Steven     | King      | 24000.00 |
|         103 | Alexander  | Hunold    |  9000.00 |
|         104 | Bruce      | Ernst     |  6000.00 |
|         108 | Nancy      | Greenberg | 12000.00 |
|         109 | Daniel     | Faviet    |  9000.00 |
|         114 | Den        | Raphaely  | 11000.00 |
|         120 | Matthew    | Weiss     |  8000.00 |
|         121 | Adam       | Fripp     |  8200.00 |
|         122 | Payam      | Kaufling  |  7900.00 |
|         123 | Shanta     | Vollman   |  6500.00 |
|         124 | Kevin      | Mourgos   |  5800.00 |
|         137 | Renske     | Ladwig    |  3600.00 |
|         141 | Trenna     | Rajs      |  3500.00 |
|         145 | John       | Russell   | 14000.00 |
|         146 | Karen      | Partners  | 13500.00 |
|         147 | Alberto    | Errazuriz | 12000.00 |
|         148 | Gerald     | Cambrault | 11000.00 |
|         149 | Eleni      | Zlotkey   | 10500.00 |
|         150 | Peter      | Tucker    | 10000.00 |
|         151 | David      | Bernstein |  9500.00 |
|         152 | Peter      | Hall      |  9000.00 |
|         156 | Janette    | King      | 10000.00 |
|         157 | Patrick    | Sully     |  9500.00 |
|         158 | Allan      | McEwen    |  9000.00 |
|         162 | Clara      | Vishney   | 10500.00 |
|         163 | Danielle   | Greene    |  9500.00 |
|         168 | Lisa       | Ozer      | 11500.00 |
|         169 | Harrison   | Bloom     | 10000.00 |
|         170 | Tayler     | Fox       |  9600.00 |
|         174 | Ellen      | Abel      | 11000.00 |
|         184 | Nandita    | Sarchand  |  4200.00 |
|         185 | Alexis     | Bull      |  4100.00 |
|         188 | Kelly      | Chung     |  3800.00 |
|         189 | Jennifer   | Dilly     |  3600.00 |
|         192 | Sarah      | Bell      |  4000.00 |
|         193 | Britney    | Everett   |  3900.00 |
|         201 | Michael    | Hartstein | 13000.00 |
|         205 | Shelley    | Higgins   | 12000.00 |
+-------------+------------+-----------+----------+
38 rows in set (0.00 sec)

MariaDB [csd2204]>  select employee_id, first_name, last_name, salary from employees AS A WHERE salary > (select AVG(salary) FROM employees WHERE department_id = A.department_id);
+-------------+------------+-----------+----------+
| employee_id | first_name | last_name | salary   |
+-------------+------------+-----------+----------+
|         100 | Steven     | King      | 24000.00 |
|         103 | Alexander  | Hunold    |  9000.00 |
|         104 | Bruce      | Ernst     |  6000.00 |
|         108 | Nancy      | Greenberg | 12000.00 |
|         109 | Daniel     | Faviet    |  9000.00 |
|         114 | Den        | Raphaely  | 11000.00 |
|         120 | Matthew    | Weiss     |  8000.00 |
|         121 | Adam       | Fripp     |  8200.00 |
|         122 | Payam      | Kaufling  |  7900.00 |
|         123 | Shanta     | Vollman   |  6500.00 |
|         124 | Kevin      | Mourgos   |  5800.00 |
|         137 | Renske     | Ladwig    |  3600.00 |
|         141 | Trenna     | Rajs      |  3500.00 |
|         145 | John       | Russell   | 14000.00 |
|         146 | Karen      | Partners  | 13500.00 |
|         147 | Alberto    | Errazuriz | 12000.00 |
|         148 | Gerald     | Cambrault | 11000.00 |
|         149 | Eleni      | Zlotkey   | 10500.00 |
|         150 | Peter      | Tucker    | 10000.00 |
|         151 | David      | Bernstein |  9500.00 |
|         152 | Peter      | Hall      |  9000.00 |
|         156 | Janette    | King      | 10000.00 |
|         157 | Patrick    | Sully     |  9500.00 |
|         158 | Allan      | McEwen    |  9000.00 |
|         162 | Clara      | Vishney   | 10500.00 |
|         163 | Danielle   | Greene    |  9500.00 |
|         168 | Lisa       | Ozer      | 11500.00 |
|         169 | Harrison   | Bloom     | 10000.00 |
|         170 | Tayler     | Fox       |  9600.00 |
|         174 | Ellen      | Abel      | 11000.00 |
|         184 | Nandita    | Sarchand  |  4200.00 |
|         185 | Alexis     | Bull      |  4100.00 |
|         188 | Kelly      | Chung     |  3800.00 |
|         189 | Jennifer   | Dilly     |  3600.00 |
|         192 | Sarah      | Bell      |  4000.00 |
|         193 | Britney    | Everett   |  3900.00 |
|         201 | Michael    | Hartstein | 13000.00 |
|         205 | Shelley    | Higgins   | 12000.00 |
+-------------+------------+-----------+----------+
38 rows in set (0.00 sec)

MariaDB [csd2204]>  select employee_id, first_name, last_name, salary from employees WHERE salary < (select MIN(salary) FROM employees GROUP BY department_id );
ERROR 1242 (21000): Subquery returns more than 1 row
MariaDB [csd2204]>  select employee_id, first_name, last_name, salary from employees AS A WHERE salary < (select MIN(salary) FROM employees WHERE department_id != A.department_id);
+-------------+------------+------------+---------+
| employee_id | first_name | last_name  | salary  |
+-------------+------------+------------+---------+
|         127 | James      | Landry     | 2400.00 |
|         128 | Steven     | Markle     | 2200.00 |
|         132 | TJ         | Olson      | 2100.00 |
|         135 | Ki         | Gee        | 2400.00 |
|         136 | Hazel      | Philtanker | 2200.00 |
+-------------+------------+------------+---------+
5 rows in set (0.00 sec)

MariaDB [csd2204]> select * from locations;
+-------------+---------------------------+--------------+---------------------+-------------------+------------+
| LOCATION_ID | STREET_ADDRESS            | POSTAL_CODE  | CITY                | STATE_PROVINCE    | COUNTRY_ID |
+-------------+---------------------------+--------------+---------------------+-------------------+------------+
|        1000 | 1297 Via Cola di Rie      | 989          | Roma                |                   | IT         |
|        1100 | 93091 Calle della Testa   | 10934        | Venice              |                   | IT         |
|        1200 | 2017 Shinjuku-ku          | 1689         | Tokyo               | Tokyo Prefecture  | JP         |
|        1300 | 9450 Kamiya-cho           | 6823         | Hiroshima           |                   | JP         |
|        1400 | 2014 Jabberwocky Rd       | 26192        | Southlake           | Texas             | US         |
|        1500 | 2011 Interiors Blvd       | 99236        | South San Francisco | California        | US         |
|        1600 | 2007 Zagora St            | 50090        | South Brunswick     | New Jersey        | US         |
|        1700 | 2004 Charade Rd           | 98199        | Seattle             | Washington        | US         |
|        1800 | 147 Spadina Ave           | M5V 2L7      | Toronto             | Ontario           | CA         |
|        1900 | 6092 Boxwood St           | YSW 9T2      | Whitehorse          | Yukon             | CA         |
|        2000 | 40-5-12 Laogianggen       | 190518       | Beijing             |                   | CN         |
|        2100 | 1298 Vileparle (E)        | 490231       | Bombay              | Maharashtra       | IN         |
|        2200 | 12-98 Victoria Street     | 2901         | Sydney              | New South Wales   | AU         |
|        2300 | 198 Clementi North        | 540198       | Singapore           |                   | SG         |
|        2400 | 8204 Arthur St            |              | London              |                   | UK         |
|        2500 | "Magdalen Centre          |  The Oxford  | OX9 9ZB             | Oxford            | Ox         |
|        2600 | 9702 Chester Road         | 9629850293   | Stretford           | Manchester        | UK         |
|        2700 | Schwanthalerstr. 7031     | 80925        | Munich              | Bavaria           | DE         |
|        2800 | Rua Frei Caneca 1360      | 01307-002    | Sao Paulo           | Sao Paulo         | BR         |
|        2900 | 20 Rue des Corps-Saints   | 1730         | Geneva              | Geneve            | CH         |
|        3000 | Murtenstrasse 921         | 3095         | Bern                | BE                | CH         |
|        3100 | Pieter Breughelstraat 837 | 3029SK       | Utrecht             | Utrecht           | NL         |
|        3200 | Mariano Escobedo 9991     | 11932        | Mexico City         | "Distrito Federal | "          |
+-------------+---------------------------+--------------+---------------------+-------------------+------------+
23 rows in set (0.00 sec)

MariaDB [csd2204]>  select employee_id, first_name, last_name, salary from employees AS A WHERE salary < (select MIN(salary) FROM employees WHERE department_id IN (select department_id from departments WHERE location_id IN(select location_id from locations WHERE country_id = 'CA')));
+-------------+------------+-------------+---------+
| employee_id | first_name | last_name   | salary  |
+-------------+------------+-------------+---------+
|         105 | David      | Austin      | 4800.00 |
|         106 | Valli      | Pataballa   | 4800.00 |
|         107 | Diana      | Lorentz     | 4200.00 |
|         115 | Alexander  | Khoo        | 3100.00 |
|         116 | Shelli     | Baida       | 2900.00 |
|         117 | Sigal      | Tobias      | 2800.00 |
|         118 | Guy        | Himuro      | 2600.00 |
|         119 | Karen      | Colmenares  | 2500.00 |
|         124 | Kevin      | Mourgos     | 5800.00 |
|         125 | Julia      | Nayer       | 3200.00 |
|         126 | Irene      | Mikkilineni | 2700.00 |
|         127 | James      | Landry      | 2400.00 |
|         128 | Steven     | Markle      | 2200.00 |
|         129 | Laura      | Bissot      | 3300.00 |
|         130 | Mozhe      | Atkinson    | 2800.00 |
|         131 | James      | Marlow      | 2500.00 |
|         132 | TJ         | Olson       | 2100.00 |
|         133 | Jason      | Mallin      | 3300.00 |
|         134 | Michael    | Rogers      | 2900.00 |
|         135 | Ki         | Gee         | 2400.00 |
|         136 | Hazel      | Philtanker  | 2200.00 |
|         137 | Renske     | Ladwig      | 3600.00 |
|         138 | Stephen    | Stiles      | 3200.00 |
|         139 | John       | Seo         | 2700.00 |
|         140 | Joshua     | Patel       | 2500.00 |
|         141 | Trenna     | Rajs        | 3500.00 |
|         142 | Curtis     | Davies      | 3100.00 |
|         143 | Randall    | Matos       | 2600.00 |
|         144 | Peter      | Vargas      | 2500.00 |
|         180 | Winston    | Taylor      | 3200.00 |
|         181 | Jean       | Fleaur      | 3100.00 |
|         182 | Martha     | Sullivan    | 2500.00 |
|         183 | Girard     | Geoni       | 2800.00 |
|         184 | Nandita    | Sarchand    | 4200.00 |
|         185 | Alexis     | Bull        | 4100.00 |
|         186 | Julia      | Dellinger   | 3400.00 |
|         187 | Anthony    | Cabrio      | 3000.00 |
|         188 | Kelly      | Chung       | 3800.00 |
|         189 | Jennifer   | Dilly       | 3600.00 |
|         190 | Timothy    | Gates       | 2900.00 |
|         191 | Randall    | Perkins     | 2500.00 |
|         192 | Sarah      | Bell        | 4000.00 |
|         193 | Britney    | Everett     | 3900.00 |
|         194 | Samuel     | McCain      | 3200.00 |
|         195 | Vance      | Jones       | 2800.00 |
|         196 | Alana      | Walsh       | 3100.00 |
|         197 | Kevin      | Feeney      | 3000.00 |
|         198 | Donald     | OConnell    | 2600.00 |
|         199 | Douglas    | Grant       | 2600.00 |
|         200 | Jennifer   | Whalen      | 4400.00 |
+-------------+------------+-------------+---------+
50 rows in set (0.02 sec)

MariaDB [csd2204]>  select employee_id, first_name, last_name, salary from employees WHERE salary < (select MIN(salary) FROM employees WHERE department_id IN (select department_id from departments WHERE location_id IN(select location_id from locations WHERE country_id = 'CA')));
+-------------+------------+-------------+---------+
| employee_id | first_name | last_name   | salary  |
+-------------+------------+-------------+---------+
|         105 | David      | Austin      | 4800.00 |
|         106 | Valli      | Pataballa   | 4800.00 |
|         107 | Diana      | Lorentz     | 4200.00 |
|         115 | Alexander  | Khoo        | 3100.00 |
|         116 | Shelli     | Baida       | 2900.00 |
|         117 | Sigal      | Tobias      | 2800.00 |
|         118 | Guy        | Himuro      | 2600.00 |
|         119 | Karen      | Colmenares  | 2500.00 |
|         124 | Kevin      | Mourgos     | 5800.00 |
|         125 | Julia      | Nayer       | 3200.00 |
|         126 | Irene      | Mikkilineni | 2700.00 |
|         127 | James      | Landry      | 2400.00 |
|         128 | Steven     | Markle      | 2200.00 |
|         129 | Laura      | Bissot      | 3300.00 |
|         130 | Mozhe      | Atkinson    | 2800.00 |
|         131 | James      | Marlow      | 2500.00 |
|         132 | TJ         | Olson       | 2100.00 |
|         133 | Jason      | Mallin      | 3300.00 |
|         134 | Michael    | Rogers      | 2900.00 |
|         135 | Ki         | Gee         | 2400.00 |
|         136 | Hazel      | Philtanker  | 2200.00 |
|         137 | Renske     | Ladwig      | 3600.00 |
|         138 | Stephen    | Stiles      | 3200.00 |
|         139 | John       | Seo         | 2700.00 |
|         140 | Joshua     | Patel       | 2500.00 |
|         141 | Trenna     | Rajs        | 3500.00 |
|         142 | Curtis     | Davies      | 3100.00 |
|         143 | Randall    | Matos       | 2600.00 |
|         144 | Peter      | Vargas      | 2500.00 |
|         180 | Winston    | Taylor      | 3200.00 |
|         181 | Jean       | Fleaur      | 3100.00 |
|         182 | Martha     | Sullivan    | 2500.00 |
|         183 | Girard     | Geoni       | 2800.00 |
|         184 | Nandita    | Sarchand    | 4200.00 |
|         185 | Alexis     | Bull        | 4100.00 |
|         186 | Julia      | Dellinger   | 3400.00 |
|         187 | Anthony    | Cabrio      | 3000.00 |
|         188 | Kelly      | Chung       | 3800.00 |
|         189 | Jennifer   | Dilly       | 3600.00 |
|         190 | Timothy    | Gates       | 2900.00 |
|         191 | Randall    | Perkins     | 2500.00 |
|         192 | Sarah      | Bell        | 4000.00 |
|         193 | Britney    | Everett     | 3900.00 |
|         194 | Samuel     | McCain      | 3200.00 |
|         195 | Vance      | Jones       | 2800.00 |
|         196 | Alana      | Walsh       | 3100.00 |
|         197 | Kevin      | Feeney      | 3000.00 |
|         198 | Donald     | OConnell    | 2600.00 |
|         199 | Douglas    | Grant       | 2600.00 |
|         200 | Jennifer   | Whalen      | 4400.00 |
+-------------+------------+-------------+---------+
50 rows in set (0.00 sec)

MariaDB [csd2204]> desc departments;
+-----------------+--------------+------+-----+---------+-------+
| Field           | Type         | Null | Key | Default | Extra |
+-----------------+--------------+------+-----+---------+-------+
| DEPARTMENT_ID   | decimal(4,0) | NO   | PRI | 0       |       |
| DEPARTMENT_NAME | varchar(30)  | NO   |     | NULL    |       |
| MANAGER_ID      | decimal(6,0) | YES  | MUL | NULL    |       |
| LOCATION_ID     | decimal(4,0) | YES  | MUL | NULL    |       |
+-----------------+--------------+------+-----+---------+-------+
4 rows in set (0.13 sec)

MariaDB [csd2204]> select* from locations;
+-------------+---------------------------+--------------+---------------------+-------------------+------------+
| LOCATION_ID | STREET_ADDRESS            | POSTAL_CODE  | CITY                | STATE_PROVINCE    | COUNTRY_ID |
+-------------+---------------------------+--------------+---------------------+-------------------+------------+
|        1000 | 1297 Via Cola di Rie      | 989          | Roma                |                   | IT         |
|        1100 | 93091 Calle della Testa   | 10934        | Venice              |                   | IT         |
|        1200 | 2017 Shinjuku-ku          | 1689         | Tokyo               | Tokyo Prefecture  | JP         |
|        1300 | 9450 Kamiya-cho           | 6823         | Hiroshima           |                   | JP         |
|        1400 | 2014 Jabberwocky Rd       | 26192        | Southlake           | Texas             | US         |
|        1500 | 2011 Interiors Blvd       | 99236        | South San Francisco | California        | US         |
|        1600 | 2007 Zagora St            | 50090        | South Brunswick     | New Jersey        | US         |
|        1700 | 2004 Charade Rd           | 98199        | Seattle             | Washington        | US         |
|        1800 | 147 Spadina Ave           | M5V 2L7      | Toronto             | Ontario           | CA         |
|        1900 | 6092 Boxwood St           | YSW 9T2      | Whitehorse          | Yukon             | CA         |
|        2000 | 40-5-12 Laogianggen       | 190518       | Beijing             |                   | CN         |
|        2100 | 1298 Vileparle (E)        | 490231       | Bombay              | Maharashtra       | IN         |
|        2200 | 12-98 Victoria Street     | 2901         | Sydney              | New South Wales   | AU         |
|        2300 | 198 Clementi North        | 540198       | Singapore           |                   | SG         |
|        2400 | 8204 Arthur St            |              | London              |                   | UK         |
|        2500 | "Magdalen Centre          |  The Oxford  | OX9 9ZB             | Oxford            | Ox         |
|        2600 | 9702 Chester Road         | 9629850293   | Stretford           | Manchester        | UK         |
|        2700 | Schwanthalerstr. 7031     | 80925        | Munich              | Bavaria           | DE         |
|        2800 | Rua Frei Caneca 1360      | 01307-002    | Sao Paulo           | Sao Paulo         | BR         |
|        2900 | 20 Rue des Corps-Saints   | 1730         | Geneva              | Geneve            | CH         |
|        3000 | Murtenstrasse 921         | 3095         | Bern                | BE                | CH         |
|        3100 | Pieter Breughelstraat 837 | 3029SK       | Utrecht             | Utrecht           | NL         |
|        3200 | Mariano Escobedo 9991     | 11932        | Mexico City         | "Distrito Federal | "          |
+-------------+---------------------------+--------------+---------------------+-------------------+------------+
23 rows in set (0.00 sec)

MariaDB [csd2204]> select* from locations where country_id ="CA";
+-------------+-----------------+-------------+------------+----------------+------------+
| LOCATION_ID | STREET_ADDRESS  | POSTAL_CODE | CITY       | STATE_PROVINCE | COUNTRY_ID |
+-------------+-----------------+-------------+------------+----------------+------------+
|        1800 | 147 Spadina Ave | M5V 2L7     | Toronto    | Ontario        | CA         |
|        1900 | 6092 Boxwood St | YSW 9T2     | Whitehorse | Yukon          | CA         |
+-------------+-----------------+-------------+------------+----------------+------------+
2 rows in set (0.00 sec)

MariaDB [csd2204]>  select employee_id, first_name, last_name, salary from employees WHERE department_id IN (select department_id from departments WHERE location_id IN(select location_id from locations WHERE country_id = 'CA')));
ERROR 1064 (42000): You have an error in your SQL syntax; check the manual that corresponds to your MariaDB server version for the right syntax to use near ')' at line 1
MariaDB [csd2204]>  select employee_id, first_name, last_name, salary from employees WHERE department_id IN (select department_id from departments WHERE location_id IN(select location_id from locations WHERE country_id = 'CA'));
+-------------+------------+-----------+----------+
| employee_id | first_name | last_name | salary   |
+-------------+------------+-----------+----------+
|         201 | Michael    | Hartstein | 13000.00 |
|         202 | Pat        | Fay       |  6000.00 |
+-------------+------------+-----------+----------+
2 rows in set (0.00 sec)

MariaDB [csd2204]>  select employee_id, first_name, last_name, salary from employees WHERE salary < (select MIN(salary) FROM employees WHERE department_id IN (select department_id from departments WHERE location_id IN(select location_id from locations WHERE country_id = 'CA')));
+-------------+------------+-------------+---------+
| employee_id | first_name | last_name   | salary  |
+-------------+------------+-------------+---------+
|         105 | David      | Austin      | 4800.00 |
|         106 | Valli      | Pataballa   | 4800.00 |
|         107 | Diana      | Lorentz     | 4200.00 |
|         115 | Alexander  | Khoo        | 3100.00 |
|         116 | Shelli     | Baida       | 2900.00 |
|         117 | Sigal      | Tobias      | 2800.00 |
|         118 | Guy        | Himuro      | 2600.00 |
|         119 | Karen      | Colmenares  | 2500.00 |
|         124 | Kevin      | Mourgos     | 5800.00 |
|         125 | Julia      | Nayer       | 3200.00 |
|         126 | Irene      | Mikkilineni | 2700.00 |
|         127 | James      | Landry      | 2400.00 |
|         128 | Steven     | Markle      | 2200.00 |
|         129 | Laura      | Bissot      | 3300.00 |
|         130 | Mozhe      | Atkinson    | 2800.00 |
|         131 | James      | Marlow      | 2500.00 |
|         132 | TJ         | Olson       | 2100.00 |
|         133 | Jason      | Mallin      | 3300.00 |
|         134 | Michael    | Rogers      | 2900.00 |
|         135 | Ki         | Gee         | 2400.00 |
|         136 | Hazel      | Philtanker  | 2200.00 |
|         137 | Renske     | Ladwig      | 3600.00 |
|         138 | Stephen    | Stiles      | 3200.00 |
|         139 | John       | Seo         | 2700.00 |
|         140 | Joshua     | Patel       | 2500.00 |
|         141 | Trenna     | Rajs        | 3500.00 |
|         142 | Curtis     | Davies      | 3100.00 |
|         143 | Randall    | Matos       | 2600.00 |
|         144 | Peter      | Vargas      | 2500.00 |
|         180 | Winston    | Taylor      | 3200.00 |
|         181 | Jean       | Fleaur      | 3100.00 |
|         182 | Martha     | Sullivan    | 2500.00 |
|         183 | Girard     | Geoni       | 2800.00 |
|         184 | Nandita    | Sarchand    | 4200.00 |
|         185 | Alexis     | Bull        | 4100.00 |
|         186 | Julia      | Dellinger   | 3400.00 |
|         187 | Anthony    | Cabrio      | 3000.00 |
|         188 | Kelly      | Chung       | 3800.00 |
|         189 | Jennifer   | Dilly       | 3600.00 |
|         190 | Timothy    | Gates       | 2900.00 |
|         191 | Randall    | Perkins     | 2500.00 |
|         192 | Sarah      | Bell        | 4000.00 |
|         193 | Britney    | Everett     | 3900.00 |
|         194 | Samuel     | McCain      | 3200.00 |
|         195 | Vance      | Jones       | 2800.00 |
|         196 | Alana      | Walsh       | 3100.00 |
|         197 | Kevin      | Feeney      | 3000.00 |
|         198 | Donald     | OConnell    | 2600.00 |
|         199 | Douglas    | Grant       | 2600.00 |
|         200 | Jennifer   | Whalen      | 4400.00 |
+-------------+------------+-------------+---------+
50 rows in set (0.00 sec)

MariaDB [csd2204]> select * from employees LIMIT 100;
+-------------+-------------+-------------+----------+--------------------+------------+------------+----------+----------------+------------+---------------+
| EMPLOYEE_ID | FIRST_NAME  | LAST_NAME   | EMAIL    | PHONE_NUMBER       | HIRE_DATE  | JOB_ID     | SALARY   | COMMISSION_PCT | MANAGER_ID | DEPARTMENT_ID |
+-------------+-------------+-------------+----------+--------------------+------------+------------+----------+----------------+------------+---------------+
|         100 | Steven      | King        | SKING    | 515.123.4567       | 1987-06-17 | AD_PRES    | 24000.00 |           0.00 |          0 |            90 |
|         101 | Neena       | Kochhar     | NKOCHHAR | 515.123.4568       | 1987-06-18 | AD_VP      | 17000.00 |           0.00 |        100 |            90 |
|         102 | Lex         | De Haan     | LDEHAAN  | 515.123.4569       | 1987-06-19 | AD_VP      | 17000.00 |           0.00 |        100 |            90 |
|         103 | Alexander   | Hunold      | AHUNOLD  | 590.423.4567       | 1987-06-20 | IT_PROG    |  9000.00 |           0.00 |        102 |            60 |
|         104 | Bruce       | Ernst       | BERNST   | 590.423.4568       | 1987-06-21 | IT_PROG    |  6000.00 |           0.00 |        103 |            60 |
|         105 | David       | Austin      | DAUSTIN  | 590.423.4569       | 1987-06-22 | IT_PROG    |  4800.00 |           0.00 |        103 |            60 |
|         106 | Valli       | Pataballa   | VPATABAL | 590.423.4560       | 1987-06-23 | IT_PROG    |  4800.00 |           0.00 |        103 |            60 |
|         107 | Diana       | Lorentz     | DLORENTZ | 590.423.5567       | 1987-06-24 | IT_PROG    |  4200.00 |           0.00 |        103 |            60 |
|         108 | Nancy       | Greenberg   | NGREENBE | 515.124.4569       | 1987-06-25 | FI_MGR     | 12000.00 |           0.00 |        101 |           100 |
|         109 | Daniel      | Faviet      | DFAVIET  | 515.124.4169       | 1987-06-26 | FI_ACCOUNT |  9000.00 |           0.00 |        108 |           100 |
|         110 | John        | Chen        | JCHEN    | 515.124.4269       | 1987-06-27 | FI_ACCOUNT |  8200.00 |           0.00 |        108 |           100 |
|         111 | Ismael      | Sciarra     | ISCIARRA | 515.124.4369       | 1987-06-28 | FI_ACCOUNT |  7700.00 |           0.00 |        108 |           100 |
|         112 | Jose Manuel | Urman       | JMURMAN  | 515.124.4469       | 1987-06-29 | FI_ACCOUNT |  7800.00 |           0.00 |        108 |           100 |
|         113 | Luis        | Popp        | LPOPP    | 515.124.4567       | 1987-06-30 | FI_ACCOUNT |  6900.00 |           0.00 |        108 |           100 |
|         114 | Den         | Raphaely    | DRAPHEAL | 515.127.4561       | 1987-07-01 | PU_MAN     | 11000.00 |           0.00 |        100 |            30 |
|         115 | Alexander   | Khoo        | AKHOO    | 515.127.4562       | 1987-07-02 | PU_CLERK   |  3100.00 |           0.00 |        114 |            30 |
|         116 | Shelli      | Baida       | SBAIDA   | 515.127.4563       | 1987-07-03 | PU_CLERK   |  2900.00 |           0.00 |        114 |            30 |
|         117 | Sigal       | Tobias      | STOBIAS  | 515.127.4564       | 1987-07-04 | PU_CLERK   |  2800.00 |           0.00 |        114 |            30 |
|         118 | Guy         | Himuro      | GHIMURO  | 515.127.4565       | 1987-07-05 | PU_CLERK   |  2600.00 |           0.00 |        114 |            30 |
|         119 | Karen       | Colmenares  | KCOLMENA | 515.127.4566       | 1987-07-06 | PU_CLERK   |  2500.00 |           0.00 |        114 |            30 |
|         120 | Matthew     | Weiss       | MWEISS   | 650.123.1234       | 1987-07-07 | ST_MAN     |  8000.00 |           0.00 |        100 |            50 |
|         121 | Adam        | Fripp       | AFRIPP   | 650.123.2234       | 1987-07-08 | ST_MAN     |  8200.00 |           0.00 |        100 |            50 |
|         122 | Payam       | Kaufling    | PKAUFLIN | 650.123.3234       | 1987-07-09 | ST_MAN     |  7900.00 |           0.00 |        100 |            50 |
|         123 | Shanta      | Vollman     | SVOLLMAN | 650.123.4234       | 1987-07-10 | ST_MAN     |  6500.00 |           0.00 |        100 |            50 |
|         124 | Kevin       | Mourgos     | KMOURGOS | 650.123.5234       | 1987-07-11 | ST_MAN     |  5800.00 |           0.00 |        100 |            50 |
|         125 | Julia       | Nayer       | JNAYER   | 650.124.1214       | 1987-07-12 | ST_CLERK   |  3200.00 |           0.00 |        120 |            50 |
|         126 | Irene       | Mikkilineni | IMIKKILI | 650.124.1224       | 1987-07-13 | ST_CLERK   |  2700.00 |           0.00 |        120 |            50 |
|         127 | James       | Landry      | JLANDRY  | 650.124.1334       | 1987-07-14 | ST_CLERK   |  2400.00 |           0.00 |        120 |            50 |
|         128 | Steven      | Markle      | SMARKLE  | 650.124.1434       | 1987-07-15 | ST_CLERK   |  2200.00 |           0.00 |        120 |            50 |
|         129 | Laura       | Bissot      | LBISSOT  | 650.124.5234       | 1987-07-16 | ST_CLERK   |  3300.00 |           0.00 |        121 |            50 |
|         130 | Mozhe       | Atkinson    | MATKINSO | 650.124.6234       | 1987-07-17 | ST_CLERK   |  2800.00 |           0.00 |        121 |            50 |
|         131 | James       | Marlow      | JAMRLOW  | 650.124.7234       | 1987-07-18 | ST_CLERK   |  2500.00 |           0.00 |        121 |            50 |
|         132 | TJ          | Olson       | TJOLSON  | 650.124.8234       | 1987-07-19 | ST_CLERK   |  2100.00 |           0.00 |        121 |            50 |
|         133 | Jason       | Mallin      | JMALLIN  | 650.127.1934       | 1987-07-20 | ST_CLERK   |  3300.00 |           0.00 |        122 |            50 |
|         134 | Michael     | Rogers      | MROGERS  | 650.127.1834       | 1987-07-21 | ST_CLERK   |  2900.00 |           0.00 |        122 |            50 |
|         135 | Ki          | Gee         | KGEE     | 650.127.1734       | 1987-07-22 | ST_CLERK   |  2400.00 |           0.00 |        122 |            50 |
|         136 | Hazel       | Philtanker  | HPHILTAN | 650.127.1634       | 1987-07-23 | ST_CLERK   |  2200.00 |           0.00 |        122 |            50 |
|         137 | Renske      | Ladwig      | RLADWIG  | 650.121.1234       | 1987-07-24 | ST_CLERK   |  3600.00 |           0.00 |        123 |            50 |
|         138 | Stephen     | Stiles      | SSTILES  | 650.121.2034       | 1987-07-25 | ST_CLERK   |  3200.00 |           0.00 |        123 |            50 |
|         139 | John        | Seo         | JSEO     | 650.121.2019       | 1987-07-26 | ST_CLERK   |  2700.00 |           0.00 |        123 |            50 |
|         140 | Joshua      | Patel       | JPATEL   | 650.121.1834       | 1987-07-27 | ST_CLERK   |  2500.00 |           0.00 |        123 |            50 |
|         141 | Trenna      | Rajs        | TRAJS    | 650.121.8009       | 1987-07-28 | ST_CLERK   |  3500.00 |           0.00 |        124 |            50 |
|         142 | Curtis      | Davies      | CDAVIES  | 650.121.2994       | 1987-07-29 | ST_CLERK   |  3100.00 |           0.00 |        124 |            50 |
|         143 | Randall     | Matos       | RMATOS   | 650.121.2874       | 1987-07-30 | ST_CLERK   |  2600.00 |           0.00 |        124 |            50 |
|         144 | Peter       | Vargas      | PVARGAS  | 650.121.2004       | 1987-07-31 | ST_CLERK   |  2500.00 |           0.00 |        124 |            50 |
|         145 | John        | Russell     | JRUSSEL  | 011.44.1344.429268 | 1987-08-01 | SA_MAN     | 14000.00 |           0.40 |        100 |            80 |
|         146 | Karen       | Partners    | KPARTNER | 011.44.1344.467268 | 1987-08-02 | SA_MAN     | 13500.00 |           0.30 |        100 |            80 |
|         147 | Alberto     | Errazuriz   | AERRAZUR | 011.44.1344.429278 | 1987-08-03 | SA_MAN     | 12000.00 |           0.30 |        100 |            80 |
|         148 | Gerald      | Cambrault   | GCAMBRAU | 011.44.1344.619268 | 1987-08-04 | SA_MAN     | 11000.00 |           0.30 |        100 |            80 |
|         149 | Eleni       | Zlotkey     | EZLOTKEY | 011.44.1344.429018 | 1987-08-05 | SA_MAN     | 10500.00 |           0.20 |        100 |            80 |
|         150 | Peter       | Tucker      | PTUCKER  | 011.44.1344.129268 | 1987-08-06 | SA_REP     | 10000.00 |           0.30 |        145 |            80 |
|         151 | David       | Bernstein   | DBERNSTE | 011.44.1344.345268 | 1987-08-07 | SA_REP     |  9500.00 |           0.25 |        145 |            80 |
|         152 | Peter       | Hall        | PHALL    | 011.44.1344.478968 | 1987-08-08 | SA_REP     |  9000.00 |           0.25 |        145 |            80 |
|         153 | Christopher | Olsen       | COLSEN   | 011.44.1344.498718 | 1987-08-09 | SA_REP     |  8000.00 |           0.20 |        145 |            80 |
|         154 | Nanette     | Cambrault   | NCAMBRAU | 011.44.1344.987668 | 1987-08-10 | SA_REP     |  7500.00 |           0.20 |        145 |            80 |
|         155 | Oliver      | Tuvault     | OTUVAULT | 011.44.1344.486508 | 1987-08-11 | SA_REP     |  7000.00 |           0.15 |        145 |            80 |
|         156 | Janette     | King        | JKING    | 011.44.1345.429268 | 1987-08-12 | SA_REP     | 10000.00 |           0.35 |        146 |            80 |
|         157 | Patrick     | Sully       | PSULLY   | 011.44.1345.929268 | 1987-08-13 | SA_REP     |  9500.00 |           0.35 |        146 |            80 |
|         158 | Allan       | McEwen      | AMCEWEN  | 011.44.1345.829268 | 1987-08-14 | SA_REP     |  9000.00 |           0.35 |        146 |            80 |
|         159 | Lindsey     | Smith       | LSMITH   | 011.44.1345.729268 | 1987-08-15 | SA_REP     |  8000.00 |           0.30 |        146 |            80 |
|         160 | Louise      | Doran       | LDORAN   | 011.44.1345.629268 | 1987-08-16 | SA_REP     |  7500.00 |           0.30 |        146 |            80 |
|         161 | Sarath      | Sewall      | SSEWALL  | 011.44.1345.529268 | 1987-08-17 | SA_REP     |  7000.00 |           0.25 |        146 |            80 |
|         162 | Clara       | Vishney     | CVISHNEY | 011.44.1346.129268 | 1987-08-18 | SA_REP     | 10500.00 |           0.25 |        147 |            80 |
|         163 | Danielle    | Greene      | DGREENE  | 011.44.1346.229268 | 1987-08-19 | SA_REP     |  9500.00 |           0.15 |        147 |            80 |
|         164 | Mattea      | Marvins     | MMARVINS | 011.44.1346.329268 | 1987-08-20 | SA_REP     |  7200.00 |           0.10 |        147 |            80 |
|         165 | David       | Lee         | DLEE     | 011.44.1346.529268 | 1987-08-21 | SA_REP     |  6800.00 |           0.10 |        147 |            80 |
|         166 | Sundar      | Ande        | SANDE    | 011.44.1346.629268 | 1987-08-22 | SA_REP     |  6400.00 |           0.10 |        147 |            80 |
|         167 | Amit        | Banda       | ABANDA   | 011.44.1346.729268 | 1987-08-23 | SA_REP     |  6200.00 |           0.10 |        147 |            80 |
|         168 | Lisa        | Ozer        | LOZER    | 011.44.1343.929268 | 1987-08-24 | SA_REP     | 11500.00 |           0.25 |        148 |            80 |
|         169 | Harrison    | Bloom       | HBLOOM   | 011.44.1343.829268 | 1987-08-25 | SA_REP     | 10000.00 |           0.20 |        148 |            80 |
|         170 | Tayler      | Fox         | TFOX     | 011.44.1343.729268 | 1987-08-26 | SA_REP     |  9600.00 |           0.20 |        148 |            80 |
|         171 | William     | Smith       | WSMITH   | 011.44.1343.629268 | 1987-08-27 | SA_REP     |  7400.00 |           0.15 |        148 |            80 |
|         172 | Elizabeth   | Bates       | EBATES   | 011.44.1343.529268 | 1987-08-28 | SA_REP     |  7300.00 |           0.15 |        148 |            80 |
|         173 | Sundita     | Kumar       | SKUMAR   | 011.44.1343.329268 | 1987-08-29 | SA_REP     |  6100.00 |           0.10 |        148 |            80 |
|         174 | Ellen       | Abel        | EABEL    | 011.44.1644.429267 | 1987-08-30 | SA_REP     | 11000.00 |           0.30 |        149 |            80 |
|         175 | Alyssa      | Hutton      | AHUTTON  | 011.44.1644.429266 | 1987-08-31 | SA_REP     |  8800.00 |           0.25 |        149 |            80 |
|         176 | Jonathon    | Taylor      | JTAYLOR  | 011.44.1644.429265 | 1987-09-01 | SA_REP     |  8600.00 |           0.20 |        149 |            80 |
|         177 | Jack        | Livingston  | JLIVINGS | 011.44.1644.429264 | 1987-09-02 | SA_REP     |  8400.00 |           0.20 |        149 |            80 |
|         178 | Kimberely   | Grant       | KGRANT   | 011.44.1644.429263 | 1987-09-03 | SA_REP     |  7000.00 |           0.15 |        149 |             0 |
|         179 | Charles     | Johnson     | CJOHNSON | 011.44.1644.429262 | 1987-09-04 | SA_REP     |  6200.00 |           0.10 |        149 |            80 |
|         180 | Winston     | Taylor      | WTAYLOR  | 650.507.9876       | 1987-09-05 | SH_CLERK   |  3200.00 |           0.00 |        120 |            50 |
|         181 | Jean        | Fleaur      | JFLEAUR  | 650.507.9877       | 1987-09-06 | SH_CLERK   |  3100.00 |           0.00 |        120 |            50 |
|         182 | Martha      | Sullivan    | MSULLIVA | 650.507.9878       | 1987-09-07 | SH_CLERK   |  2500.00 |           0.00 |        120 |            50 |
|         183 | Girard      | Geoni       | GGEONI   | 650.507.9879       | 1987-09-08 | SH_CLERK   |  2800.00 |           0.00 |        120 |            50 |
|         184 | Nandita     | Sarchand    | NSARCHAN | 650.509.1876       | 1987-09-09 | SH_CLERK   |  4200.00 |           0.00 |        121 |            50 |
|         185 | Alexis      | Bull        | ABULL    | 650.509.2876       | 1987-09-10 | SH_CLERK   |  4100.00 |           0.00 |        121 |            50 |
|         186 | Julia       | Dellinger   | JDELLING | 650.509.3876       | 1987-09-11 | SH_CLERK   |  3400.00 |           0.00 |        121 |            50 |
|         187 | Anthony     | Cabrio      | ACABRIO  | 650.509.4876       | 1987-09-12 | SH_CLERK   |  3000.00 |           0.00 |        121 |            50 |
|         188 | Kelly       | Chung       | KCHUNG   | 650.505.1876       | 1987-09-13 | SH_CLERK   |  3800.00 |           0.00 |        122 |            50 |
|         189 | Jennifer    | Dilly       | JDILLY   | 650.505.2876       | 1987-09-14 | SH_CLERK   |  3600.00 |           0.00 |        122 |            50 |
|         190 | Timothy     | Gates       | TGATES   | 650.505.3876       | 1987-09-15 | SH_CLERK   |  2900.00 |           0.00 |        122 |            50 |
|         191 | Randall     | Perkins     | RPERKINS | 650.505.4876       | 1987-09-16 | SH_CLERK   |  2500.00 |           0.00 |        122 |            50 |
|         192 | Sarah       | Bell        | SBELL    | 650.501.1876       | 1987-09-17 | SH_CLERK   |  4000.00 |           0.00 |        123 |            50 |
|         193 | Britney     | Everett     | BEVERETT | 650.501.2876       | 1987-09-18 | SH_CLERK   |  3900.00 |           0.00 |        123 |            50 |
|         194 | Samuel      | McCain      | SMCCAIN  | 650.501.3876       | 1987-09-19 | SH_CLERK   |  3200.00 |           0.00 |        123 |            50 |
|         195 | Vance       | Jones       | VJONES   | 650.501.4876       | 1987-09-20 | SH_CLERK   |  2800.00 |           0.00 |        123 |            50 |
|         196 | Alana       | Walsh       | AWALSH   | 650.507.9811       | 1987-09-21 | SH_CLERK   |  3100.00 |           0.00 |        124 |            50 |
|         197 | Kevin       | Feeney      | KFEENEY  | 650.507.9822       | 1987-09-22 | SH_CLERK   |  3000.00 |           0.00 |        124 |            50 |
|         198 | Donald      | OConnell    | DOCONNEL | 650.507.9833       | 1987-09-23 | SH_CLERK   |  2600.00 |           0.00 |        124 |            50 |
|         199 | Douglas     | Grant       | DGRANT   | 650.507.9844       | 1987-09-24 | SH_CLERK   |  2600.00 |           0.00 |        124 |            50 |
+-------------+-------------+-------------+----------+--------------------+------------+------------+----------+----------------+------------+---------------+
100 rows in set (0.00 sec)

MariaDB [csd2204]> select employee_id, first_name, last_name from employees;
+-------------+-------------+-------------+
| employee_id | first_name  | last_name   |
+-------------+-------------+-------------+
|         100 | Steven      | King        |
|         101 | Neena       | Kochhar     |
|         102 | Lex         | De Haan     |
|         103 | Alexander   | Hunold      |
|         104 | Bruce       | Ernst       |
|         105 | David       | Austin      |
|         106 | Valli       | Pataballa   |
|         107 | Diana       | Lorentz     |
|         108 | Nancy       | Greenberg   |
|         109 | Daniel      | Faviet      |
|         110 | John        | Chen        |
|         111 | Ismael      | Sciarra     |
|         112 | Jose Manuel | Urman       |
|         113 | Luis        | Popp        |
|         114 | Den         | Raphaely    |
|         115 | Alexander   | Khoo        |
|         116 | Shelli      | Baida       |
|         117 | Sigal       | Tobias      |
|         118 | Guy         | Himuro      |
|         119 | Karen       | Colmenares  |
|         120 | Matthew     | Weiss       |
|         121 | Adam        | Fripp       |
|         122 | Payam       | Kaufling    |
|         123 | Shanta      | Vollman     |
|         124 | Kevin       | Mourgos     |
|         125 | Julia       | Nayer       |
|         126 | Irene       | Mikkilineni |
|         127 | James       | Landry      |
|         128 | Steven      | Markle      |
|         129 | Laura       | Bissot      |
|         130 | Mozhe       | Atkinson    |
|         131 | James       | Marlow      |
|         132 | TJ          | Olson       |
|         133 | Jason       | Mallin      |
|         134 | Michael     | Rogers      |
|         135 | Ki          | Gee         |
|         136 | Hazel       | Philtanker  |
|         137 | Renske      | Ladwig      |
|         138 | Stephen     | Stiles      |
|         139 | John        | Seo         |
|         140 | Joshua      | Patel       |
|         141 | Trenna      | Rajs        |
|         142 | Curtis      | Davies      |
|         143 | Randall     | Matos       |
|         144 | Peter       | Vargas      |
|         145 | John        | Russell     |
|         146 | Karen       | Partners    |
|         147 | Alberto     | Errazuriz   |
|         148 | Gerald      | Cambrault   |
|         149 | Eleni       | Zlotkey     |
|         150 | Peter       | Tucker      |
|         151 | David       | Bernstein   |
|         152 | Peter       | Hall        |
|         153 | Christopher | Olsen       |
|         154 | Nanette     | Cambrault   |
|         155 | Oliver      | Tuvault     |
|         156 | Janette     | King        |
|         157 | Patrick     | Sully       |
|         158 | Allan       | McEwen      |
|         159 | Lindsey     | Smith       |
|         160 | Louise      | Doran       |
|         161 | Sarath      | Sewall      |
|         162 | Clara       | Vishney     |
|         163 | Danielle    | Greene      |
|         164 | Mattea      | Marvins     |
|         165 | David       | Lee         |
|         166 | Sundar      | Ande        |
|         167 | Amit        | Banda       |
|         168 | Lisa        | Ozer        |
|         169 | Harrison    | Bloom       |
|         170 | Tayler      | Fox         |
|         171 | William     | Smith       |
|         172 | Elizabeth   | Bates       |
|         173 | Sundita     | Kumar       |
|         174 | Ellen       | Abel        |
|         175 | Alyssa      | Hutton      |
|         176 | Jonathon    | Taylor      |
|         177 | Jack        | Livingston  |
|         178 | Kimberely   | Grant       |
|         179 | Charles     | Johnson     |
|         180 | Winston     | Taylor      |
|         181 | Jean        | Fleaur      |
|         182 | Martha      | Sullivan    |
|         183 | Girard      | Geoni       |
|         184 | Nandita     | Sarchand    |
|         185 | Alexis      | Bull        |
|         186 | Julia       | Dellinger   |
|         187 | Anthony     | Cabrio      |
|         188 | Kelly       | Chung       |
|         189 | Jennifer    | Dilly       |
|         190 | Timothy     | Gates       |
|         191 | Randall     | Perkins     |
|         192 | Sarah       | Bell        |
|         193 | Britney     | Everett     |
|         194 | Samuel      | McCain      |
|         195 | Vance       | Jones       |
|         196 | Alana       | Walsh       |
|         197 | Kevin       | Feeney      |
|         198 | Donald      | OConnell    |
|         199 | Douglas     | Grant       |
|         200 | Jennifer    | Whalen      |
|         201 | Michael     | Hartstein   |
|         202 | Pat         | Fay         |
|         203 | Susan       | Mavris      |
|         204 | Hermann     | Baer        |
|         205 | Shelley     | Higgins     |
|         206 | William     | Gietz       |
+-------------+-------------+-------------+
107 rows in set (0.00 sec)

MariaDB [csd2204]> select department_id from departments where location_id IN (select location_id from locations where country_id ="US");
+---------------+
| department_id |
+---------------+
|            60 |
|            50 |
|            10 |
|            30 |
|            90 |
|           100 |
|           110 |
|           120 |
|           130 |
|           140 |
|           150 |
|           160 |
|           170 |
|           180 |
|           190 |
|           200 |
|           210 |
|           220 |
|           230 |
|           240 |
|           250 |
|           260 |
|           270 |
+---------------+
23 rows in set (0.00 sec)

MariaDB [csd2204]> select* from depoartments;
ERROR 1146 (42S02): Table 'csd2204.depoartments' doesn't exist
MariaDB [csd2204]> select* from departments;
+---------------+----------------------+------------+-------------+
| DEPARTMENT_ID | DEPARTMENT_NAME      | MANAGER_ID | LOCATION_ID |
+---------------+----------------------+------------+-------------+
|            10 | Administration       |        200 |        1700 |
|            20 | Marketing            |        201 |        1800 |
|            30 | Purchasing           |        114 |        1700 |
|            40 | Human Resources      |        203 |        2400 |
|            50 | Shipping             |        121 |        1500 |
|            60 | IT                   |        103 |        1400 |
|            70 | Public Relations     |        204 |        2700 |
|            80 | Sales                |        145 |        2500 |
|            90 | Executive            |        100 |        1700 |
|           100 | Finance              |        108 |        1700 |
|           110 | Accounting           |        205 |        1700 |
|           120 | Treasury             |          0 |        1700 |
|           130 | Corporate Tax        |          0 |        1700 |
|           140 | Control And Credit   |          0 |        1700 |
|           150 | Shareholder Services |          0 |        1700 |
|           160 | Benefits             |          0 |        1700 |
|           170 | Manufacturing        |          0 |        1700 |
|           180 | Construction         |          0 |        1700 |
|           190 | Contracting          |          0 |        1700 |
|           200 | Operations           |          0 |        1700 |
|           210 | IT Support           |          0 |        1700 |
|           220 | NOC                  |          0 |        1700 |
|           230 | IT Helpdesk          |          0 |        1700 |
|           240 | Government Sales     |          0 |        1700 |
|           250 | Retail Sales         |          0 |        1700 |
|           260 | Recruiting           |          0 |        1700 |
|           270 | Payroll              |          0 |        1700 |
+---------------+----------------------+------------+-------------+
27 rows in set (0.00 sec)

MariaDB [csd2204]> select employee_id, first_name, last_name from employees where manager_ID IS NULL;
Empty set (0.00 sec)

MariaDB [csd2204]> select employee_id, first_name, last_name from employees where manager_ID = 0;
+-------------+------------+-----------+
| employee_id | first_name | last_name |
+-------------+------------+-----------+
|         100 | Steven     | King      |
+-------------+------------+-----------+
1 row in set (0.00 sec)

MariaDB [csd2204]> select employee_id, first_name, last_name from employees where employee_ID IN ( SELECT manager_id from employees));
ERROR 1064 (42000): You have an error in your SQL syntax; check the manual that corresponds to your MariaDB server version for the right syntax to use near ')' at line 1
MariaDB [csd2204]> select employee_id, first_name, last_name from employees where employee_ID IN ( SELECT manager_id from employees);
+-------------+------------+-----------+
| employee_id | first_name | last_name |
+-------------+------------+-----------+
|         100 | Steven     | King      |
|         101 | Neena      | Kochhar   |
|         102 | Lex        | De Haan   |
|         103 | Alexander  | Hunold    |
|         108 | Nancy      | Greenberg |
|         114 | Den        | Raphaely  |
|         120 | Matthew    | Weiss     |
|         121 | Adam       | Fripp     |
|         122 | Payam      | Kaufling  |
|         123 | Shanta     | Vollman   |
|         124 | Kevin      | Mourgos   |
|         145 | John       | Russell   |
|         146 | Karen      | Partners  |
|         147 | Alberto    | Errazuriz |
|         148 | Gerald     | Cambrault |
|         149 | Eleni      | Zlotkey   |
|         201 | Michael    | Hartstein |
|         205 | Shelley    | Higgins   |
+-------------+------------+-----------+
18 rows in set (0.00 sec)

MariaDB [csd2204]> select employee_id, first_name, last_name, salary from employees where employee_ID IN ( SELECT manager_id from employees);
+-------------+------------+-----------+----------+
| employee_id | first_name | last_name | salary   |
+-------------+------------+-----------+----------+
|         100 | Steven     | King      | 24000.00 |
|         101 | Neena      | Kochhar   | 17000.00 |
|         102 | Lex        | De Haan   | 17000.00 |
|         103 | Alexander  | Hunold    |  9000.00 |
|         108 | Nancy      | Greenberg | 12000.00 |
|         114 | Den        | Raphaely  | 11000.00 |
|         120 | Matthew    | Weiss     |  8000.00 |
|         121 | Adam       | Fripp     |  8200.00 |
|         122 | Payam      | Kaufling  |  7900.00 |
|         123 | Shanta     | Vollman   |  6500.00 |
|         124 | Kevin      | Mourgos   |  5800.00 |
|         145 | John       | Russell   | 14000.00 |
|         146 | Karen      | Partners  | 13500.00 |
|         147 | Alberto    | Errazuriz | 12000.00 |
|         148 | Gerald     | Cambrault | 11000.00 |
|         149 | Eleni      | Zlotkey   | 10500.00 |
|         201 | Michael    | Hartstein | 13000.00 |
|         205 | Shelley    | Higgins   | 12000.00 |
+-------------+------------+-----------+----------+
18 rows in set (0.00 sec)

MariaDB [csd2204]> select employee_id, first_name, last_name, salary, department_id from employees where employee_ID IN ( SELECT manager_id from employees);
+-------------+------------+-----------+----------+---------------+
| employee_id | first_name | last_name | salary   | department_id |
+-------------+------------+-----------+----------+---------------+
|         100 | Steven     | King      | 24000.00 |            90 |
|         101 | Neena      | Kochhar   | 17000.00 |            90 |
|         102 | Lex        | De Haan   | 17000.00 |            90 |
|         103 | Alexander  | Hunold    |  9000.00 |            60 |
|         108 | Nancy      | Greenberg | 12000.00 |           100 |
|         114 | Den        | Raphaely  | 11000.00 |            30 |
|         120 | Matthew    | Weiss     |  8000.00 |            50 |
|         121 | Adam       | Fripp     |  8200.00 |            50 |
|         122 | Payam      | Kaufling  |  7900.00 |            50 |
|         123 | Shanta     | Vollman   |  6500.00 |            50 |
|         124 | Kevin      | Mourgos   |  5800.00 |            50 |
|         145 | John       | Russell   | 14000.00 |            80 |
|         146 | Karen      | Partners  | 13500.00 |            80 |
|         147 | Alberto    | Errazuriz | 12000.00 |            80 |
|         148 | Gerald     | Cambrault | 11000.00 |            80 |
|         149 | Eleni      | Zlotkey   | 10500.00 |            80 |
|         201 | Michael    | Hartstein | 13000.00 |            20 |
|         205 | Shelley    | Higgins   | 12000.00 |           110 |
+-------------+------------+-----------+----------+---------------+
18 rows in set (0.02 sec)

MariaDB [csd2204]> select employee_id, first_name, last_name, salary, department_id from employees where employee_ID IN ( SELECT manager_id from employees) AND (select department_id from departments where location_id IN (select location_id from locations where country_id ="US")));
ERROR 1064 (42000): You have an error in your SQL syntax; check the manual that corresponds to your MariaDB server version for the right syntax to use near ')' at line 1
MariaDB [csd2204]> select employee_id, first_name, last_name, salary, department_id from employees where employee_ID IN ( SELECT manager_id from employees) AND (select department_id from departments where location_id IN (select location_id from locations where country_id ="US"));
ERROR 1242 (21000): Subquery returns more than 1 row
MariaDB [csd2204]> select employee_id, first_name, last_name, salary, department_id from employees where employee_ID IN ( SELECT manager_id from employees) AND department_id IN(select department_id from departments where location_id IN (select location_id from locations where country_id ="US"));
+-------------+------------+-----------+----------+---------------+
| employee_id | first_name | last_name | salary   | department_id |
+-------------+------------+-----------+----------+---------------+
|         103 | Alexander  | Hunold    |  9000.00 |            60 |
|         120 | Matthew    | Weiss     |  8000.00 |            50 |
|         121 | Adam       | Fripp     |  8200.00 |            50 |
|         122 | Payam      | Kaufling  |  7900.00 |            50 |
|         123 | Shanta     | Vollman   |  6500.00 |            50 |
|         124 | Kevin      | Mourgos   |  5800.00 |            50 |
|         100 | Steven     | King      | 24000.00 |            90 |
|         101 | Neena      | Kochhar   | 17000.00 |            90 |
|         102 | Lex        | De Haan   | 17000.00 |            90 |
|         108 | Nancy      | Greenberg | 12000.00 |           100 |
|         114 | Den        | Raphaely  | 11000.00 |            30 |
|         205 | Shelley    | Higgins   | 12000.00 |           110 |
+-------------+------------+-----------+----------+---------------+
12 rows in set (0.00 sec)

MariaDB [csd2204]> select employee_id, first_name, last_name, salary WHERE salary > ANY(SELECT salary from employees where employee_ID IN ( SELECT manager_id from employees) AND department_id IN(select department_id from departments where location_id IN (select location_id from locations where country_id ="US"));
ERROR 1064 (42000): You have an error in your SQL syntax; check the manual that corresponds to your MariaDB server version for the right syntax to use near 'WHERE salary > ANY(SELECT salary from employees where employee_ID IN ( SELECT ma' at line 1
MariaDB [csd2204]> select employee_id, first_name, last_name, salary from employees WHERE salary > ANY(SELECT salary from employees where employee_ID IN ( SELECT manager_id from employees) AND department_id IN(select department_id from departments where location_id IN (select location_id from locations where country_id ="US"));
ERROR 1064 (42000): You have an error in your SQL syntax; check the manual that corresponds to your MariaDB server version for the right syntax to use near '' at line 1
MariaDB [csd2204]> select employee_id, first_name, last_name, salary from employees WHERE salary > ANY(SELECT salary from employees where employee_ID IN ( SELECT manager_id from employees) AND department_id IN(select department_id from departments where location_id IN (select location_id from locations where country_id ="US")));
+-------------+-------------+------------+----------+
| employee_id | first_name  | last_name  | salary   |
+-------------+-------------+------------+----------+
|         100 | Steven      | King       | 24000.00 |
|         101 | Neena       | Kochhar    | 17000.00 |
|         102 | Lex         | De Haan    | 17000.00 |
|         103 | Alexander   | Hunold     |  9000.00 |
|         104 | Bruce       | Ernst      |  6000.00 |
|         108 | Nancy       | Greenberg  | 12000.00 |
|         109 | Daniel      | Faviet     |  9000.00 |
|         110 | John        | Chen       |  8200.00 |
|         111 | Ismael      | Sciarra    |  7700.00 |
|         112 | Jose Manuel | Urman      |  7800.00 |
|         113 | Luis        | Popp       |  6900.00 |
|         114 | Den         | Raphaely   | 11000.00 |
|         120 | Matthew     | Weiss      |  8000.00 |
|         121 | Adam        | Fripp      |  8200.00 |
|         122 | Payam       | Kaufling   |  7900.00 |
|         123 | Shanta      | Vollman    |  6500.00 |
|         145 | John        | Russell    | 14000.00 |
|         146 | Karen       | Partners   | 13500.00 |
|         147 | Alberto     | Errazuriz  | 12000.00 |
|         148 | Gerald      | Cambrault  | 11000.00 |
|         149 | Eleni       | Zlotkey    | 10500.00 |
|         150 | Peter       | Tucker     | 10000.00 |
|         151 | David       | Bernstein  |  9500.00 |
|         152 | Peter       | Hall       |  9000.00 |
|         153 | Christopher | Olsen      |  8000.00 |
|         154 | Nanette     | Cambrault  |  7500.00 |
|         155 | Oliver      | Tuvault    |  7000.00 |
|         156 | Janette     | King       | 10000.00 |
|         157 | Patrick     | Sully      |  9500.00 |
|         158 | Allan       | McEwen     |  9000.00 |
|         159 | Lindsey     | Smith      |  8000.00 |
|         160 | Louise      | Doran      |  7500.00 |
|         161 | Sarath      | Sewall     |  7000.00 |
|         162 | Clara       | Vishney    | 10500.00 |
|         163 | Danielle    | Greene     |  9500.00 |
|         164 | Mattea      | Marvins    |  7200.00 |
|         165 | David       | Lee        |  6800.00 |
|         166 | Sundar      | Ande       |  6400.00 |
|         167 | Amit        | Banda      |  6200.00 |
|         168 | Lisa        | Ozer       | 11500.00 |
|         169 | Harrison    | Bloom      | 10000.00 |
|         170 | Tayler      | Fox        |  9600.00 |
|         171 | William     | Smith      |  7400.00 |
|         172 | Elizabeth   | Bates      |  7300.00 |
|         173 | Sundita     | Kumar      |  6100.00 |
|         174 | Ellen       | Abel       | 11000.00 |
|         175 | Alyssa      | Hutton     |  8800.00 |
|         176 | Jonathon    | Taylor     |  8600.00 |
|         177 | Jack        | Livingston |  8400.00 |
|         178 | Kimberely   | Grant      |  7000.00 |
|         179 | Charles     | Johnson    |  6200.00 |
|         201 | Michael     | Hartstein  | 13000.00 |
|         202 | Pat         | Fay        |  6000.00 |
|         203 | Susan       | Mavris     |  6500.00 |
|         204 | Hermann     | Baer       | 10000.00 |
|         205 | Shelley     | Higgins    | 12000.00 |
|         206 | William     | Gietz      |  8300.00 |
+-------------+-------------+------------+----------+
57 rows in set (0.00 sec)

MariaDB [csd2204]> select employee_id, first_name, last_name, salary from employees WHERE salary > ANY(SELECT salary from employees where employee_ID IN ( SELECT manager_id from employees) AND department_id IN(select department_id from departments where location_id IN (select location_id from locations where country_id ="US")));
+-------------+-------------+------------+----------+
| employee_id | first_name  | last_name  | salary   |
+-------------+-------------+------------+----------+
|         100 | Steven      | King       | 24000.00 |
|         101 | Neena       | Kochhar    | 17000.00 |
|         102 | Lex         | De Haan    | 17000.00 |
|         103 | Alexander   | Hunold     |  9000.00 |
|         104 | Bruce       | Ernst      |  6000.00 |
|         108 | Nancy       | Greenberg  | 12000.00 |
|         109 | Daniel      | Faviet     |  9000.00 |
|         110 | John        | Chen       |  8200.00 |
|         111 | Ismael      | Sciarra    |  7700.00 |
|         112 | Jose Manuel | Urman      |  7800.00 |
|         113 | Luis        | Popp       |  6900.00 |
|         114 | Den         | Raphaely   | 11000.00 |
|         120 | Matthew     | Weiss      |  8000.00 |
|         121 | Adam        | Fripp      |  8200.00 |
|         122 | Payam       | Kaufling   |  7900.00 |
|         123 | Shanta      | Vollman    |  6500.00 |
|         145 | John        | Russell    | 14000.00 |
|         146 | Karen       | Partners   | 13500.00 |
|         147 | Alberto     | Errazuriz  | 12000.00 |
|         148 | Gerald      | Cambrault  | 11000.00 |
|         149 | Eleni       | Zlotkey    | 10500.00 |
|         150 | Peter       | Tucker     | 10000.00 |
|         151 | David       | Bernstein  |  9500.00 |
|         152 | Peter       | Hall       |  9000.00 |
|         153 | Christopher | Olsen      |  8000.00 |
|         154 | Nanette     | Cambrault  |  7500.00 |
|         155 | Oliver      | Tuvault    |  7000.00 |
|         156 | Janette     | King       | 10000.00 |
|         157 | Patrick     | Sully      |  9500.00 |
|         158 | Allan       | McEwen     |  9000.00 |
|         159 | Lindsey     | Smith      |  8000.00 |
|         160 | Louise      | Doran      |  7500.00 |
|         161 | Sarath      | Sewall     |  7000.00 |
|         162 | Clara       | Vishney    | 10500.00 |
|         163 | Danielle    | Greene     |  9500.00 |
|         164 | Mattea      | Marvins    |  7200.00 |
|         165 | David       | Lee        |  6800.00 |
|         166 | Sundar      | Ande       |  6400.00 |
|         167 | Amit        | Banda      |  6200.00 |
|         168 | Lisa        | Ozer       | 11500.00 |
|         169 | Harrison    | Bloom      | 10000.00 |
|         170 | Tayler      | Fox        |  9600.00 |
|         171 | William     | Smith      |  7400.00 |
|         172 | Elizabeth   | Bates      |  7300.00 |
|         173 | Sundita     | Kumar      |  6100.00 |
|         174 | Ellen       | Abel       | 11000.00 |
|         175 | Alyssa      | Hutton     |  8800.00 |
|         176 | Jonathon    | Taylor     |  8600.00 |
|         177 | Jack        | Livingston |  8400.00 |
|         178 | Kimberely   | Grant      |  7000.00 |
|         179 | Charles     | Johnson    |  6200.00 |
|         201 | Michael     | Hartstein  | 13000.00 |
|         202 | Pat         | Fay        |  6000.00 |
|         203 | Susan       | Mavris     |  6500.00 |
|         204 | Hermann     | Baer       | 10000.00 |
|         205 | Shelley     | Higgins    | 12000.00 |
|         206 | William     | Gietz      |  8300.00 |
+-------------+-------------+------------+----------+
57 rows in set (0.01 sec)

MariaDB [csd2204]> select employee_id, first_name, last_name, salary from employees WHERE salary > ANY(SELECT salary from employees where employee_ID IN ( SELECT manager_id from employees) AND department_id IN(select department_id from departments where location_id IN (select location_id from locations where country_id ="US")));
+-------------+-------------+------------+----------+
| employee_id | first_name  | last_name  | salary   |
+-------------+-------------+------------+----------+
|         100 | Steven      | King       | 24000.00 |
|         101 | Neena       | Kochhar    | 17000.00 |
|         102 | Lex         | De Haan    | 17000.00 |
|         103 | Alexander   | Hunold     |  9000.00 |
|         104 | Bruce       | Ernst      |  6000.00 |
|         108 | Nancy       | Greenberg  | 12000.00 |
|         109 | Daniel      | Faviet     |  9000.00 |
|         110 | John        | Chen       |  8200.00 |
|         111 | Ismael      | Sciarra    |  7700.00 |
|         112 | Jose Manuel | Urman      |  7800.00 |
|         113 | Luis        | Popp       |  6900.00 |
|         114 | Den         | Raphaely   | 11000.00 |
|         120 | Matthew     | Weiss      |  8000.00 |
|         121 | Adam        | Fripp      |  8200.00 |
|         122 | Payam       | Kaufling   |  7900.00 |
|         123 | Shanta      | Vollman    |  6500.00 |
|         145 | John        | Russell    | 14000.00 |
|         146 | Karen       | Partners   | 13500.00 |
|         147 | Alberto     | Errazuriz  | 12000.00 |
|         148 | Gerald      | Cambrault  | 11000.00 |
|         149 | Eleni       | Zlotkey    | 10500.00 |
|         150 | Peter       | Tucker     | 10000.00 |
|         151 | David       | Bernstein  |  9500.00 |
|         152 | Peter       | Hall       |  9000.00 |
|         153 | Christopher | Olsen      |  8000.00 |
|         154 | Nanette     | Cambrault  |  7500.00 |
|         155 | Oliver      | Tuvault    |  7000.00 |
|         156 | Janette     | King       | 10000.00 |
|         157 | Patrick     | Sully      |  9500.00 |
|         158 | Allan       | McEwen     |  9000.00 |
|         159 | Lindsey     | Smith      |  8000.00 |
|         160 | Louise      | Doran      |  7500.00 |
|         161 | Sarath      | Sewall     |  7000.00 |
|         162 | Clara       | Vishney    | 10500.00 |
|         163 | Danielle    | Greene     |  9500.00 |
|         164 | Mattea      | Marvins    |  7200.00 |
|         165 | David       | Lee        |  6800.00 |
|         166 | Sundar      | Ande       |  6400.00 |
|         167 | Amit        | Banda      |  6200.00 |
|         168 | Lisa        | Ozer       | 11500.00 |
|         169 | Harrison    | Bloom      | 10000.00 |
|         170 | Tayler      | Fox        |  9600.00 |
|         171 | William     | Smith      |  7400.00 |
|         172 | Elizabeth   | Bates      |  7300.00 |
|         173 | Sundita     | Kumar      |  6100.00 |
|         174 | Ellen       | Abel       | 11000.00 |
|         175 | Alyssa      | Hutton     |  8800.00 |
|         176 | Jonathon    | Taylor     |  8600.00 |
|         177 | Jack        | Livingston |  8400.00 |
|         178 | Kimberely   | Grant      |  7000.00 |
|         179 | Charles     | Johnson    |  6200.00 |
|         201 | Michael     | Hartstein  | 13000.00 |
|         202 | Pat         | Fay        |  6000.00 |
|         203 | Susan       | Mavris     |  6500.00 |
|         204 | Hermann     | Baer       | 10000.00 |
|         205 | Shelley     | Higgins    | 12000.00 |
|         206 | William     | Gietz      |  8300.00 |
+-------------+-------------+------------+----------+
57 rows in set (0.02 sec)

MariaDB [csd2204]> select employee_id, first_name, last_name, salary from employees WHERE salary > ANY(SELECT salary from employees where employee_ID IN ( SELECT manager_id from employees where manager_id!=employee_id) AND department_id IN(select department_id from departments where location_id IN (select location_id from locations where country_id ="US")));
+-------------+-------------+------------+----------+
| employee_id | first_name  | last_name  | salary   |
+-------------+-------------+------------+----------+
|         100 | Steven      | King       | 24000.00 |
|         101 | Neena       | Kochhar    | 17000.00 |
|         102 | Lex         | De Haan    | 17000.00 |
|         103 | Alexander   | Hunold     |  9000.00 |
|         104 | Bruce       | Ernst      |  6000.00 |
|         108 | Nancy       | Greenberg  | 12000.00 |
|         109 | Daniel      | Faviet     |  9000.00 |
|         110 | John        | Chen       |  8200.00 |
|         111 | Ismael      | Sciarra    |  7700.00 |
|         112 | Jose Manuel | Urman      |  7800.00 |
|         113 | Luis        | Popp       |  6900.00 |
|         114 | Den         | Raphaely   | 11000.00 |
|         120 | Matthew     | Weiss      |  8000.00 |
|         121 | Adam        | Fripp      |  8200.00 |
|         122 | Payam       | Kaufling   |  7900.00 |
|         123 | Shanta      | Vollman    |  6500.00 |
|         145 | John        | Russell    | 14000.00 |
|         146 | Karen       | Partners   | 13500.00 |
|         147 | Alberto     | Errazuriz  | 12000.00 |
|         148 | Gerald      | Cambrault  | 11000.00 |
|         149 | Eleni       | Zlotkey    | 10500.00 |
|         150 | Peter       | Tucker     | 10000.00 |
|         151 | David       | Bernstein  |  9500.00 |
|         152 | Peter       | Hall       |  9000.00 |
|         153 | Christopher | Olsen      |  8000.00 |
|         154 | Nanette     | Cambrault  |  7500.00 |
|         155 | Oliver      | Tuvault    |  7000.00 |
|         156 | Janette     | King       | 10000.00 |
|         157 | Patrick     | Sully      |  9500.00 |
|         158 | Allan       | McEwen     |  9000.00 |
|         159 | Lindsey     | Smith      |  8000.00 |
|         160 | Louise      | Doran      |  7500.00 |
|         161 | Sarath      | Sewall     |  7000.00 |
|         162 | Clara       | Vishney    | 10500.00 |
|         163 | Danielle    | Greene     |  9500.00 |
|         164 | Mattea      | Marvins    |  7200.00 |
|         165 | David       | Lee        |  6800.00 |
|         166 | Sundar      | Ande       |  6400.00 |
|         167 | Amit        | Banda      |  6200.00 |
|         168 | Lisa        | Ozer       | 11500.00 |
|         169 | Harrison    | Bloom      | 10000.00 |
|         170 | Tayler      | Fox        |  9600.00 |
|         171 | William     | Smith      |  7400.00 |
|         172 | Elizabeth   | Bates      |  7300.00 |
|         173 | Sundita     | Kumar      |  6100.00 |
|         174 | Ellen       | Abel       | 11000.00 |
|         175 | Alyssa      | Hutton     |  8800.00 |
|         176 | Jonathon    | Taylor     |  8600.00 |
|         177 | Jack        | Livingston |  8400.00 |
|         178 | Kimberely   | Grant      |  7000.00 |
|         179 | Charles     | Johnson    |  6200.00 |
|         201 | Michael     | Hartstein  | 13000.00 |
|         202 | Pat         | Fay        |  6000.00 |
|         203 | Susan       | Mavris     |  6500.00 |
|         204 | Hermann     | Baer       | 10000.00 |
|         205 | Shelley     | Higgins    | 12000.00 |
|         206 | William     | Gietz      |  8300.00 |
+-------------+-------------+------------+----------+
57 rows in set (0.00 sec)

MariaDB [csd2204]> select employee_id, first_name, last_name, salary from employees WHERE salary > ANY(SELECT salary from employees where employee_ID IN ( SELECT manager_id from departments where manager_id!=employee_id) AND department_id IN(select department_id from departments where location_id IN (select location_id from locations where country_id ="US")));
Empty set (0.00 sec)

MariaDB [csd2204]> select employee_id, first_name, last_name, salary from employees WHERE salary > ANY(SELECT salary from employees where employee_ID IN ( SELECT manager_id from employees where IS NULL) AND department_id IN(select department_id from departments where location_id IN (select location_id from locations where country_id ="US")));
ERROR 1064 (42000): You have an error in your SQL syntax; check the manual that corresponds to your MariaDB server version for the right syntax to use near 'IS NULL) AND department_id IN(select department_id from departments where locati' at line 1
MariaDB [csd2204]> select employee_id, first_name, last_name, salary from employees WHERE salary > ANY(SELECT salary from employees where employee_ID IN ( SELECT manager_id from employees where employee_id != manager_id) AND department_id IN(select department_id from departments where location_id IN (select location_id from locations where country_id ="US")));
+-------------+-------------+------------+----------+
| employee_id | first_name  | last_name  | salary   |
+-------------+-------------+------------+----------+
|         100 | Steven      | King       | 24000.00 |
|         101 | Neena       | Kochhar    | 17000.00 |
|         102 | Lex         | De Haan    | 17000.00 |
|         103 | Alexander   | Hunold     |  9000.00 |
|         104 | Bruce       | Ernst      |  6000.00 |
|         108 | Nancy       | Greenberg  | 12000.00 |
|         109 | Daniel      | Faviet     |  9000.00 |
|         110 | John        | Chen       |  8200.00 |
|         111 | Ismael      | Sciarra    |  7700.00 |
|         112 | Jose Manuel | Urman      |  7800.00 |
|         113 | Luis        | Popp       |  6900.00 |
|         114 | Den         | Raphaely   | 11000.00 |
|         120 | Matthew     | Weiss      |  8000.00 |
|         121 | Adam        | Fripp      |  8200.00 |
|         122 | Payam       | Kaufling   |  7900.00 |
|         123 | Shanta      | Vollman    |  6500.00 |
|         145 | John        | Russell    | 14000.00 |
|         146 | Karen       | Partners   | 13500.00 |
|         147 | Alberto     | Errazuriz  | 12000.00 |
|         148 | Gerald      | Cambrault  | 11000.00 |
|         149 | Eleni       | Zlotkey    | 10500.00 |
|         150 | Peter       | Tucker     | 10000.00 |
|         151 | David       | Bernstein  |  9500.00 |
|         152 | Peter       | Hall       |  9000.00 |
|         153 | Christopher | Olsen      |  8000.00 |
|         154 | Nanette     | Cambrault  |  7500.00 |
|         155 | Oliver      | Tuvault    |  7000.00 |
|         156 | Janette     | King       | 10000.00 |
|         157 | Patrick     | Sully      |  9500.00 |
|         158 | Allan       | McEwen     |  9000.00 |
|         159 | Lindsey     | Smith      |  8000.00 |
|         160 | Louise      | Doran      |  7500.00 |
|         161 | Sarath      | Sewall     |  7000.00 |
|         162 | Clara       | Vishney    | 10500.00 |
|         163 | Danielle    | Greene     |  9500.00 |
|         164 | Mattea      | Marvins    |  7200.00 |
|         165 | David       | Lee        |  6800.00 |
|         166 | Sundar      | Ande       |  6400.00 |
|         167 | Amit        | Banda      |  6200.00 |
|         168 | Lisa        | Ozer       | 11500.00 |
|         169 | Harrison    | Bloom      | 10000.00 |
|         170 | Tayler      | Fox        |  9600.00 |
|         171 | William     | Smith      |  7400.00 |
|         172 | Elizabeth   | Bates      |  7300.00 |
|         173 | Sundita     | Kumar      |  6100.00 |
|         174 | Ellen       | Abel       | 11000.00 |
|         175 | Alyssa      | Hutton     |  8800.00 |
|         176 | Jonathon    | Taylor     |  8600.00 |
|         177 | Jack        | Livingston |  8400.00 |
|         178 | Kimberely   | Grant      |  7000.00 |
|         179 | Charles     | Johnson    |  6200.00 |
|         201 | Michael     | Hartstein  | 13000.00 |
|         202 | Pat         | Fay        |  6000.00 |
|         203 | Susan       | Mavris     |  6500.00 |
|         204 | Hermann     | Baer       | 10000.00 |
|         205 | Shelley     | Higgins    | 12000.00 |
|         206 | William     | Gietz      |  8300.00 |
+-------------+-------------+------------+----------+
57 rows in set (0.00 sec)

MariaDB [csd2204]> select employee_id, first_name, last_name, salary from employees WHERE salary > ANY(SELECT salary from employees where employee_ID IN ( SELECT manager_id from employees WHERE EXISTS employee_id != manager_id) AND department_id IN(select department_id from departments where location_id IN (select location_id from locations where country_id ="US")));
ERROR 1064 (42000): You have an error in your SQL syntax; check the manual that corresponds to your MariaDB server version for the right syntax to use near 'employee_id != manager_id) AND department_id IN(select department_id from depart' at line 1
MariaDB [csd2204]> select employee_id, first_name, last_name, salary from employees WHERE salary > ANY(SELECT salary from employees where employee_ID IN ( SELECT manager_id from employees WHERE EXISTS select departments where employee_id != manager_id) AND department_id IN(select department_id from departments where location_id IN (select location_id from locations where country_id ="US")));
ERROR 1064 (42000): You have an error in your SQL syntax; check the manual that corresponds to your MariaDB server version for the right syntax to use near 'select departments where employee_id != manager_id) AND department_id IN(select ' at line 1
MariaDB [csd2204]> select employee_id, first_name, last_name, salary from employees WHERE salary > ANY(SELECT salary from employees where employee_ID IN ( SELECT manager_id from employees WHERE EXISTS (select departments where employee_id != manager_id)) AND department_id IN(select department_id from departments where location_id IN (select location_id from locations where country_id ="US")));
ERROR 1054 (42S22): Unknown column 'departments' in 'field list'
MariaDB [csd2204]> select employee_id, first_name, last_name, salary from employees WHERE salary > ANY(SELECT salary from employees where employee_ID IN ( SELECT manager_id from employees WHERE EXISTS (select manager_id where employee_id != manager_id)) AND department_id IN(select department_id from departments where location_id IN (select location_id from locations where country_id ="US")));
+-------------+-------------+------------+----------+
| employee_id | first_name  | last_name  | salary   |
+-------------+-------------+------------+----------+
|         100 | Steven      | King       | 24000.00 |
|         101 | Neena       | Kochhar    | 17000.00 |
|         102 | Lex         | De Haan    | 17000.00 |
|         103 | Alexander   | Hunold     |  9000.00 |
|         104 | Bruce       | Ernst      |  6000.00 |
|         108 | Nancy       | Greenberg  | 12000.00 |
|         109 | Daniel      | Faviet     |  9000.00 |
|         110 | John        | Chen       |  8200.00 |
|         111 | Ismael      | Sciarra    |  7700.00 |
|         112 | Jose Manuel | Urman      |  7800.00 |
|         113 | Luis        | Popp       |  6900.00 |
|         114 | Den         | Raphaely   | 11000.00 |
|         120 | Matthew     | Weiss      |  8000.00 |
|         121 | Adam        | Fripp      |  8200.00 |
|         122 | Payam       | Kaufling   |  7900.00 |
|         123 | Shanta      | Vollman    |  6500.00 |
|         145 | John        | Russell    | 14000.00 |
|         146 | Karen       | Partners   | 13500.00 |
|         147 | Alberto     | Errazuriz  | 12000.00 |
|         148 | Gerald      | Cambrault  | 11000.00 |
|         149 | Eleni       | Zlotkey    | 10500.00 |
|         150 | Peter       | Tucker     | 10000.00 |
|         151 | David       | Bernstein  |  9500.00 |
|         152 | Peter       | Hall       |  9000.00 |
|         153 | Christopher | Olsen      |  8000.00 |
|         154 | Nanette     | Cambrault  |  7500.00 |
|         155 | Oliver      | Tuvault    |  7000.00 |
|         156 | Janette     | King       | 10000.00 |
|         157 | Patrick     | Sully      |  9500.00 |
|         158 | Allan       | McEwen     |  9000.00 |
|         159 | Lindsey     | Smith      |  8000.00 |
|         160 | Louise      | Doran      |  7500.00 |
|         161 | Sarath      | Sewall     |  7000.00 |
|         162 | Clara       | Vishney    | 10500.00 |
|         163 | Danielle    | Greene     |  9500.00 |
|         164 | Mattea      | Marvins    |  7200.00 |
|         165 | David       | Lee        |  6800.00 |
|         166 | Sundar      | Ande       |  6400.00 |
|         167 | Amit        | Banda      |  6200.00 |
|         168 | Lisa        | Ozer       | 11500.00 |
|         169 | Harrison    | Bloom      | 10000.00 |
|         170 | Tayler      | Fox        |  9600.00 |
|         171 | William     | Smith      |  7400.00 |
|         172 | Elizabeth   | Bates      |  7300.00 |
|         173 | Sundita     | Kumar      |  6100.00 |
|         174 | Ellen       | Abel       | 11000.00 |
|         175 | Alyssa      | Hutton     |  8800.00 |
|         176 | Jonathon    | Taylor     |  8600.00 |
|         177 | Jack        | Livingston |  8400.00 |
|         178 | Kimberely   | Grant      |  7000.00 |
|         179 | Charles     | Johnson    |  6200.00 |
|         201 | Michael     | Hartstein  | 13000.00 |
|         202 | Pat         | Fay        |  6000.00 |
|         203 | Susan       | Mavris     |  6500.00 |
|         204 | Hermann     | Baer       | 10000.00 |
|         205 | Shelley     | Higgins    | 12000.00 |
|         206 | William     | Gietz      |  8300.00 |
+-------------+-------------+------------+----------+
57 rows in set (0.00 sec)

MariaDB [csd2204]> select employee_id, first_name, last_name, salary from employees WHERE salary > ANY(SELECT salary from employees where employee_ID IN ( SELECT manager_id from employees WHERE employee_id != manager_id) AND department_id IN(select department_id from departments where location_id IN (select location_id from locations where country_id ="US")));
+-------------+-------------+------------+----------+
| employee_id | first_name  | last_name  | salary   |
+-------------+-------------+------------+----------+
|         100 | Steven      | King       | 24000.00 |
|         101 | Neena       | Kochhar    | 17000.00 |
|         102 | Lex         | De Haan    | 17000.00 |
|         103 | Alexander   | Hunold     |  9000.00 |
|         104 | Bruce       | Ernst      |  6000.00 |
|         108 | Nancy       | Greenberg  | 12000.00 |
|         109 | Daniel      | Faviet     |  9000.00 |
|         110 | John        | Chen       |  8200.00 |
|         111 | Ismael      | Sciarra    |  7700.00 |
|         112 | Jose Manuel | Urman      |  7800.00 |
|         113 | Luis        | Popp       |  6900.00 |
|         114 | Den         | Raphaely   | 11000.00 |
|         120 | Matthew     | Weiss      |  8000.00 |
|         121 | Adam        | Fripp      |  8200.00 |
|         122 | Payam       | Kaufling   |  7900.00 |
|         123 | Shanta      | Vollman    |  6500.00 |
|         145 | John        | Russell    | 14000.00 |
|         146 | Karen       | Partners   | 13500.00 |
|         147 | Alberto     | Errazuriz  | 12000.00 |
|         148 | Gerald      | Cambrault  | 11000.00 |
|         149 | Eleni       | Zlotkey    | 10500.00 |
|         150 | Peter       | Tucker     | 10000.00 |
|         151 | David       | Bernstein  |  9500.00 |
|         152 | Peter       | Hall       |  9000.00 |
|         153 | Christopher | Olsen      |  8000.00 |
|         154 | Nanette     | Cambrault  |  7500.00 |
|         155 | Oliver      | Tuvault    |  7000.00 |
|         156 | Janette     | King       | 10000.00 |
|         157 | Patrick     | Sully      |  9500.00 |
|         158 | Allan       | McEwen     |  9000.00 |
|         159 | Lindsey     | Smith      |  8000.00 |
|         160 | Louise      | Doran      |  7500.00 |
|         161 | Sarath      | Sewall     |  7000.00 |
|         162 | Clara       | Vishney    | 10500.00 |
|         163 | Danielle    | Greene     |  9500.00 |
|         164 | Mattea      | Marvins    |  7200.00 |
|         165 | David       | Lee        |  6800.00 |
|         166 | Sundar      | Ande       |  6400.00 |
|         167 | Amit        | Banda      |  6200.00 |
|         168 | Lisa        | Ozer       | 11500.00 |
|         169 | Harrison    | Bloom      | 10000.00 |
|         170 | Tayler      | Fox        |  9600.00 |
|         171 | William     | Smith      |  7400.00 |
|         172 | Elizabeth   | Bates      |  7300.00 |
|         173 | Sundita     | Kumar      |  6100.00 |
|         174 | Ellen       | Abel       | 11000.00 |
|         175 | Alyssa      | Hutton     |  8800.00 |
|         176 | Jonathon    | Taylor     |  8600.00 |
|         177 | Jack        | Livingston |  8400.00 |
|         178 | Kimberely   | Grant      |  7000.00 |
|         179 | Charles     | Johnson    |  6200.00 |
|         201 | Michael     | Hartstein  | 13000.00 |
|         202 | Pat         | Fay        |  6000.00 |
|         203 | Susan       | Mavris     |  6500.00 |
|         204 | Hermann     | Baer       | 10000.00 |
|         205 | Shelley     | Higgins    | 12000.00 |
|         206 | William     | Gietz      |  8300.00 |
+-------------+-------------+------------+----------+
57 rows in set (0.00 sec)

MariaDB [csd2204]> select employee_id, first_name, last_name, salary from employees WHERE salary > ANY(SELECT salary from employees where employee_ID IN ( SELECT manager_id from employees WHERE EXISTS(select*from departments where employee_id != manager_id) AND department_id IN(select department_id from departments where location_id IN (select location_id from locations where country_id ="US")));
ERROR 1064 (42000): You have an error in your SQL syntax; check the manual that corresponds to your MariaDB server version for the right syntax to use near '' at line 1
MariaDB [csd2204]> select employee_id, first_name, last_name, salary from employees WHERE salary > ANY(SELECT salary from employees where employee_ID IN ( SELECT manager_id from employees WHERE EXISTS(select*from departments where employee_id != manager_id)) AND department_id IN(select department_id from departments where location_id IN (select location_id from locations where country_id ="US")));
+-------------+-------------+------------+----------+
| employee_id | first_name  | last_name  | salary   |
+-------------+-------------+------------+----------+
|         100 | Steven      | King       | 24000.00 |
|         101 | Neena       | Kochhar    | 17000.00 |
|         102 | Lex         | De Haan    | 17000.00 |
|         103 | Alexander   | Hunold     |  9000.00 |
|         104 | Bruce       | Ernst      |  6000.00 |
|         108 | Nancy       | Greenberg  | 12000.00 |
|         109 | Daniel      | Faviet     |  9000.00 |
|         110 | John        | Chen       |  8200.00 |
|         111 | Ismael      | Sciarra    |  7700.00 |
|         112 | Jose Manuel | Urman      |  7800.00 |
|         113 | Luis        | Popp       |  6900.00 |
|         114 | Den         | Raphaely   | 11000.00 |
|         120 | Matthew     | Weiss      |  8000.00 |
|         121 | Adam        | Fripp      |  8200.00 |
|         122 | Payam       | Kaufling   |  7900.00 |
|         123 | Shanta      | Vollman    |  6500.00 |
|         145 | John        | Russell    | 14000.00 |
|         146 | Karen       | Partners   | 13500.00 |
|         147 | Alberto     | Errazuriz  | 12000.00 |
|         148 | Gerald      | Cambrault  | 11000.00 |
|         149 | Eleni       | Zlotkey    | 10500.00 |
|         150 | Peter       | Tucker     | 10000.00 |
|         151 | David       | Bernstein  |  9500.00 |
|         152 | Peter       | Hall       |  9000.00 |
|         153 | Christopher | Olsen      |  8000.00 |
|         154 | Nanette     | Cambrault  |  7500.00 |
|         155 | Oliver      | Tuvault    |  7000.00 |
|         156 | Janette     | King       | 10000.00 |
|         157 | Patrick     | Sully      |  9500.00 |
|         158 | Allan       | McEwen     |  9000.00 |
|         159 | Lindsey     | Smith      |  8000.00 |
|         160 | Louise      | Doran      |  7500.00 |
|         161 | Sarath      | Sewall     |  7000.00 |
|         162 | Clara       | Vishney    | 10500.00 |
|         163 | Danielle    | Greene     |  9500.00 |
|         164 | Mattea      | Marvins    |  7200.00 |
|         165 | David       | Lee        |  6800.00 |
|         166 | Sundar      | Ande       |  6400.00 |
|         167 | Amit        | Banda      |  6200.00 |
|         168 | Lisa        | Ozer       | 11500.00 |
|         169 | Harrison    | Bloom      | 10000.00 |
|         170 | Tayler      | Fox        |  9600.00 |
|         171 | William     | Smith      |  7400.00 |
|         172 | Elizabeth   | Bates      |  7300.00 |
|         173 | Sundita     | Kumar      |  6100.00 |
|         174 | Ellen       | Abel       | 11000.00 |
|         175 | Alyssa      | Hutton     |  8800.00 |
|         176 | Jonathon    | Taylor     |  8600.00 |
|         177 | Jack        | Livingston |  8400.00 |
|         178 | Kimberely   | Grant      |  7000.00 |
|         179 | Charles     | Johnson    |  6200.00 |
|         201 | Michael     | Hartstein  | 13000.00 |
|         202 | Pat         | Fay        |  6000.00 |
|         203 | Susan       | Mavris     |  6500.00 |
|         204 | Hermann     | Baer       | 10000.00 |
|         205 | Shelley     | Higgins    | 12000.00 |
|         206 | William     | Gietz      |  8300.00 |
+-------------+-------------+------------+----------+
57 rows in set (0.00 sec)

MariaDB [csd2204]> select employee_id, first_name, last_name, salary from employees WHERE salary > ANY(SELECT salary from employees where employee_ID IN ( SELECT manager_id from employees WHERE NOT EXISTS(select*from departments where employee_id = manager_id)) AND department_id IN(select department_id from departments where location_id IN (select location_id from locations where country_id ="US")));
+-------------+-------------+------------+----------+
| employee_id | first_name  | last_name  | salary   |
+-------------+-------------+------------+----------+
|         100 | Steven      | King       | 24000.00 |
|         101 | Neena       | Kochhar    | 17000.00 |
|         102 | Lex         | De Haan    | 17000.00 |
|         103 | Alexander   | Hunold     |  9000.00 |
|         104 | Bruce       | Ernst      |  6000.00 |
|         108 | Nancy       | Greenberg  | 12000.00 |
|         109 | Daniel      | Faviet     |  9000.00 |
|         110 | John        | Chen       |  8200.00 |
|         111 | Ismael      | Sciarra    |  7700.00 |
|         112 | Jose Manuel | Urman      |  7800.00 |
|         113 | Luis        | Popp       |  6900.00 |
|         114 | Den         | Raphaely   | 11000.00 |
|         120 | Matthew     | Weiss      |  8000.00 |
|         121 | Adam        | Fripp      |  8200.00 |
|         122 | Payam       | Kaufling   |  7900.00 |
|         123 | Shanta      | Vollman    |  6500.00 |
|         145 | John        | Russell    | 14000.00 |
|         146 | Karen       | Partners   | 13500.00 |
|         147 | Alberto     | Errazuriz  | 12000.00 |
|         148 | Gerald      | Cambrault  | 11000.00 |
|         149 | Eleni       | Zlotkey    | 10500.00 |
|         150 | Peter       | Tucker     | 10000.00 |
|         151 | David       | Bernstein  |  9500.00 |
|         152 | Peter       | Hall       |  9000.00 |
|         153 | Christopher | Olsen      |  8000.00 |
|         154 | Nanette     | Cambrault  |  7500.00 |
|         155 | Oliver      | Tuvault    |  7000.00 |
|         156 | Janette     | King       | 10000.00 |
|         157 | Patrick     | Sully      |  9500.00 |
|         158 | Allan       | McEwen     |  9000.00 |
|         159 | Lindsey     | Smith      |  8000.00 |
|         160 | Louise      | Doran      |  7500.00 |
|         161 | Sarath      | Sewall     |  7000.00 |
|         162 | Clara       | Vishney    | 10500.00 |
|         163 | Danielle    | Greene     |  9500.00 |
|         164 | Mattea      | Marvins    |  7200.00 |
|         165 | David       | Lee        |  6800.00 |
|         166 | Sundar      | Ande       |  6400.00 |
|         167 | Amit        | Banda      |  6200.00 |
|         168 | Lisa        | Ozer       | 11500.00 |
|         169 | Harrison    | Bloom      | 10000.00 |
|         170 | Tayler      | Fox        |  9600.00 |
|         171 | William     | Smith      |  7400.00 |
|         172 | Elizabeth   | Bates      |  7300.00 |
|         173 | Sundita     | Kumar      |  6100.00 |
|         174 | Ellen       | Abel       | 11000.00 |
|         175 | Alyssa      | Hutton     |  8800.00 |
|         176 | Jonathon    | Taylor     |  8600.00 |
|         177 | Jack        | Livingston |  8400.00 |
|         178 | Kimberely   | Grant      |  7000.00 |
|         179 | Charles     | Johnson    |  6200.00 |
|         201 | Michael     | Hartstein  | 13000.00 |
|         202 | Pat         | Fay        |  6000.00 |
|         203 | Susan       | Mavris     |  6500.00 |
|         204 | Hermann     | Baer       | 10000.00 |
|         205 | Shelley     | Higgins    | 12000.00 |
|         206 | William     | Gietz      |  8300.00 |
+-------------+-------------+------------+----------+
57 rows in set (0.00 sec)

MariaDB [csd2204]> select employee_id, first_name, last_name, salary from employees WHERE salary > ANY(SELECT salary from employees where employee_ID IN ( SELECT manager_id from employees WHERE employee_id <> manager_id) AND department_id IN(select department_id from departments where location_id IN (select location_id from locations where country_id ="US")));
+-------------+-------------+------------+----------+
| employee_id | first_name  | last_name  | salary   |
+-------------+-------------+------------+----------+
|         100 | Steven      | King       | 24000.00 |
|         101 | Neena       | Kochhar    | 17000.00 |
|         102 | Lex         | De Haan    | 17000.00 |
|         103 | Alexander   | Hunold     |  9000.00 |
|         104 | Bruce       | Ernst      |  6000.00 |
|         108 | Nancy       | Greenberg  | 12000.00 |
|         109 | Daniel      | Faviet     |  9000.00 |
|         110 | John        | Chen       |  8200.00 |
|         111 | Ismael      | Sciarra    |  7700.00 |
|         112 | Jose Manuel | Urman      |  7800.00 |
|         113 | Luis        | Popp       |  6900.00 |
|         114 | Den         | Raphaely   | 11000.00 |
|         120 | Matthew     | Weiss      |  8000.00 |
|         121 | Adam        | Fripp      |  8200.00 |
|         122 | Payam       | Kaufling   |  7900.00 |
|         123 | Shanta      | Vollman    |  6500.00 |
|         145 | John        | Russell    | 14000.00 |
|         146 | Karen       | Partners   | 13500.00 |
|         147 | Alberto     | Errazuriz  | 12000.00 |
|         148 | Gerald      | Cambrault  | 11000.00 |
|         149 | Eleni       | Zlotkey    | 10500.00 |
|         150 | Peter       | Tucker     | 10000.00 |
|         151 | David       | Bernstein  |  9500.00 |
|         152 | Peter       | Hall       |  9000.00 |
|         153 | Christopher | Olsen      |  8000.00 |
|         154 | Nanette     | Cambrault  |  7500.00 |
|         155 | Oliver      | Tuvault    |  7000.00 |
|         156 | Janette     | King       | 10000.00 |
|         157 | Patrick     | Sully      |  9500.00 |
|         158 | Allan       | McEwen     |  9000.00 |
|         159 | Lindsey     | Smith      |  8000.00 |
|         160 | Louise      | Doran      |  7500.00 |
|         161 | Sarath      | Sewall     |  7000.00 |
|         162 | Clara       | Vishney    | 10500.00 |
|         163 | Danielle    | Greene     |  9500.00 |
|         164 | Mattea      | Marvins    |  7200.00 |
|         165 | David       | Lee        |  6800.00 |
|         166 | Sundar      | Ande       |  6400.00 |
|         167 | Amit        | Banda      |  6200.00 |
|         168 | Lisa        | Ozer       | 11500.00 |
|         169 | Harrison    | Bloom      | 10000.00 |
|         170 | Tayler      | Fox        |  9600.00 |
|         171 | William     | Smith      |  7400.00 |
|         172 | Elizabeth   | Bates      |  7300.00 |
|         173 | Sundita     | Kumar      |  6100.00 |
|         174 | Ellen       | Abel       | 11000.00 |
|         175 | Alyssa      | Hutton     |  8800.00 |
|         176 | Jonathon    | Taylor     |  8600.00 |
|         177 | Jack        | Livingston |  8400.00 |
|         178 | Kimberely   | Grant      |  7000.00 |
|         179 | Charles     | Johnson    |  6200.00 |
|         201 | Michael     | Hartstein  | 13000.00 |
|         202 | Pat         | Fay        |  6000.00 |
|         203 | Susan       | Mavris     |  6500.00 |
|         204 | Hermann     | Baer       | 10000.00 |
|         205 | Shelley     | Higgins    | 12000.00 |
|         206 | William     | Gietz      |  8300.00 |
+-------------+-------------+------------+----------+
57 rows in set (0.00 sec)

MariaDB [csd2204]> select employee_id, first_name, last_name, salary from employees WHERE salary > ANY(SELECT salary from employees where employee_ID IN ( SELECT manager_id from employees WHERE employee_id <> manager_id) AND department_id IN(select department_id from departments where location_id IN (select location_id from locations where country_id ="US")));
+-------------+-------------+------------+----------+
| employee_id | first_name  | last_name  | salary   |
+-------------+-------------+------------+----------+
|         100 | Steven      | King       | 24000.00 |
|         101 | Neena       | Kochhar    | 17000.00 |
|         102 | Lex         | De Haan    | 17000.00 |
|         103 | Alexander   | Hunold     |  9000.00 |
|         104 | Bruce       | Ernst      |  6000.00 |
|         108 | Nancy       | Greenberg  | 12000.00 |
|         109 | Daniel      | Faviet     |  9000.00 |
|         110 | John        | Chen       |  8200.00 |
|         111 | Ismael      | Sciarra    |  7700.00 |
|         112 | Jose Manuel | Urman      |  7800.00 |
|         113 | Luis        | Popp       |  6900.00 |
|         114 | Den         | Raphaely   | 11000.00 |
|         120 | Matthew     | Weiss      |  8000.00 |
|         121 | Adam        | Fripp      |  8200.00 |
|         122 | Payam       | Kaufling   |  7900.00 |
|         123 | Shanta      | Vollman    |  6500.00 |
|         145 | John        | Russell    | 14000.00 |
|         146 | Karen       | Partners   | 13500.00 |
|         147 | Alberto     | Errazuriz  | 12000.00 |
|         148 | Gerald      | Cambrault  | 11000.00 |
|         149 | Eleni       | Zlotkey    | 10500.00 |
|         150 | Peter       | Tucker     | 10000.00 |
|         151 | David       | Bernstein  |  9500.00 |
|         152 | Peter       | Hall       |  9000.00 |
|         153 | Christopher | Olsen      |  8000.00 |
|         154 | Nanette     | Cambrault  |  7500.00 |
|         155 | Oliver      | Tuvault    |  7000.00 |
|         156 | Janette     | King       | 10000.00 |
|         157 | Patrick     | Sully      |  9500.00 |
|         158 | Allan       | McEwen     |  9000.00 |
|         159 | Lindsey     | Smith      |  8000.00 |
|         160 | Louise      | Doran      |  7500.00 |
|         161 | Sarath      | Sewall     |  7000.00 |
|         162 | Clara       | Vishney    | 10500.00 |
|         163 | Danielle    | Greene     |  9500.00 |
|         164 | Mattea      | Marvins    |  7200.00 |
|         165 | David       | Lee        |  6800.00 |
|         166 | Sundar      | Ande       |  6400.00 |
|         167 | Amit        | Banda      |  6200.00 |
|         168 | Lisa        | Ozer       | 11500.00 |
|         169 | Harrison    | Bloom      | 10000.00 |
|         170 | Tayler      | Fox        |  9600.00 |
|         171 | William     | Smith      |  7400.00 |
|         172 | Elizabeth   | Bates      |  7300.00 |
|         173 | Sundita     | Kumar      |  6100.00 |
|         174 | Ellen       | Abel       | 11000.00 |
|         175 | Alyssa      | Hutton     |  8800.00 |
|         176 | Jonathon    | Taylor     |  8600.00 |
|         177 | Jack        | Livingston |  8400.00 |
|         178 | Kimberely   | Grant      |  7000.00 |
|         179 | Charles     | Johnson    |  6200.00 |
|         201 | Michael     | Hartstein  | 13000.00 |
|         202 | Pat         | Fay        |  6000.00 |
|         203 | Susan       | Mavris     |  6500.00 |
|         204 | Hermann     | Baer       | 10000.00 |
|         205 | Shelley     | Higgins    | 12000.00 |
|         206 | William     | Gietz      |  8300.00 |
+-------------+-------------+------------+----------+
57 rows in set (0.00 sec)

MariaDB [csd2204]> select employee_id, first_name, last_name, salary from employees WHERE salary > ANY(SELECT salary from employees where (employee_ID IN (SELECT manager_id from employees)) AND department_id IN(select department_id from departments where location_id IN (select location_id from locations where country_id ="US")));
+-------------+-------------+------------+----------+
| employee_id | first_name  | last_name  | salary   |
+-------------+-------------+------------+----------+
|         100 | Steven      | King       | 24000.00 |
|         101 | Neena       | Kochhar    | 17000.00 |
|         102 | Lex         | De Haan    | 17000.00 |
|         103 | Alexander   | Hunold     |  9000.00 |
|         104 | Bruce       | Ernst      |  6000.00 |
|         108 | Nancy       | Greenberg  | 12000.00 |
|         109 | Daniel      | Faviet     |  9000.00 |
|         110 | John        | Chen       |  8200.00 |
|         111 | Ismael      | Sciarra    |  7700.00 |
|         112 | Jose Manuel | Urman      |  7800.00 |
|         113 | Luis        | Popp       |  6900.00 |
|         114 | Den         | Raphaely   | 11000.00 |
|         120 | Matthew     | Weiss      |  8000.00 |
|         121 | Adam        | Fripp      |  8200.00 |
|         122 | Payam       | Kaufling   |  7900.00 |
|         123 | Shanta      | Vollman    |  6500.00 |
|         145 | John        | Russell    | 14000.00 |
|         146 | Karen       | Partners   | 13500.00 |
|         147 | Alberto     | Errazuriz  | 12000.00 |
|         148 | Gerald      | Cambrault  | 11000.00 |
|         149 | Eleni       | Zlotkey    | 10500.00 |
|         150 | Peter       | Tucker     | 10000.00 |
|         151 | David       | Bernstein  |  9500.00 |
|         152 | Peter       | Hall       |  9000.00 |
|         153 | Christopher | Olsen      |  8000.00 |
|         154 | Nanette     | Cambrault  |  7500.00 |
|         155 | Oliver      | Tuvault    |  7000.00 |
|         156 | Janette     | King       | 10000.00 |
|         157 | Patrick     | Sully      |  9500.00 |
|         158 | Allan       | McEwen     |  9000.00 |
|         159 | Lindsey     | Smith      |  8000.00 |
|         160 | Louise      | Doran      |  7500.00 |
|         161 | Sarath      | Sewall     |  7000.00 |
|         162 | Clara       | Vishney    | 10500.00 |
|         163 | Danielle    | Greene     |  9500.00 |
|         164 | Mattea      | Marvins    |  7200.00 |
|         165 | David       | Lee        |  6800.00 |
|         166 | Sundar      | Ande       |  6400.00 |
|         167 | Amit        | Banda      |  6200.00 |
|         168 | Lisa        | Ozer       | 11500.00 |
|         169 | Harrison    | Bloom      | 10000.00 |
|         170 | Tayler      | Fox        |  9600.00 |
|         171 | William     | Smith      |  7400.00 |
|         172 | Elizabeth   | Bates      |  7300.00 |
|         173 | Sundita     | Kumar      |  6100.00 |
|         174 | Ellen       | Abel       | 11000.00 |
|         175 | Alyssa      | Hutton     |  8800.00 |
|         176 | Jonathon    | Taylor     |  8600.00 |
|         177 | Jack        | Livingston |  8400.00 |
|         178 | Kimberely   | Grant      |  7000.00 |
|         179 | Charles     | Johnson    |  6200.00 |
|         201 | Michael     | Hartstein  | 13000.00 |
|         202 | Pat         | Fay        |  6000.00 |
|         203 | Susan       | Mavris     |  6500.00 |
|         204 | Hermann     | Baer       | 10000.00 |
|         205 | Shelley     | Higgins    | 12000.00 |
|         206 | William     | Gietz      |  8300.00 |
+-------------+-------------+------------+----------+
57 rows in set (0.00 sec)

MariaDB [csd2204]> select employee_id, first_name, last_name, salary from employees WHERE salary > ANY(SELECT salary from employees where (employee_ID IN (SELECT manager_id from employees WHERE NOT EXISTS(SELECT*from departments where manager_id=employee_id))) AND department_id IN(select department_id from departments where location_id IN (select location_id from locations where country_id ="US")));
+-------------+-------------+------------+----------+
| employee_id | first_name  | last_name  | salary   |
+-------------+-------------+------------+----------+
|         100 | Steven      | King       | 24000.00 |
|         101 | Neena       | Kochhar    | 17000.00 |
|         102 | Lex         | De Haan    | 17000.00 |
|         103 | Alexander   | Hunold     |  9000.00 |
|         104 | Bruce       | Ernst      |  6000.00 |
|         108 | Nancy       | Greenberg  | 12000.00 |
|         109 | Daniel      | Faviet     |  9000.00 |
|         110 | John        | Chen       |  8200.00 |
|         111 | Ismael      | Sciarra    |  7700.00 |
|         112 | Jose Manuel | Urman      |  7800.00 |
|         113 | Luis        | Popp       |  6900.00 |
|         114 | Den         | Raphaely   | 11000.00 |
|         120 | Matthew     | Weiss      |  8000.00 |
|         121 | Adam        | Fripp      |  8200.00 |
|         122 | Payam       | Kaufling   |  7900.00 |
|         123 | Shanta      | Vollman    |  6500.00 |
|         145 | John        | Russell    | 14000.00 |
|         146 | Karen       | Partners   | 13500.00 |
|         147 | Alberto     | Errazuriz  | 12000.00 |
|         148 | Gerald      | Cambrault  | 11000.00 |
|         149 | Eleni       | Zlotkey    | 10500.00 |
|         150 | Peter       | Tucker     | 10000.00 |
|         151 | David       | Bernstein  |  9500.00 |
|         152 | Peter       | Hall       |  9000.00 |
|         153 | Christopher | Olsen      |  8000.00 |
|         154 | Nanette     | Cambrault  |  7500.00 |
|         155 | Oliver      | Tuvault    |  7000.00 |
|         156 | Janette     | King       | 10000.00 |
|         157 | Patrick     | Sully      |  9500.00 |
|         158 | Allan       | McEwen     |  9000.00 |
|         159 | Lindsey     | Smith      |  8000.00 |
|         160 | Louise      | Doran      |  7500.00 |
|         161 | Sarath      | Sewall     |  7000.00 |
|         162 | Clara       | Vishney    | 10500.00 |
|         163 | Danielle    | Greene     |  9500.00 |
|         164 | Mattea      | Marvins    |  7200.00 |
|         165 | David       | Lee        |  6800.00 |
|         166 | Sundar      | Ande       |  6400.00 |
|         167 | Amit        | Banda      |  6200.00 |
|         168 | Lisa        | Ozer       | 11500.00 |
|         169 | Harrison    | Bloom      | 10000.00 |
|         170 | Tayler      | Fox        |  9600.00 |
|         171 | William     | Smith      |  7400.00 |
|         172 | Elizabeth   | Bates      |  7300.00 |
|         173 | Sundita     | Kumar      |  6100.00 |
|         174 | Ellen       | Abel       | 11000.00 |
|         175 | Alyssa      | Hutton     |  8800.00 |
|         176 | Jonathon    | Taylor     |  8600.00 |
|         177 | Jack        | Livingston |  8400.00 |
|         178 | Kimberely   | Grant      |  7000.00 |
|         179 | Charles     | Johnson    |  6200.00 |
|         201 | Michael     | Hartstein  | 13000.00 |
|         202 | Pat         | Fay        |  6000.00 |
|         203 | Susan       | Mavris     |  6500.00 |
|         204 | Hermann     | Baer       | 10000.00 |
|         205 | Shelley     | Higgins    | 12000.00 |
|         206 | William     | Gietz      |  8300.00 |
+-------------+-------------+------------+----------+
57 rows in set (0.00 sec)

MariaDB [csd2204]> select employee_id, first_name, last_name, salary from employees WHERE salary > ANY(SELECT salary from employees where employee_ID IN (SELECT manager_id from employees WHERE manager_id <> employee_id) AND department_id IN(select department_id from departments where location_id IN (select location_id from locations where country_id ="US")));
+-------------+-------------+------------+----------+
| employee_id | first_name  | last_name  | salary   |
+-------------+-------------+------------+----------+
|         100 | Steven      | King       | 24000.00 |
|         101 | Neena       | Kochhar    | 17000.00 |
|         102 | Lex         | De Haan    | 17000.00 |
|         103 | Alexander   | Hunold     |  9000.00 |
|         104 | Bruce       | Ernst      |  6000.00 |
|         108 | Nancy       | Greenberg  | 12000.00 |
|         109 | Daniel      | Faviet     |  9000.00 |
|         110 | John        | Chen       |  8200.00 |
|         111 | Ismael      | Sciarra    |  7700.00 |
|         112 | Jose Manuel | Urman      |  7800.00 |
|         113 | Luis        | Popp       |  6900.00 |
|         114 | Den         | Raphaely   | 11000.00 |
|         120 | Matthew     | Weiss      |  8000.00 |
|         121 | Adam        | Fripp      |  8200.00 |
|         122 | Payam       | Kaufling   |  7900.00 |
|         123 | Shanta      | Vollman    |  6500.00 |
|         145 | John        | Russell    | 14000.00 |
|         146 | Karen       | Partners   | 13500.00 |
|         147 | Alberto     | Errazuriz  | 12000.00 |
|         148 | Gerald      | Cambrault  | 11000.00 |
|         149 | Eleni       | Zlotkey    | 10500.00 |
|         150 | Peter       | Tucker     | 10000.00 |
|         151 | David       | Bernstein  |  9500.00 |
|         152 | Peter       | Hall       |  9000.00 |
|         153 | Christopher | Olsen      |  8000.00 |
|         154 | Nanette     | Cambrault  |  7500.00 |
|         155 | Oliver      | Tuvault    |  7000.00 |
|         156 | Janette     | King       | 10000.00 |
|         157 | Patrick     | Sully      |  9500.00 |
|         158 | Allan       | McEwen     |  9000.00 |
|         159 | Lindsey     | Smith      |  8000.00 |
|         160 | Louise      | Doran      |  7500.00 |
|         161 | Sarath      | Sewall     |  7000.00 |
|         162 | Clara       | Vishney    | 10500.00 |
|         163 | Danielle    | Greene     |  9500.00 |
|         164 | Mattea      | Marvins    |  7200.00 |
|         165 | David       | Lee        |  6800.00 |
|         166 | Sundar      | Ande       |  6400.00 |
|         167 | Amit        | Banda      |  6200.00 |
|         168 | Lisa        | Ozer       | 11500.00 |
|         169 | Harrison    | Bloom      | 10000.00 |
|         170 | Tayler      | Fox        |  9600.00 |
|         171 | William     | Smith      |  7400.00 |
|         172 | Elizabeth   | Bates      |  7300.00 |
|         173 | Sundita     | Kumar      |  6100.00 |
|         174 | Ellen       | Abel       | 11000.00 |
|         175 | Alyssa      | Hutton     |  8800.00 |
|         176 | Jonathon    | Taylor     |  8600.00 |
|         177 | Jack        | Livingston |  8400.00 |
|         178 | Kimberely   | Grant      |  7000.00 |
|         179 | Charles     | Johnson    |  6200.00 |
|         201 | Michael     | Hartstein  | 13000.00 |
|         202 | Pat         | Fay        |  6000.00 |
|         203 | Susan       | Mavris     |  6500.00 |
|         204 | Hermann     | Baer       | 10000.00 |
|         205 | Shelley     | Higgins    | 12000.00 |
|         206 | William     | Gietz      |  8300.00 |
+-------------+-------------+------------+----------+
57 rows in set (0.00 sec)

MariaDB [csd2204]> select employee_id, first_name, last_name, salary from employees WHERE salary > ANY(SELECT salary from employees where employee_ID IN (SELECT manager_id from employees WHERE manager_id <> employee_id) AND department_id IN(select department_id from departments where location_id IN (select location_id from locations where country_id ="US")));
+-------------+-------------+------------+----------+
| employee_id | first_name  | last_name  | salary   |
+-------------+-------------+------------+----------+
|         100 | Steven      | King       | 24000.00 |
|         101 | Neena       | Kochhar    | 17000.00 |
|         102 | Lex         | De Haan    | 17000.00 |
|         103 | Alexander   | Hunold     |  9000.00 |
|         104 | Bruce       | Ernst      |  6000.00 |
|         108 | Nancy       | Greenberg  | 12000.00 |
|         109 | Daniel      | Faviet     |  9000.00 |
|         110 | John        | Chen       |  8200.00 |
|         111 | Ismael      | Sciarra    |  7700.00 |
|         112 | Jose Manuel | Urman      |  7800.00 |
|         113 | Luis        | Popp       |  6900.00 |
|         114 | Den         | Raphaely   | 11000.00 |
|         120 | Matthew     | Weiss      |  8000.00 |
|         121 | Adam        | Fripp      |  8200.00 |
|         122 | Payam       | Kaufling   |  7900.00 |
|         123 | Shanta      | Vollman    |  6500.00 |
|         145 | John        | Russell    | 14000.00 |
|         146 | Karen       | Partners   | 13500.00 |
|         147 | Alberto     | Errazuriz  | 12000.00 |
|         148 | Gerald      | Cambrault  | 11000.00 |
|         149 | Eleni       | Zlotkey    | 10500.00 |
|         150 | Peter       | Tucker     | 10000.00 |
|         151 | David       | Bernstein  |  9500.00 |
|         152 | Peter       | Hall       |  9000.00 |
|         153 | Christopher | Olsen      |  8000.00 |
|         154 | Nanette     | Cambrault  |  7500.00 |
|         155 | Oliver      | Tuvault    |  7000.00 |
|         156 | Janette     | King       | 10000.00 |
|         157 | Patrick     | Sully      |  9500.00 |
|         158 | Allan       | McEwen     |  9000.00 |
|         159 | Lindsey     | Smith      |  8000.00 |
|         160 | Louise      | Doran      |  7500.00 |
|         161 | Sarath      | Sewall     |  7000.00 |
|         162 | Clara       | Vishney    | 10500.00 |
|         163 | Danielle    | Greene     |  9500.00 |
|         164 | Mattea      | Marvins    |  7200.00 |
|         165 | David       | Lee        |  6800.00 |
|         166 | Sundar      | Ande       |  6400.00 |
|         167 | Amit        | Banda      |  6200.00 |
|         168 | Lisa        | Ozer       | 11500.00 |
|         169 | Harrison    | Bloom      | 10000.00 |
|         170 | Tayler      | Fox        |  9600.00 |
|         171 | William     | Smith      |  7400.00 |
|         172 | Elizabeth   | Bates      |  7300.00 |
|         173 | Sundita     | Kumar      |  6100.00 |
|         174 | Ellen       | Abel       | 11000.00 |
|         175 | Alyssa      | Hutton     |  8800.00 |
|         176 | Jonathon    | Taylor     |  8600.00 |
|         177 | Jack        | Livingston |  8400.00 |
|         178 | Kimberely   | Grant      |  7000.00 |
|         179 | Charles     | Johnson    |  6200.00 |
|         201 | Michael     | Hartstein  | 13000.00 |
|         202 | Pat         | Fay        |  6000.00 |
|         203 | Susan       | Mavris     |  6500.00 |
|         204 | Hermann     | Baer       | 10000.00 |
|         205 | Shelley     | Higgins    | 12000.00 |
|         206 | William     | Gietz      |  8300.00 |
+-------------+-------------+------------+----------+
57 rows in set (0.00 sec)

MariaDB [csd2204]> select employee_id, first_name, last_name, salary from employees WHERE salary > ANY(SELECT salary from employees where employee_ID IN (SELECT manager_id from employees) AND department_id IN(select department_id from departments where location_id IN (select location_id from locations where country_id ="US")));
+-------------+-------------+------------+----------+
| employee_id | first_name  | last_name  | salary   |
+-------------+-------------+------------+----------+
|         100 | Steven      | King       | 24000.00 |
|         101 | Neena       | Kochhar    | 17000.00 |
|         102 | Lex         | De Haan    | 17000.00 |
|         103 | Alexander   | Hunold     |  9000.00 |
|         104 | Bruce       | Ernst      |  6000.00 |
|         108 | Nancy       | Greenberg  | 12000.00 |
|         109 | Daniel      | Faviet     |  9000.00 |
|         110 | John        | Chen       |  8200.00 |
|         111 | Ismael      | Sciarra    |  7700.00 |
|         112 | Jose Manuel | Urman      |  7800.00 |
|         113 | Luis        | Popp       |  6900.00 |
|         114 | Den         | Raphaely   | 11000.00 |
|         120 | Matthew     | Weiss      |  8000.00 |
|         121 | Adam        | Fripp      |  8200.00 |
|         122 | Payam       | Kaufling   |  7900.00 |
|         123 | Shanta      | Vollman    |  6500.00 |
|         145 | John        | Russell    | 14000.00 |
|         146 | Karen       | Partners   | 13500.00 |
|         147 | Alberto     | Errazuriz  | 12000.00 |
|         148 | Gerald      | Cambrault  | 11000.00 |
|         149 | Eleni       | Zlotkey    | 10500.00 |
|         150 | Peter       | Tucker     | 10000.00 |
|         151 | David       | Bernstein  |  9500.00 |
|         152 | Peter       | Hall       |  9000.00 |
|         153 | Christopher | Olsen      |  8000.00 |
|         154 | Nanette     | Cambrault  |  7500.00 |
|         155 | Oliver      | Tuvault    |  7000.00 |
|         156 | Janette     | King       | 10000.00 |
|         157 | Patrick     | Sully      |  9500.00 |
|         158 | Allan       | McEwen     |  9000.00 |
|         159 | Lindsey     | Smith      |  8000.00 |
|         160 | Louise      | Doran      |  7500.00 |
|         161 | Sarath      | Sewall     |  7000.00 |
|         162 | Clara       | Vishney    | 10500.00 |
|         163 | Danielle    | Greene     |  9500.00 |
|         164 | Mattea      | Marvins    |  7200.00 |
|         165 | David       | Lee        |  6800.00 |
|         166 | Sundar      | Ande       |  6400.00 |
|         167 | Amit        | Banda      |  6200.00 |
|         168 | Lisa        | Ozer       | 11500.00 |
|         169 | Harrison    | Bloom      | 10000.00 |
|         170 | Tayler      | Fox        |  9600.00 |
|         171 | William     | Smith      |  7400.00 |
|         172 | Elizabeth   | Bates      |  7300.00 |
|         173 | Sundita     | Kumar      |  6100.00 |
|         174 | Ellen       | Abel       | 11000.00 |
|         175 | Alyssa      | Hutton     |  8800.00 |
|         176 | Jonathon    | Taylor     |  8600.00 |
|         177 | Jack        | Livingston |  8400.00 |
|         178 | Kimberely   | Grant      |  7000.00 |
|         179 | Charles     | Johnson    |  6200.00 |
|         201 | Michael     | Hartstein  | 13000.00 |
|         202 | Pat         | Fay        |  6000.00 |
|         203 | Susan       | Mavris     |  6500.00 |
|         204 | Hermann     | Baer       | 10000.00 |
|         205 | Shelley     | Higgins    | 12000.00 |
|         206 | William     | Gietz      |  8300.00 |
+-------------+-------------+------------+----------+
57 rows in set (0.00 sec)

MariaDB [csd2204]> 
MariaDB [csd2204]> select employee_id, first_name, last_name, salary from employees WHERE NOT EXISTS(select * from employees where department_id=manager_id) WHERE salary > ANY(SELECT salary from employees where employee_ID IN (SELECT manager_id from employees) AND department_id IN(select department_id from departments where location_id IN (select location_id from locations where country_id ="US")));
ERROR 1064 (42000): You have an error in your SQL syntax; check the manual that corresponds to your MariaDB server version for the right syntax to use near 'WHERE salary > ANY(SELECT salary from employees where employee_ID IN (SELECT man' at line 1
MariaDB [csd2204]> select employee_id, first_name, last_name, salary from employees WHERE NOT EXISTS(select * from employees where department_id=manager_id) AND WHERE salary > ANY(SELECT salary from employees where employee_ID IN (SELECT manager_id from employees) AND department_id IN(select department_id from departments where location_id IN (select location_id from locations where country_id ="US")));
ERROR 1064 (42000): You have an error in your SQL syntax; check the manual that corresponds to your MariaDB server version for the right syntax to use near 'WHERE salary > ANY(SELECT salary from employees where employee_ID IN (SELECT man' at line 1
MariaDB [csd2204]> select employee_id, first_name, last_name, salary from employees WHERE NOT EXISTS(select * from employees where department_id=manager_id) AND (select salary from employees where salary) > ANY(SELECT salary from employees where employee_ID IN (SELECT manager_id from employees) AND department_id IN(select department_id from departments where location_id IN (select location_id from locations where country_id ="US")));
ERROR 1242 (21000): Subquery returns more than 1 row
MariaDB [csd2204]> select employee_id, first_name, last_name, salary from employees WHERE NOT EXISTS(select * from employees where department_id = manager_id) OR (select salary from employees where salary) > ANY(SELECT salary from employees where employee_ID IN (SELECT manager_id from employees) AND department_id IN(select department_id from departments where location_id IN (select location_id from locations where country_id ="US")));
ERROR 1242 (21000): Subquery returns more than 1 row
MariaDB [csd2204]> select employee_id, first_name, last_name, salary from employees WHERE NOT EXISTS(select * from employees where department_id=manager_id) AND (select salary from employees where salary) > ANY(SELECT salary from employees where employee_ID IN (SELECT manager_id from employees) AND department_id IN(select department_id from departments where location_id IN (select location_id from locations where country_id ="US")));
ERROR 1242 (21000): Subquery returns more than 1 row
MariaDB [csd2204]> select employee_id, first_name, last_name, salary from employees WHERE salary AND employee_id != manager_id > ANY(SELECT salary from employees where employee_ID IN (SELECT manager_id from employees) AND department_id IN(select department_id from departments where location_id IN (select location_id from locations where country_id ="US")));
Empty set (0.00 sec)

MariaDB [csd2204]> select employee_id, first_name, last_name, salary from employees WHERE salary AND (employee_id != manager_id) > ANY(SELECT salary from employees where employee_ID IN (SELECT manager_id from employees) AND department_id IN(select department_id from departments where location_id IN (select location_id from locations where country_id ="US")));
Empty set (0.00 sec)

MariaDB [csd2204]> select employee_id, first_name, last_name, salary from employees WHERE employee_id <> manager_id AND salary  > ANY(SELECT salary from employees where employee_ID IN (SELECT manager_id from employees) AND department_id IN(select department_id from departments where location_id IN (select location_id from locations where country_id ="US")));
+-------------+-------------+------------+----------+
| employee_id | first_name  | last_name  | salary   |
+-------------+-------------+------------+----------+
|         100 | Steven      | King       | 24000.00 |
|         101 | Neena       | Kochhar    | 17000.00 |
|         102 | Lex         | De Haan    | 17000.00 |
|         103 | Alexander   | Hunold     |  9000.00 |
|         104 | Bruce       | Ernst      |  6000.00 |
|         108 | Nancy       | Greenberg  | 12000.00 |
|         109 | Daniel      | Faviet     |  9000.00 |
|         110 | John        | Chen       |  8200.00 |
|         111 | Ismael      | Sciarra    |  7700.00 |
|         112 | Jose Manuel | Urman      |  7800.00 |
|         113 | Luis        | Popp       |  6900.00 |
|         114 | Den         | Raphaely   | 11000.00 |
|         120 | Matthew     | Weiss      |  8000.00 |
|         121 | Adam        | Fripp      |  8200.00 |
|         122 | Payam       | Kaufling   |  7900.00 |
|         123 | Shanta      | Vollman    |  6500.00 |
|         145 | John        | Russell    | 14000.00 |
|         146 | Karen       | Partners   | 13500.00 |
|         147 | Alberto     | Errazuriz  | 12000.00 |
|         148 | Gerald      | Cambrault  | 11000.00 |
|         149 | Eleni       | Zlotkey    | 10500.00 |
|         150 | Peter       | Tucker     | 10000.00 |
|         151 | David       | Bernstein  |  9500.00 |
|         152 | Peter       | Hall       |  9000.00 |
|         153 | Christopher | Olsen      |  8000.00 |
|         154 | Nanette     | Cambrault  |  7500.00 |
|         155 | Oliver      | Tuvault    |  7000.00 |
|         156 | Janette     | King       | 10000.00 |
|         157 | Patrick     | Sully      |  9500.00 |
|         158 | Allan       | McEwen     |  9000.00 |
|         159 | Lindsey     | Smith      |  8000.00 |
|         160 | Louise      | Doran      |  7500.00 |
|         161 | Sarath      | Sewall     |  7000.00 |
|         162 | Clara       | Vishney    | 10500.00 |
|         163 | Danielle    | Greene     |  9500.00 |
|         164 | Mattea      | Marvins    |  7200.00 |
|         165 | David       | Lee        |  6800.00 |
|         166 | Sundar      | Ande       |  6400.00 |
|         167 | Amit        | Banda      |  6200.00 |
|         168 | Lisa        | Ozer       | 11500.00 |
|         169 | Harrison    | Bloom      | 10000.00 |
|         170 | Tayler      | Fox        |  9600.00 |
|         171 | William     | Smith      |  7400.00 |
|         172 | Elizabeth   | Bates      |  7300.00 |
|         173 | Sundita     | Kumar      |  6100.00 |
|         174 | Ellen       | Abel       | 11000.00 |
|         175 | Alyssa      | Hutton     |  8800.00 |
|         176 | Jonathon    | Taylor     |  8600.00 |
|         177 | Jack        | Livingston |  8400.00 |
|         178 | Kimberely   | Grant      |  7000.00 |
|         179 | Charles     | Johnson    |  6200.00 |
|         201 | Michael     | Hartstein  | 13000.00 |
|         202 | Pat         | Fay        |  6000.00 |
|         203 | Susan       | Mavris     |  6500.00 |
|         204 | Hermann     | Baer       | 10000.00 |
|         205 | Shelley     | Higgins    | 12000.00 |
|         206 | William     | Gietz      |  8300.00 |
+-------------+-------------+------------+----------+
57 rows in set (0.00 sec)

MariaDB [csd2204]> select employee_id, first_name, last_name, salary from employees WHERE (employee_id <> manager_id) AND salary  > ANY(SELECT salary from employees where employee_ID IN (SELECT manager_id from employees) AND department_id IN(select department_id from departments where location_id IN (select location_id from locations where country_id ="US")));
+-------------+-------------+------------+----------+
| employee_id | first_name  | last_name  | salary   |
+-------------+-------------+------------+----------+
|         100 | Steven      | King       | 24000.00 |
|         101 | Neena       | Kochhar    | 17000.00 |
|         102 | Lex         | De Haan    | 17000.00 |
|         103 | Alexander   | Hunold     |  9000.00 |
|         104 | Bruce       | Ernst      |  6000.00 |
|         108 | Nancy       | Greenberg  | 12000.00 |
|         109 | Daniel      | Faviet     |  9000.00 |
|         110 | John        | Chen       |  8200.00 |
|         111 | Ismael      | Sciarra    |  7700.00 |
|         112 | Jose Manuel | Urman      |  7800.00 |
|         113 | Luis        | Popp       |  6900.00 |
|         114 | Den         | Raphaely   | 11000.00 |
|         120 | Matthew     | Weiss      |  8000.00 |
|         121 | Adam        | Fripp      |  8200.00 |
|         122 | Payam       | Kaufling   |  7900.00 |
|         123 | Shanta      | Vollman    |  6500.00 |
|         145 | John        | Russell    | 14000.00 |
|         146 | Karen       | Partners   | 13500.00 |
|         147 | Alberto     | Errazuriz  | 12000.00 |
|         148 | Gerald      | Cambrault  | 11000.00 |
|         149 | Eleni       | Zlotkey    | 10500.00 |
|         150 | Peter       | Tucker     | 10000.00 |
|         151 | David       | Bernstein  |  9500.00 |
|         152 | Peter       | Hall       |  9000.00 |
|         153 | Christopher | Olsen      |  8000.00 |
|         154 | Nanette     | Cambrault  |  7500.00 |
|         155 | Oliver      | Tuvault    |  7000.00 |
|         156 | Janette     | King       | 10000.00 |
|         157 | Patrick     | Sully      |  9500.00 |
|         158 | Allan       | McEwen     |  9000.00 |
|         159 | Lindsey     | Smith      |  8000.00 |
|         160 | Louise      | Doran      |  7500.00 |
|         161 | Sarath      | Sewall     |  7000.00 |
|         162 | Clara       | Vishney    | 10500.00 |
|         163 | Danielle    | Greene     |  9500.00 |
|         164 | Mattea      | Marvins    |  7200.00 |
|         165 | David       | Lee        |  6800.00 |
|         166 | Sundar      | Ande       |  6400.00 |
|         167 | Amit        | Banda      |  6200.00 |
|         168 | Lisa        | Ozer       | 11500.00 |
|         169 | Harrison    | Bloom      | 10000.00 |
|         170 | Tayler      | Fox        |  9600.00 |
|         171 | William     | Smith      |  7400.00 |
|         172 | Elizabeth   | Bates      |  7300.00 |
|         173 | Sundita     | Kumar      |  6100.00 |
|         174 | Ellen       | Abel       | 11000.00 |
|         175 | Alyssa      | Hutton     |  8800.00 |
|         176 | Jonathon    | Taylor     |  8600.00 |
|         177 | Jack        | Livingston |  8400.00 |
|         178 | Kimberely   | Grant      |  7000.00 |
|         179 | Charles     | Johnson    |  6200.00 |
|         201 | Michael     | Hartstein  | 13000.00 |
|         202 | Pat         | Fay        |  6000.00 |
|         203 | Susan       | Mavris     |  6500.00 |
|         204 | Hermann     | Baer       | 10000.00 |
|         205 | Shelley     | Higgins    | 12000.00 |
|         206 | William     | Gietz      |  8300.00 |
+-------------+-------------+------------+----------+
57 rows in set (0.00 sec)

MariaDB [csd2204]> select employee_id, first_name, last_name, salary from employees WHERE (select *employees WHERE employee_id <> manager_id) AND salary  > ANY(SELECT salary from employees where employee_ID IN (SELECT manager_id from employees) AND department_id IN(select department_id from departments where location_id IN (select location_id from locations where country_id ="US")));
ERROR 1064 (42000): You have an error in your SQL syntax; check the manual that corresponds to your MariaDB server version for the right syntax to use near 'employees WHERE employee_id <> manager_id) AND salary  > ANY(SELECT salary from ' at line 1
MariaDB [csd2204]> select employee_id, first_name, last_name, salary from employees WHERE (employee_id <> manager_id) AND salary  > ANY(SELECT salary from employees where employee_ID IN (SELECT manager_id from employees) AND department_id IN(select department_id from departments where location_id IN (select location_id from locations where country_id ="US")));
+-------------+-------------+------------+----------+
| employee_id | first_name  | last_name  | salary   |
+-------------+-------------+------------+----------+
|         100 | Steven      | King       | 24000.00 |
|         101 | Neena       | Kochhar    | 17000.00 |
|         102 | Lex         | De Haan    | 17000.00 |
|         103 | Alexander   | Hunold     |  9000.00 |
|         104 | Bruce       | Ernst      |  6000.00 |
|         108 | Nancy       | Greenberg  | 12000.00 |
|         109 | Daniel      | Faviet     |  9000.00 |
|         110 | John        | Chen       |  8200.00 |
|         111 | Ismael      | Sciarra    |  7700.00 |
|         112 | Jose Manuel | Urman      |  7800.00 |
|         113 | Luis        | Popp       |  6900.00 |
|         114 | Den         | Raphaely   | 11000.00 |
|         120 | Matthew     | Weiss      |  8000.00 |
|         121 | Adam        | Fripp      |  8200.00 |
|         122 | Payam       | Kaufling   |  7900.00 |
|         123 | Shanta      | Vollman    |  6500.00 |
|         145 | John        | Russell    | 14000.00 |
|         146 | Karen       | Partners   | 13500.00 |
|         147 | Alberto     | Errazuriz  | 12000.00 |
|         148 | Gerald      | Cambrault  | 11000.00 |
|         149 | Eleni       | Zlotkey    | 10500.00 |
|         150 | Peter       | Tucker     | 10000.00 |
|         151 | David       | Bernstein  |  9500.00 |
|         152 | Peter       | Hall       |  9000.00 |
|         153 | Christopher | Olsen      |  8000.00 |
|         154 | Nanette     | Cambrault  |  7500.00 |
|         155 | Oliver      | Tuvault    |  7000.00 |
|         156 | Janette     | King       | 10000.00 |
|         157 | Patrick     | Sully      |  9500.00 |
|         158 | Allan       | McEwen     |  9000.00 |
|         159 | Lindsey     | Smith      |  8000.00 |
|         160 | Louise      | Doran      |  7500.00 |
|         161 | Sarath      | Sewall     |  7000.00 |
|         162 | Clara       | Vishney    | 10500.00 |
|         163 | Danielle    | Greene     |  9500.00 |
|         164 | Mattea      | Marvins    |  7200.00 |
|         165 | David       | Lee        |  6800.00 |
|         166 | Sundar      | Ande       |  6400.00 |
|         167 | Amit        | Banda      |  6200.00 |
|         168 | Lisa        | Ozer       | 11500.00 |
|         169 | Harrison    | Bloom      | 10000.00 |
|         170 | Tayler      | Fox        |  9600.00 |
|         171 | William     | Smith      |  7400.00 |
|         172 | Elizabeth   | Bates      |  7300.00 |
|         173 | Sundita     | Kumar      |  6100.00 |
|         174 | Ellen       | Abel       | 11000.00 |
|         175 | Alyssa      | Hutton     |  8800.00 |
|         176 | Jonathon    | Taylor     |  8600.00 |
|         177 | Jack        | Livingston |  8400.00 |
|         178 | Kimberely   | Grant      |  7000.00 |
|         179 | Charles     | Johnson    |  6200.00 |
|         201 | Michael     | Hartstein  | 13000.00 |
|         202 | Pat         | Fay        |  6000.00 |
|         203 | Susan       | Mavris     |  6500.00 |
|         204 | Hermann     | Baer       | 10000.00 |
|         205 | Shelley     | Higgins    | 12000.00 |
|         206 | William     | Gietz      |  8300.00 |
+-------------+-------------+------------+----------+
57 rows in set (0.00 sec)

MariaDB [csd2204]> select employee_id, first_name, last_name, salary from employees WHERE employee_id <> manager_id AND salary  > ANY(SELECT salary from employees where employee_ID IN (SELECT manager_id from employees) AND department_id IN(select department_id from departments where location_id IN (select location_id from locations where country_id ="US")));
+-------------+-------------+------------+----------+
| employee_id | first_name  | last_name  | salary   |
+-------------+-------------+------------+----------+
|         100 | Steven      | King       | 24000.00 |
|         101 | Neena       | Kochhar    | 17000.00 |
|         102 | Lex         | De Haan    | 17000.00 |
|         103 | Alexander   | Hunold     |  9000.00 |
|         104 | Bruce       | Ernst      |  6000.00 |
|         108 | Nancy       | Greenberg  | 12000.00 |
|         109 | Daniel      | Faviet     |  9000.00 |
|         110 | John        | Chen       |  8200.00 |
|         111 | Ismael      | Sciarra    |  7700.00 |
|         112 | Jose Manuel | Urman      |  7800.00 |
|         113 | Luis        | Popp       |  6900.00 |
|         114 | Den         | Raphaely   | 11000.00 |
|         120 | Matthew     | Weiss      |  8000.00 |
|         121 | Adam        | Fripp      |  8200.00 |
|         122 | Payam       | Kaufling   |  7900.00 |
|         123 | Shanta      | Vollman    |  6500.00 |
|         145 | John        | Russell    | 14000.00 |
|         146 | Karen       | Partners   | 13500.00 |
|         147 | Alberto     | Errazuriz  | 12000.00 |
|         148 | Gerald      | Cambrault  | 11000.00 |
|         149 | Eleni       | Zlotkey    | 10500.00 |
|         150 | Peter       | Tucker     | 10000.00 |
|         151 | David       | Bernstein  |  9500.00 |
|         152 | Peter       | Hall       |  9000.00 |
|         153 | Christopher | Olsen      |  8000.00 |
|         154 | Nanette     | Cambrault  |  7500.00 |
|         155 | Oliver      | Tuvault    |  7000.00 |
|         156 | Janette     | King       | 10000.00 |
|         157 | Patrick     | Sully      |  9500.00 |
|         158 | Allan       | McEwen     |  9000.00 |
|         159 | Lindsey     | Smith      |  8000.00 |
|         160 | Louise      | Doran      |  7500.00 |
|         161 | Sarath      | Sewall     |  7000.00 |
|         162 | Clara       | Vishney    | 10500.00 |
|         163 | Danielle    | Greene     |  9500.00 |
|         164 | Mattea      | Marvins    |  7200.00 |
|         165 | David       | Lee        |  6800.00 |
|         166 | Sundar      | Ande       |  6400.00 |
|         167 | Amit        | Banda      |  6200.00 |
|         168 | Lisa        | Ozer       | 11500.00 |
|         169 | Harrison    | Bloom      | 10000.00 |
|         170 | Tayler      | Fox        |  9600.00 |
|         171 | William     | Smith      |  7400.00 |
|         172 | Elizabeth   | Bates      |  7300.00 |
|         173 | Sundita     | Kumar      |  6100.00 |
|         174 | Ellen       | Abel       | 11000.00 |
|         175 | Alyssa      | Hutton     |  8800.00 |
|         176 | Jonathon    | Taylor     |  8600.00 |
|         177 | Jack        | Livingston |  8400.00 |
|         178 | Kimberely   | Grant      |  7000.00 |
|         179 | Charles     | Johnson    |  6200.00 |
|         201 | Michael     | Hartstein  | 13000.00 |
|         202 | Pat         | Fay        |  6000.00 |
|         203 | Susan       | Mavris     |  6500.00 |
|         204 | Hermann     | Baer       | 10000.00 |
|         205 | Shelley     | Higgins    | 12000.00 |
|         206 | William     | Gietz      |  8300.00 |
+-------------+-------------+------------+----------+
57 rows in set (0.00 sec)

MariaDB [csd2204]> select employee_id, first_name, last_name, salary from employees WHERE salary IN (select* from employees where NOT EXISTS(select* from   > ANY(SELECT salary from employees where employee_ID IN (SELECT manager_id from employees) AND department_id IN(select department_id from departments where location_id IN (select location_id from locations where country_id ="US")));
ERROR 1064 (42000): You have an error in your SQL syntax; check the manual that corresponds to your MariaDB server version for the right syntax to use near '> ANY(SELECT salary from employees where employee_ID IN (SELECT manager_id from ' at line 1
MariaDB [csd2204]> select employee_id, first_name, last_name, salary from employees WHERE salary > ANY(SELECT salary from employees where employee_ID IN (SELECT manager_id from employees) AND department_id IN(select department_id from departments where location_id IN (select location_id from locations where country_id ="US"))) AND employee_id NOT IN(SELECT manager_id FROM employees);
+-------------+-------------+------------+----------+
| employee_id | first_name  | last_name  | salary   |
+-------------+-------------+------------+----------+
|         104 | Bruce       | Ernst      |  6000.00 |
|         109 | Daniel      | Faviet     |  9000.00 |
|         110 | John        | Chen       |  8200.00 |
|         111 | Ismael      | Sciarra    |  7700.00 |
|         112 | Jose Manuel | Urman      |  7800.00 |
|         113 | Luis        | Popp       |  6900.00 |
|         150 | Peter       | Tucker     | 10000.00 |
|         151 | David       | Bernstein  |  9500.00 |
|         152 | Peter       | Hall       |  9000.00 |
|         153 | Christopher | Olsen      |  8000.00 |
|         154 | Nanette     | Cambrault  |  7500.00 |
|         155 | Oliver      | Tuvault    |  7000.00 |
|         156 | Janette     | King       | 10000.00 |
|         157 | Patrick     | Sully      |  9500.00 |
|         158 | Allan       | McEwen     |  9000.00 |
|         159 | Lindsey     | Smith      |  8000.00 |
|         160 | Louise      | Doran      |  7500.00 |
|         161 | Sarath      | Sewall     |  7000.00 |
|         162 | Clara       | Vishney    | 10500.00 |
|         163 | Danielle    | Greene     |  9500.00 |
|         164 | Mattea      | Marvins    |  7200.00 |
|         165 | David       | Lee        |  6800.00 |
|         166 | Sundar      | Ande       |  6400.00 |
|         167 | Amit        | Banda      |  6200.00 |
|         168 | Lisa        | Ozer       | 11500.00 |
|         169 | Harrison    | Bloom      | 10000.00 |
|         170 | Tayler      | Fox        |  9600.00 |
|         171 | William     | Smith      |  7400.00 |
|         172 | Elizabeth   | Bates      |  7300.00 |
|         173 | Sundita     | Kumar      |  6100.00 |
|         174 | Ellen       | Abel       | 11000.00 |
|         175 | Alyssa      | Hutton     |  8800.00 |
|         176 | Jonathon    | Taylor     |  8600.00 |
|         177 | Jack        | Livingston |  8400.00 |
|         178 | Kimberely   | Grant      |  7000.00 |
|         179 | Charles     | Johnson    |  6200.00 |
|         202 | Pat         | Fay        |  6000.00 |
|         203 | Susan       | Mavris     |  6500.00 |
|         204 | Hermann     | Baer       | 10000.00 |
|         206 | William     | Gietz      |  8300.00 |
+-------------+-------------+------------+----------+
40 rows in set (0.00 sec)

MariaDB [csd2204]> select employee_id, first_name, last_name, salary from employees WHERE salary > ANY(SELECT salary from employees where employee_ID IN (SELECT manager_id from employees) AND department_id IN(select department_id from departments where location_id IN (select location_id from locations where country_id ="US"))) AND employee_id NOT IN(SELECT manager_id FROM employees);
+-------------+-------------+------------+----------+
| employee_id | first_name  | last_name  | salary   |
+-------------+-------------+------------+----------+
|         104 | Bruce       | Ernst      |  6000.00 |
|         109 | Daniel      | Faviet     |  9000.00 |
|         110 | John        | Chen       |  8200.00 |
|         111 | Ismael      | Sciarra    |  7700.00 |
|         112 | Jose Manuel | Urman      |  7800.00 |
|         113 | Luis        | Popp       |  6900.00 |
|         150 | Peter       | Tucker     | 10000.00 |
|         151 | David       | Bernstein  |  9500.00 |
|         152 | Peter       | Hall       |  9000.00 |
|         153 | Christopher | Olsen      |  8000.00 |
|         154 | Nanette     | Cambrault  |  7500.00 |
|         155 | Oliver      | Tuvault    |  7000.00 |
|         156 | Janette     | King       | 10000.00 |
|         157 | Patrick     | Sully      |  9500.00 |
|         158 | Allan       | McEwen     |  9000.00 |
|         159 | Lindsey     | Smith      |  8000.00 |
|         160 | Louise      | Doran      |  7500.00 |
|         161 | Sarath      | Sewall     |  7000.00 |
|         162 | Clara       | Vishney    | 10500.00 |
|         163 | Danielle    | Greene     |  9500.00 |
|         164 | Mattea      | Marvins    |  7200.00 |
|         165 | David       | Lee        |  6800.00 |
|         166 | Sundar      | Ande       |  6400.00 |
|         167 | Amit        | Banda      |  6200.00 |
|         168 | Lisa        | Ozer       | 11500.00 |
|         169 | Harrison    | Bloom      | 10000.00 |
|         170 | Tayler      | Fox        |  9600.00 |
|         171 | William     | Smith      |  7400.00 |
|         172 | Elizabeth   | Bates      |  7300.00 |
|         173 | Sundita     | Kumar      |  6100.00 |
|         174 | Ellen       | Abel       | 11000.00 |
|         175 | Alyssa      | Hutton     |  8800.00 |
|         176 | Jonathon    | Taylor     |  8600.00 |
|         177 | Jack        | Livingston |  8400.00 |
|         178 | Kimberely   | Grant      |  7000.00 |
|         179 | Charles     | Johnson    |  6200.00 |
|         202 | Pat         | Fay        |  6000.00 |
|         203 | Susan       | Mavris     |  6500.00 |
|         204 | Hermann     | Baer       | 10000.00 |
|         206 | William     | Gietz      |  8300.00 |
+-------------+-------------+------------+----------+
40 rows in set (0.01 sec)

MariaDB [csd2204]> SET @i = 0;
Query OK, 0 rows affected (0.00 sec)

MariaDB [csd2204]> SELECT i, employee_id FROM(SELECt @i := @i+1, employee_id FROM employees) a WHERE MOD(a.i,2)=0;
ERROR 1054 (42S22): Unknown column 'i' in 'field list'
MariaDB [csd2204]> SELECT i, employee_id FROM (SELECt @i := @i+1 AS i, employee_id FROM employees) a WHERE MOD(a.i,2)=0;
+------+-------------+
| i    | employee_id |
+------+-------------+
|    2 |         101 |
|    4 |         103 |
|    6 |         105 |
|    8 |         107 |
|   10 |         109 |
|   12 |         111 |
|   14 |         113 |
|   16 |         115 |
|   18 |         117 |
|   20 |         119 |
|   22 |         121 |
|   24 |         123 |
|   26 |         125 |
|   28 |         127 |
|   30 |         129 |
|   32 |         131 |
|   34 |         133 |
|   36 |         135 |
|   38 |         137 |
|   40 |         139 |
|   42 |         141 |
|   44 |         143 |
|   46 |         145 |
|   48 |         147 |
|   50 |         149 |
|   52 |         151 |
|   54 |         153 |
|   56 |         155 |
|   58 |         157 |
|   60 |         159 |
|   62 |         161 |
|   64 |         163 |
|   66 |         165 |
|   68 |         167 |
|   70 |         169 |
|   72 |         171 |
|   74 |         173 |
|   76 |         175 |
|   78 |         177 |
|   80 |         179 |
|   82 |         181 |
|   84 |         183 |
|   86 |         185 |
|   88 |         187 |
|   90 |         189 |
|   92 |         191 |
|   94 |         193 |
|   96 |         195 |
|   98 |         197 |
|  100 |         199 |
|  102 |         201 |
|  104 |         203 |
|  106 |         205 |
+------+-------------+
53 rows in set (0.00 sec)

MariaDB [csd2204]> SELECT DISTINCT salary FROM employees e1
    -> WHERE 5 = (SELECT COUNT(DISTINCT salary)
    -> FROM employees e2
    -> WHERE e2.salary >= e1.salary);
+----------+
| salary   |
+----------+
| 13000.00 |
+----------+
1 row in set (0.00 sec)

MariaDB [csd2204]> SELECT DISTINCT salary FROM employees e1  WHERE 5 = (SELECT COUNT(DISTINCT salary)FROM employees e2 WHERE e2.salary >= e1.salary);
+----------+
| salary   |
+----------+
| 13000.00 |
+----------+
1 row in set (0.02 sec)

MariaDB [csd2204]> SELECT DISTINCT salary FROM employees e1  WHERE 4 = (SELECT COUNT(DISTINCT salary)FROM employees e2 WHERE e2.salary >= e1.salary);
+----------+
| salary   |
+----------+
| 13500.00 |
+----------+
1 row in set (0.00 sec)

MariaDB [csd2204]> SELECT DISTINCT salary FROM employees e1  WHERE 4 = (SELECT COUNT(DISTINCT salary)FROM employees e2 WHERE e2.salary <= e1.salary);
+---------+
| salary  |
+---------+
| 2500.00 |
+---------+
1 row in set (0.00 sec)

MariaDB [csd2204]> select* from (select*from employees ORDER BY employee_id DESC LIMIT 10) ORDER BY employee_id ASC;
ERROR 1248 (42000): Every derived table must have its own alias
MariaDB [csd2204]> select* from (select*from employees ORDER BY employee_id DESC LIMIT 10) e1 ORDER BY employee_id ASC;
+-------------+------------+-----------+----------+--------------+------------+------------+----------+----------------+------------+---------------+
| EMPLOYEE_ID | FIRST_NAME | LAST_NAME | EMAIL    | PHONE_NUMBER | HIRE_DATE  | JOB_ID     | SALARY   | COMMISSION_PCT | MANAGER_ID | DEPARTMENT_ID |
+-------------+------------+-----------+----------+--------------+------------+------------+----------+----------------+------------+---------------+
|         197 | Kevin      | Feeney    | KFEENEY  | 650.507.9822 | 1987-09-22 | SH_CLERK   |  3000.00 |           0.00 |        124 |            50 |
|         198 | Donald     | OConnell  | DOCONNEL | 650.507.9833 | 1987-09-23 | SH_CLERK   |  2600.00 |           0.00 |        124 |            50 |
|         199 | Douglas    | Grant     | DGRANT   | 650.507.9844 | 1987-09-24 | SH_CLERK   |  2600.00 |           0.00 |        124 |            50 |
|         200 | Jennifer   | Whalen    | JWHALEN  | 515.123.4444 | 1987-09-25 | AD_ASST    |  4400.00 |           0.00 |        101 |            10 |
|         201 | Michael    | Hartstein | MHARTSTE | 515.123.5555 | 1987-09-26 | MK_MAN     | 13000.00 |           0.00 |        100 |            20 |
|         202 | Pat        | Fay       | PFAY     | 603.123.6666 | 1987-09-27 | MK_REP     |  6000.00 |           0.00 |        201 |            20 |
|         203 | Susan      | Mavris    | SMAVRIS  | 515.123.7777 | 1987-09-28 | HR_REP     |  6500.00 |           0.00 |        101 |            40 |
|         204 | Hermann    | Baer      | HBAER    | 515.123.8888 | 1987-09-29 | PR_REP     | 10000.00 |           0.00 |        101 |            70 |
|         205 | Shelley    | Higgins   | SHIGGINS | 515.123.8080 | 1987-09-30 | AC_MGR     | 12000.00 |           0.00 |        101 |           110 |
|         206 | William    | Gietz     | WGIETZ   | 515.123.8181 | 1987-10-01 | AC_ACCOUNT |  8300.00 |           0.00 |        205 |           110 |
+-------------+------------+-----------+----------+--------------+------------+------------+----------+----------------+------------+---------------+
10 rows in set (0.00 sec)

MariaDB [csd2204]> select * from employees
    -> ;
+-------------+-------------+-------------+----------+--------------------+------------+------------+----------+----------------+------------+---------------+
| EMPLOYEE_ID | FIRST_NAME  | LAST_NAME   | EMAIL    | PHONE_NUMBER       | HIRE_DATE  | JOB_ID     | SALARY   | COMMISSION_PCT | MANAGER_ID | DEPARTMENT_ID |
+-------------+-------------+-------------+----------+--------------------+------------+------------+----------+----------------+------------+---------------+
|         100 | Steven      | King        | SKING    | 515.123.4567       | 1987-06-17 | AD_PRES    | 24000.00 |           0.00 |          0 |            90 |
|         101 | Neena       | Kochhar     | NKOCHHAR | 515.123.4568       | 1987-06-18 | AD_VP      | 17000.00 |           0.00 |        100 |            90 |
|         102 | Lex         | De Haan     | LDEHAAN  | 515.123.4569       | 1987-06-19 | AD_VP      | 17000.00 |           0.00 |        100 |            90 |
|         103 | Alexander   | Hunold      | AHUNOLD  | 590.423.4567       | 1987-06-20 | IT_PROG    |  9000.00 |           0.00 |        102 |            60 |
|         104 | Bruce       | Ernst       | BERNST   | 590.423.4568       | 1987-06-21 | IT_PROG    |  6000.00 |           0.00 |        103 |            60 |
|         105 | David       | Austin      | DAUSTIN  | 590.423.4569       | 1987-06-22 | IT_PROG    |  4800.00 |           0.00 |        103 |            60 |
|         106 | Valli       | Pataballa   | VPATABAL | 590.423.4560       | 1987-06-23 | IT_PROG    |  4800.00 |           0.00 |        103 |            60 |
|         107 | Diana       | Lorentz     | DLORENTZ | 590.423.5567       | 1987-06-24 | IT_PROG    |  4200.00 |           0.00 |        103 |            60 |
|         108 | Nancy       | Greenberg   | NGREENBE | 515.124.4569       | 1987-06-25 | FI_MGR     | 12000.00 |           0.00 |        101 |           100 |
|         109 | Daniel      | Faviet      | DFAVIET  | 515.124.4169       | 1987-06-26 | FI_ACCOUNT |  9000.00 |           0.00 |        108 |           100 |
|         110 | John        | Chen        | JCHEN    | 515.124.4269       | 1987-06-27 | FI_ACCOUNT |  8200.00 |           0.00 |        108 |           100 |
|         111 | Ismael      | Sciarra     | ISCIARRA | 515.124.4369       | 1987-06-28 | FI_ACCOUNT |  7700.00 |           0.00 |        108 |           100 |
|         112 | Jose Manuel | Urman       | JMURMAN  | 515.124.4469       | 1987-06-29 | FI_ACCOUNT |  7800.00 |           0.00 |        108 |           100 |
|         113 | Luis        | Popp        | LPOPP    | 515.124.4567       | 1987-06-30 | FI_ACCOUNT |  6900.00 |           0.00 |        108 |           100 |
|         114 | Den         | Raphaely    | DRAPHEAL | 515.127.4561       | 1987-07-01 | PU_MAN     | 11000.00 |           0.00 |        100 |            30 |
|         115 | Alexander   | Khoo        | AKHOO    | 515.127.4562       | 1987-07-02 | PU_CLERK   |  3100.00 |           0.00 |        114 |            30 |
|         116 | Shelli      | Baida       | SBAIDA   | 515.127.4563       | 1987-07-03 | PU_CLERK   |  2900.00 |           0.00 |        114 |            30 |
|         117 | Sigal       | Tobias      | STOBIAS  | 515.127.4564       | 1987-07-04 | PU_CLERK   |  2800.00 |           0.00 |        114 |            30 |
|         118 | Guy         | Himuro      | GHIMURO  | 515.127.4565       | 1987-07-05 | PU_CLERK   |  2600.00 |           0.00 |        114 |            30 |
|         119 | Karen       | Colmenares  | KCOLMENA | 515.127.4566       | 1987-07-06 | PU_CLERK   |  2500.00 |           0.00 |        114 |            30 |
|         120 | Matthew     | Weiss       | MWEISS   | 650.123.1234       | 1987-07-07 | ST_MAN     |  8000.00 |           0.00 |        100 |            50 |
|         121 | Adam        | Fripp       | AFRIPP   | 650.123.2234       | 1987-07-08 | ST_MAN     |  8200.00 |           0.00 |        100 |            50 |
|         122 | Payam       | Kaufling    | PKAUFLIN | 650.123.3234       | 1987-07-09 | ST_MAN     |  7900.00 |           0.00 |        100 |            50 |
|         123 | Shanta      | Vollman     | SVOLLMAN | 650.123.4234       | 1987-07-10 | ST_MAN     |  6500.00 |           0.00 |        100 |            50 |
|         124 | Kevin       | Mourgos     | KMOURGOS | 650.123.5234       | 1987-07-11 | ST_MAN     |  5800.00 |           0.00 |        100 |            50 |
|         125 | Julia       | Nayer       | JNAYER   | 650.124.1214       | 1987-07-12 | ST_CLERK   |  3200.00 |           0.00 |        120 |            50 |
|         126 | Irene       | Mikkilineni | IMIKKILI | 650.124.1224       | 1987-07-13 | ST_CLERK   |  2700.00 |           0.00 |        120 |            50 |
|         127 | James       | Landry      | JLANDRY  | 650.124.1334       | 1987-07-14 | ST_CLERK   |  2400.00 |           0.00 |        120 |            50 |
|         128 | Steven      | Markle      | SMARKLE  | 650.124.1434       | 1987-07-15 | ST_CLERK   |  2200.00 |           0.00 |        120 |            50 |
|         129 | Laura       | Bissot      | LBISSOT  | 650.124.5234       | 1987-07-16 | ST_CLERK   |  3300.00 |           0.00 |        121 |            50 |
|         130 | Mozhe       | Atkinson    | MATKINSO | 650.124.6234       | 1987-07-17 | ST_CLERK   |  2800.00 |           0.00 |        121 |            50 |
|         131 | James       | Marlow      | JAMRLOW  | 650.124.7234       | 1987-07-18 | ST_CLERK   |  2500.00 |           0.00 |        121 |            50 |
|         132 | TJ          | Olson       | TJOLSON  | 650.124.8234       | 1987-07-19 | ST_CLERK   |  2100.00 |           0.00 |        121 |            50 |
|         133 | Jason       | Mallin      | JMALLIN  | 650.127.1934       | 1987-07-20 | ST_CLERK   |  3300.00 |           0.00 |        122 |            50 |
|         134 | Michael     | Rogers      | MROGERS  | 650.127.1834       | 1987-07-21 | ST_CLERK   |  2900.00 |           0.00 |        122 |            50 |
|         135 | Ki          | Gee         | KGEE     | 650.127.1734       | 1987-07-22 | ST_CLERK   |  2400.00 |           0.00 |        122 |            50 |
|         136 | Hazel       | Philtanker  | HPHILTAN | 650.127.1634       | 1987-07-23 | ST_CLERK   |  2200.00 |           0.00 |        122 |            50 |
|         137 | Renske      | Ladwig      | RLADWIG  | 650.121.1234       | 1987-07-24 | ST_CLERK   |  3600.00 |           0.00 |        123 |            50 |
|         138 | Stephen     | Stiles      | SSTILES  | 650.121.2034       | 1987-07-25 | ST_CLERK   |  3200.00 |           0.00 |        123 |            50 |
|         139 | John        | Seo         | JSEO     | 650.121.2019       | 1987-07-26 | ST_CLERK   |  2700.00 |           0.00 |        123 |            50 |
|         140 | Joshua      | Patel       | JPATEL   | 650.121.1834       | 1987-07-27 | ST_CLERK   |  2500.00 |           0.00 |        123 |            50 |
|         141 | Trenna      | Rajs        | TRAJS    | 650.121.8009       | 1987-07-28 | ST_CLERK   |  3500.00 |           0.00 |        124 |            50 |
|         142 | Curtis      | Davies      | CDAVIES  | 650.121.2994       | 1987-07-29 | ST_CLERK   |  3100.00 |           0.00 |        124 |            50 |
|         143 | Randall     | Matos       | RMATOS   | 650.121.2874       | 1987-07-30 | ST_CLERK   |  2600.00 |           0.00 |        124 |            50 |
|         144 | Peter       | Vargas      | PVARGAS  | 650.121.2004       | 1987-07-31 | ST_CLERK   |  2500.00 |           0.00 |        124 |            50 |
|         145 | John        | Russell     | JRUSSEL  | 011.44.1344.429268 | 1987-08-01 | SA_MAN     | 14000.00 |           0.40 |        100 |            80 |
|         146 | Karen       | Partners    | KPARTNER | 011.44.1344.467268 | 1987-08-02 | SA_MAN     | 13500.00 |           0.30 |        100 |            80 |
|         147 | Alberto     | Errazuriz   | AERRAZUR | 011.44.1344.429278 | 1987-08-03 | SA_MAN     | 12000.00 |           0.30 |        100 |            80 |
|         148 | Gerald      | Cambrault   | GCAMBRAU | 011.44.1344.619268 | 1987-08-04 | SA_MAN     | 11000.00 |           0.30 |        100 |            80 |
|         149 | Eleni       | Zlotkey     | EZLOTKEY | 011.44.1344.429018 | 1987-08-05 | SA_MAN     | 10500.00 |           0.20 |        100 |            80 |
|         150 | Peter       | Tucker      | PTUCKER  | 011.44.1344.129268 | 1987-08-06 | SA_REP     | 10000.00 |           0.30 |        145 |            80 |
|         151 | David       | Bernstein   | DBERNSTE | 011.44.1344.345268 | 1987-08-07 | SA_REP     |  9500.00 |           0.25 |        145 |            80 |
|         152 | Peter       | Hall        | PHALL    | 011.44.1344.478968 | 1987-08-08 | SA_REP     |  9000.00 |           0.25 |        145 |            80 |
|         153 | Christopher | Olsen       | COLSEN   | 011.44.1344.498718 | 1987-08-09 | SA_REP     |  8000.00 |           0.20 |        145 |            80 |
|         154 | Nanette     | Cambrault   | NCAMBRAU | 011.44.1344.987668 | 1987-08-10 | SA_REP     |  7500.00 |           0.20 |        145 |            80 |
|         155 | Oliver      | Tuvault     | OTUVAULT | 011.44.1344.486508 | 1987-08-11 | SA_REP     |  7000.00 |           0.15 |        145 |            80 |
|         156 | Janette     | King        | JKING    | 011.44.1345.429268 | 1987-08-12 | SA_REP     | 10000.00 |           0.35 |        146 |            80 |
|         157 | Patrick     | Sully       | PSULLY   | 011.44.1345.929268 | 1987-08-13 | SA_REP     |  9500.00 |           0.35 |        146 |            80 |
|         158 | Allan       | McEwen      | AMCEWEN  | 011.44.1345.829268 | 1987-08-14 | SA_REP     |  9000.00 |           0.35 |        146 |            80 |
|         159 | Lindsey     | Smith       | LSMITH   | 011.44.1345.729268 | 1987-08-15 | SA_REP     |  8000.00 |           0.30 |        146 |            80 |
|         160 | Louise      | Doran       | LDORAN   | 011.44.1345.629268 | 1987-08-16 | SA_REP     |  7500.00 |           0.30 |        146 |            80 |
|         161 | Sarath      | Sewall      | SSEWALL  | 011.44.1345.529268 | 1987-08-17 | SA_REP     |  7000.00 |           0.25 |        146 |            80 |
|         162 | Clara       | Vishney     | CVISHNEY | 011.44.1346.129268 | 1987-08-18 | SA_REP     | 10500.00 |           0.25 |        147 |            80 |
|         163 | Danielle    | Greene      | DGREENE  | 011.44.1346.229268 | 1987-08-19 | SA_REP     |  9500.00 |           0.15 |        147 |            80 |
|         164 | Mattea      | Marvins     | MMARVINS | 011.44.1346.329268 | 1987-08-20 | SA_REP     |  7200.00 |           0.10 |        147 |            80 |
|         165 | David       | Lee         | DLEE     | 011.44.1346.529268 | 1987-08-21 | SA_REP     |  6800.00 |           0.10 |        147 |            80 |
|         166 | Sundar      | Ande        | SANDE    | 011.44.1346.629268 | 1987-08-22 | SA_REP     |  6400.00 |           0.10 |        147 |            80 |
|         167 | Amit        | Banda       | ABANDA   | 011.44.1346.729268 | 1987-08-23 | SA_REP     |  6200.00 |           0.10 |        147 |            80 |
|         168 | Lisa        | Ozer        | LOZER    | 011.44.1343.929268 | 1987-08-24 | SA_REP     | 11500.00 |           0.25 |        148 |            80 |
|         169 | Harrison    | Bloom       | HBLOOM   | 011.44.1343.829268 | 1987-08-25 | SA_REP     | 10000.00 |           0.20 |        148 |            80 |
|         170 | Tayler      | Fox         | TFOX     | 011.44.1343.729268 | 1987-08-26 | SA_REP     |  9600.00 |           0.20 |        148 |            80 |
|         171 | William     | Smith       | WSMITH   | 011.44.1343.629268 | 1987-08-27 | SA_REP     |  7400.00 |           0.15 |        148 |            80 |
|         172 | Elizabeth   | Bates       | EBATES   | 011.44.1343.529268 | 1987-08-28 | SA_REP     |  7300.00 |           0.15 |        148 |            80 |
|         173 | Sundita     | Kumar       | SKUMAR   | 011.44.1343.329268 | 1987-08-29 | SA_REP     |  6100.00 |           0.10 |        148 |            80 |
|         174 | Ellen       | Abel        | EABEL    | 011.44.1644.429267 | 1987-08-30 | SA_REP     | 11000.00 |           0.30 |        149 |            80 |
|         175 | Alyssa      | Hutton      | AHUTTON  | 011.44.1644.429266 | 1987-08-31 | SA_REP     |  8800.00 |           0.25 |        149 |            80 |
|         176 | Jonathon    | Taylor      | JTAYLOR  | 011.44.1644.429265 | 1987-09-01 | SA_REP     |  8600.00 |           0.20 |        149 |            80 |
|         177 | Jack        | Livingston  | JLIVINGS | 011.44.1644.429264 | 1987-09-02 | SA_REP     |  8400.00 |           0.20 |        149 |            80 |
|         178 | Kimberely   | Grant       | KGRANT   | 011.44.1644.429263 | 1987-09-03 | SA_REP     |  7000.00 |           0.15 |        149 |             0 |
|         179 | Charles     | Johnson     | CJOHNSON | 011.44.1644.429262 | 1987-09-04 | SA_REP     |  6200.00 |           0.10 |        149 |            80 |
|         180 | Winston     | Taylor      | WTAYLOR  | 650.507.9876       | 1987-09-05 | SH_CLERK   |  3200.00 |           0.00 |        120 |            50 |
|         181 | Jean        | Fleaur      | JFLEAUR  | 650.507.9877       | 1987-09-06 | SH_CLERK   |  3100.00 |           0.00 |        120 |            50 |
|         182 | Martha      | Sullivan    | MSULLIVA | 650.507.9878       | 1987-09-07 | SH_CLERK   |  2500.00 |           0.00 |        120 |            50 |
|         183 | Girard      | Geoni       | GGEONI   | 650.507.9879       | 1987-09-08 | SH_CLERK   |  2800.00 |           0.00 |        120 |            50 |
|         184 | Nandita     | Sarchand    | NSARCHAN | 650.509.1876       | 1987-09-09 | SH_CLERK   |  4200.00 |           0.00 |        121 |            50 |
|         185 | Alexis      | Bull        | ABULL    | 650.509.2876       | 1987-09-10 | SH_CLERK   |  4100.00 |           0.00 |        121 |            50 |
|         186 | Julia       | Dellinger   | JDELLING | 650.509.3876       | 1987-09-11 | SH_CLERK   |  3400.00 |           0.00 |        121 |            50 |
|         187 | Anthony     | Cabrio      | ACABRIO  | 650.509.4876       | 1987-09-12 | SH_CLERK   |  3000.00 |           0.00 |        121 |            50 |
|         188 | Kelly       | Chung       | KCHUNG   | 650.505.1876       | 1987-09-13 | SH_CLERK   |  3800.00 |           0.00 |        122 |            50 |
|         189 | Jennifer    | Dilly       | JDILLY   | 650.505.2876       | 1987-09-14 | SH_CLERK   |  3600.00 |           0.00 |        122 |            50 |
|         190 | Timothy     | Gates       | TGATES   | 650.505.3876       | 1987-09-15 | SH_CLERK   |  2900.00 |           0.00 |        122 |            50 |
|         191 | Randall     | Perkins     | RPERKINS | 650.505.4876       | 1987-09-16 | SH_CLERK   |  2500.00 |           0.00 |        122 |            50 |
|         192 | Sarah       | Bell        | SBELL    | 650.501.1876       | 1987-09-17 | SH_CLERK   |  4000.00 |           0.00 |        123 |            50 |
|         193 | Britney     | Everett     | BEVERETT | 650.501.2876       | 1987-09-18 | SH_CLERK   |  3900.00 |           0.00 |        123 |            50 |
|         194 | Samuel      | McCain      | SMCCAIN  | 650.501.3876       | 1987-09-19 | SH_CLERK   |  3200.00 |           0.00 |        123 |            50 |
|         195 | Vance       | Jones       | VJONES   | 650.501.4876       | 1987-09-20 | SH_CLERK   |  2800.00 |           0.00 |        123 |            50 |
|         196 | Alana       | Walsh       | AWALSH   | 650.507.9811       | 1987-09-21 | SH_CLERK   |  3100.00 |           0.00 |        124 |            50 |
|         197 | Kevin       | Feeney      | KFEENEY  | 650.507.9822       | 1987-09-22 | SH_CLERK   |  3000.00 |           0.00 |        124 |            50 |
|         198 | Donald      | OConnell    | DOCONNEL | 650.507.9833       | 1987-09-23 | SH_CLERK   |  2600.00 |           0.00 |        124 |            50 |
|         199 | Douglas     | Grant       | DGRANT   | 650.507.9844       | 1987-09-24 | SH_CLERK   |  2600.00 |           0.00 |        124 |            50 |
|         200 | Jennifer    | Whalen      | JWHALEN  | 515.123.4444       | 1987-09-25 | AD_ASST    |  4400.00 |           0.00 |        101 |            10 |
|         201 | Michael     | Hartstein   | MHARTSTE | 515.123.5555       | 1987-09-26 | MK_MAN     | 13000.00 |           0.00 |        100 |            20 |
|         202 | Pat         | Fay         | PFAY     | 603.123.6666       | 1987-09-27 | MK_REP     |  6000.00 |           0.00 |        201 |            20 |
|         203 | Susan       | Mavris      | SMAVRIS  | 515.123.7777       | 1987-09-28 | HR_REP     |  6500.00 |           0.00 |        101 |            40 |
|         204 | Hermann     | Baer        | HBAER    | 515.123.8888       | 1987-09-29 | PR_REP     | 10000.00 |           0.00 |        101 |            70 |
|         205 | Shelley     | Higgins     | SHIGGINS | 515.123.8080       | 1987-09-30 | AC_MGR     | 12000.00 |           0.00 |        101 |           110 |
|         206 | William     | Gietz       | WGIETZ   | 515.123.8181       | 1987-10-01 | AC_ACCOUNT |  8300.00 |           0.00 |        205 |           110 |
+-------------+-------------+-------------+----------+--------------------+------------+------------+----------+----------------+------------+---------------+
107 rows in set (0.00 sec)

MariaDB [csd2204]> select department_id, department_name from departments;
+---------------+----------------------+
| department_id | department_name      |
+---------------+----------------------+
|            10 | Administration       |
|            20 | Marketing            |
|            30 | Purchasing           |
|            40 | Human Resources      |
|            50 | Shipping             |
|            60 | IT                   |
|            70 | Public Relations     |
|            80 | Sales                |
|            90 | Executive            |
|           100 | Finance              |
|           110 | Accounting           |
|           120 | Treasury             |
|           130 | Corporate Tax        |
|           140 | Control And Credit   |
|           150 | Shareholder Services |
|           160 | Benefits             |
|           170 | Manufacturing        |
|           180 | Construction         |
|           190 | Contracting          |
|           200 | Operations           |
|           210 | IT Support           |
|           220 | NOC                  |
|           230 | IT Helpdesk          |
|           240 | Government Sales     |
|           250 | Retail Sales         |
|           260 | Recruiting           |
|           270 | Payroll              |
+---------------+----------------------+
27 rows in set (0.00 sec)

MariaDB [csd2204]> select department_id, department_name from departments WHERE employee_ID <> department_id;
ERROR 1054 (42S22): Unknown column 'employee_ID' in 'where clause'
MariaDB [csd2204]> select department_id, department_name from departments WHERE  department_id = 0;
Empty set (0.00 sec)

MariaDB [csd2204]> SELECT * FROM departments
    -> WHERE department_id NOT IN (select
    -> department_id FROM employees);
+---------------+----------------------+------------+-------------+
| DEPARTMENT_ID | DEPARTMENT_NAME      | MANAGER_ID | LOCATION_ID |
+---------------+----------------------+------------+-------------+
|           120 | Treasury             |          0 |        1700 |
|           130 | Corporate Tax        |          0 |        1700 |
|           140 | Control And Credit   |          0 |        1700 |
|           150 | Shareholder Services |          0 |        1700 |
|           160 | Benefits             |          0 |        1700 |
|           170 | Manufacturing        |          0 |        1700 |
|           180 | Construction         |          0 |        1700 |
|           190 | Contracting          |          0 |        1700 |
|           200 | Operations           |          0 |        1700 |
|           210 | IT Support           |          0 |        1700 |
|           220 | NOC                  |          0 |        1700 |
|           230 | IT Helpdesk          |          0 |        1700 |
|           240 | Government Sales     |          0 |        1700 |
|           250 | Retail Sales         |          0 |        1700 |
|           260 | Recruiting           |          0 |        1700 |
|           270 | Payroll              |          0 |        1700 |
+---------------+----------------------+------------+-------------+
16 rows in set (0.00 sec)

MariaDB [csd2204]> SELECT department_id, department_name FROM departments WHERE department_id NOT IN(select department_id FROM employees);
+---------------+----------------------+
| department_id | department_name      |
+---------------+----------------------+
|           120 | Treasury             |
|           130 | Corporate Tax        |
|           140 | Control And Credit   |
|           150 | Shareholder Services |
|           160 | Benefits             |
|           170 | Manufacturing        |
|           180 | Construction         |
|           190 | Contracting          |
|           200 | Operations           |
|           210 | IT Support           |
|           220 | NOC                  |
|           230 | IT Helpdesk          |
|           240 | Government Sales     |
|           250 | Retail Sales         |
|           260 | Recruiting           |
|           270 | Payroll              |
+---------------+----------------------+
16 rows in set (0.00 sec)

MariaDB [csd2204]> SELECT DISTINCT salary FROM employees e1  WHERE 3 = (SELECT COUNT(DISTINCT salary)FROM employees e2 WHERE e2.salary >= e1.salary) ORDER BY a.salary DESC;
ERROR 1054 (42S22): Unknown column 'a.salary' in 'order clause'
MariaDB [csd2204]> SELECT DISTINCT salary FROM employees e1  WHERE 3 = (SELECT COUNT(DISTINCT salary)FROM employees e2 WHERE e2.salary >= e1.salary) ORDER BY e2.salary DESC;
ERROR 1054 (42S22): Unknown column 'e2.salary' in 'order clause'
MariaDB [csd2204]> SELECT DISTINCT salary FROM employees e1  WHERE 3 = (SELECT COUNT(DISTINCT salary)FROM employees e2 WHERE e2.salary >= e1.salary) ORDER BY e1.salary DESC;
+----------+
| salary   |
+----------+
| 14000.00 |
+----------+
1 row in set (0.00 sec)

MariaDB [csd2204]> SELECT DISTINCT salary FROM employees e1  WHERE 3 >= (SELECT COUNT(DISTINCT salary)FROM employees e2 WHERE e2.salary >= e1.salary) ORDER BY e1.salary DESC;
+----------+
| salary   |
+----------+
| 24000.00 |
| 17000.00 |
| 14000.00 |
+----------+
3 rows in set (0.02 sec)

MariaDB [csd2204]> SELECT DISTINCT salary FROM employees e1  WHERE 3 <= (SELECT COUNT(DISTINCT salary)FROM employees e2 WHERE e2.salary <= e1.salary) ORDER BY e1.salary DESC;
+----------+
| salary   |
+----------+
| 24000.00 |
| 17000.00 |
| 14000.00 |
| 13500.00 |
| 13000.00 |
| 12000.00 |
| 11500.00 |
| 11000.00 |
| 10500.00 |
| 10000.00 |
|  9600.00 |
|  9500.00 |
|  9000.00 |
|  8800.00 |
|  8600.00 |
|  8400.00 |
|  8300.00 |
|  8200.00 |
|  8000.00 |
|  7900.00 |
|  7800.00 |
|  7700.00 |
|  7500.00 |
|  7400.00 |
|  7300.00 |
|  7200.00 |
|  7000.00 |
|  6900.00 |
|  6800.00 |
|  6500.00 |
|  6400.00 |
|  6200.00 |
|  6100.00 |
|  6000.00 |
|  5800.00 |
|  4800.00 |
|  4400.00 |
|  4200.00 |
|  4100.00 |
|  4000.00 |
|  3900.00 |
|  3800.00 |
|  3600.00 |
|  3500.00 |
|  3400.00 |
|  3300.00 |
|  3200.00 |
|  3100.00 |
|  3000.00 |
|  2900.00 |
|  2800.00 |
|  2700.00 |
|  2600.00 |
|  2500.00 |
|  2400.00 |
+----------+
55 rows in set (0.01 sec)

MariaDB [csd2204]> SELECT DISTINCT salary FROM employees e1  WHERE 3 >= (SELECT COUNT(DISTINCT salary)FROM employees e2 WHERE e2.salary <= e1.salary) ORDER BY e1.salary DESC;
+---------+
| salary  |
+---------+
| 2400.00 |
| 2200.00 |
| 2100.00 |
+---------+
3 rows in set (0.01 sec)

MariaDB [csd2204]> SELECT DISTINCT salary FROM employees e1  WHERE 5 	= (SELECT COUNT(DISTINCT (e2.salary)) FROM employees e2 WHERE e2.salary > e1.salary);
+----------+
| salary   |
+----------+
| 12000.00 |
+----------+
1 row in set (0.00 sec)

MariaDB [csd2204]> 